
            ┐  ╖
        ╓╖╬│╡  ││╬╖╖
    ╓╖╬│││││┘  ╬│││││╬╖
 ╖╬│││││╬╜        ╙╬│││││╖╖                               ╗╗╗
 ╬╬╬╬╖││╦╖        ╖╬││╗╣╣╣╬      ╟╣╣╬    ╟╣╣╣             ╜╜╜  ╟╣╣
 ╬╬╬╬╬╬╬╬╖│╬╖╖╓╬╪│╓╣╣╣╣╣╣╣╬      ╟╣╣╬    ╟╣╣╣ ╒╣╣╖╗╣╣╣╗   ╣╣╣ ╣╣╣╣╣╣ ╟╣╣╖   ╣╣╣
 ╬╬╬╬┐  ╙╬╬╬╬│╓╣╣╣╝╜  ╫╣╣╣╬      ╟╣╣╬    ╟╣╣╣ ╟╣╣╣╙ ╙╣╣╣  ╣╣╣ ╙╟╣╣╜╙  ╫╣╣  ╟╣╣
 ╬╬╬╬┐     ╙╬╬╣╣      ╫╣╣╣╬      ╟╣╣╬    ╟╣╣╣ ╟╣╣╬   ╣╣╣  ╣╣╣  ╟╣╣     ╣╣╣┌╣╣╜
 ╬╬╬╜       ╬╬╣╣      ╙╝╣╣╬      ╙╣╣╣╗╖╓╗╣╣╣╜ ╟╣╣╬   ╣╣╣  ╣╣╣  ╟╣╣╦╓    ╣╣╣╣╣
 ╙   ╓╦╖    ╬╬╣╣   ╓╗╗╖            ╙╝╣╣╣╣╝╜   ╘╝╝╜   ╝╝╝  ╝╝╝   ╙╣╣╣    ╟╣╣╣
   ╩╬╬╬╬╬╬╦╦╬╬╣╣╗╣╣╣╣╣╣╣╝                                             ╫╣╣╣╣
      ╙╬╬╬╬╬╬╬╣╣╣╣╣╣╝╜
          ╙╬╬╬╣╣╣╜
             ╙
        
 Version information:
  ml-agents: 1.2.0.dev0,
  ml-agents-envs: 1.2.0.dev0,
  Communicator API: 1.5.0,
  PyTorch: 2.2.2+cu121
[WARNING] Training status file not found. Not all functions will resume properly.
[INFO] Connected to Unity environment with package version 4.0.2 and communication version 1.5.0
[INFO] Connected new brain: PuzzleBehavior?team=0
[INFO] Hyperparameters for behavior name PuzzleBehavior: 
	trainer_type:	sac
	hyperparameters:	
	  learning_rate:	0.0003
	  learning_rate_schedule:	constant
	  batch_size:	512
	  buffer_size:	200000
	  buffer_init_steps:	2000
	  tau:	0.005
	  steps_per_update:	20.0
	  save_replay_buffer:	False
	  init_entcoef:	0.5
	  reward_signal_steps_per_update:	20.0
	checkpoint_interval:	500000
	network_settings:	
	  normalize:	False
	  hidden_units:	256
	  num_layers:	3
	  vis_encode_type:	simple
	  memory:	None
	  goal_conditioning_type:	hyper
	  deterministic:	False
	reward_signals:	
	  extrinsic:	
	    gamma:	0.99
	    strength:	1.0
	    network_settings:	
	      normalize:	False
	      hidden_units:	128
	      num_layers:	2
	      vis_encode_type:	simple
	      memory:	None
	      goal_conditioning_type:	hyper
	      deterministic:	False
	  curiosity:	
	    gamma:	0.99
	    strength:	0.02
	    network_settings:	
	      normalize:	False
	      hidden_units:	128
	      num_layers:	2
	      vis_encode_type:	simple
	      memory:	None
	      goal_conditioning_type:	hyper
	      deterministic:	False
	    learning_rate:	0.0003
	    encoding_size:	None
	init_path:	None
	keep_checkpoints:	10
	even_checkpoints:	False
	max_steps:	1700000
	time_horizon:	128
	summary_freq:	20000
	threaded:	False
	self_play:	None
	behavioral_cloning:	None
[INFO] Resuming from C:\Users\Admin\Documents\GitHub\GraduationProject\GraduationProject\results\ctf_sac_v1\PuzzleBehavior.
[INFO] Resuming training from step 999936.
[INFO] PuzzleBehavior. Step: 1000000. Time Elapsed: 5.456 s. No episode was completed since last summary. Training.
C:\Users\Admin\miniconda3\envs\mlagents\lib\site-packages\torch\onnx\symbolic_opset9.py:1314: UserWarning: This model contains a squeeze operation on dimension 1. If the model is intended to be used with dynamic input shapes, please use opset version 11 to export the model.
  warnings.warn(
[INFO] Exported C:\Users\Admin\Documents\GitHub\GraduationProject\GraduationProject\results\ctf_sac_v1\PuzzleBehavior\PuzzleBehavior-999936.onnx
[WARNING] An agent recieved a Group Reward, but you are not using a multi-agent trainer. Please use the POCA trainer for best results.
C:\Users\Admin\miniconda3\envs\mlagents\lib\site-packages\torch\utils\_device.py:77: UserWarning: The use of `x.T` on tensors of dimension other than 2 to reverse their shape is deprecated and it will throw an error in a future release. Consider `x.mT` to transpose batches of matrices or `x.permute(*torch.arange(x.ndim - 1, -1, -1))` to reverse the dimensions of a tensor. (Triggered internally at ..\aten\src\ATen\native\TensorShape.cpp:3641.)
  return func(*args, **kwargs)
[INFO] PuzzleBehavior. Step: 1020000. Time Elapsed: 177.781 s. No episode was completed since last summary. Training.
[INFO] PuzzleBehavior. Step: 1040000. Time Elapsed: 400.455 s. No episode was completed since last summary. Training.
[INFO] PuzzleBehavior. Step: 1060000. Time Elapsed: 638.064 s. No episode was completed since last summary. Training.
[INFO] PuzzleBehavior. Step: 1080000. Time Elapsed: 873.857 s. Mean Reward: 0.092. Std of Reward: 0.051. Training.
[INFO] PuzzleBehavior. Step: 1100000. Time Elapsed: 1094.413 s. No episode was completed since last summary. Training.
[INFO] PuzzleBehavior. Step: 1120000. Time Elapsed: 1328.264 s. No episode was completed since last summary. Training.
[INFO] PuzzleBehavior. Step: 1140000. Time Elapsed: 1558.823 s. No episode was completed since last summary. Training.
[INFO] PuzzleBehavior. Step: 1160000. Time Elapsed: 1851.285 s. Mean Reward: 0.043. Std of Reward: 0.073. Training.
[INFO] PuzzleBehavior. Step: 1180000. Time Elapsed: 2082.754 s. No episode was completed since last summary. Training.
[INFO] PuzzleBehavior. Step: 1200000. Time Elapsed: 2381.518 s. No episode was completed since last summary. Training.
[INFO] PuzzleBehavior. Step: 1220000. Time Elapsed: 2645.361 s. No episode was completed since last summary. Training.
[INFO] PuzzleBehavior. Step: 1240000. Time Elapsed: 2923.874 s. Mean Reward: 0.013. Std of Reward: 0.051. Training.
[INFO] PuzzleBehavior. Step: 1260000. Time Elapsed: 3173.971 s. No episode was completed since last summary. Training.
[INFO] PuzzleBehavior. Step: 1280000. Time Elapsed: 3439.194 s. No episode was completed since last summary. Training.
[INFO] PuzzleBehavior. Step: 1300000. Time Elapsed: 3701.987 s. No episode was completed since last summary. Training.
[INFO] PuzzleBehavior. Step: 1320000. Time Elapsed: 3959.225 s. Mean Reward: 0.064. Std of Reward: 0.070. Training.
[INFO] PuzzleBehavior. Step: 1340000. Time Elapsed: 4179.139 s. No episode was completed since last summary. Training.
[INFO] PuzzleBehavior. Step: 1360000. Time Elapsed: 4441.404 s. No episode was completed since last summary. Training.
[INFO] PuzzleBehavior. Step: 1380000. Time Elapsed: 4713.633 s. No episode was completed since last summary. Training.
[INFO] PuzzleBehavior. Step: 1400000. Time Elapsed: 4987.949 s. Mean Reward: 0.044. Std of Reward: 0.059. Training.
[INFO] PuzzleBehavior. Step: 1420000. Time Elapsed: 5234.632 s. No episode was completed since last summary. Training.
[INFO] PuzzleBehavior. Step: 1440000. Time Elapsed: 5521.755 s. No episode was completed since last summary. Training.
[INFO] PuzzleBehavior. Step: 1460000. Time Elapsed: 5811.464 s. No episode was completed since last summary. Training.
[INFO] PuzzleBehavior. Step: 1480000. Time Elapsed: 6151.096 s. Mean Reward: 0.045. Std of Reward: 0.069. Training.
[INFO] PuzzleBehavior. Step: 1500000. Time Elapsed: 6387.702 s. No episode was completed since last summary. Training.
[INFO] Exported C:\Users\Admin\Documents\GitHub\GraduationProject\GraduationProject\results\ctf_sac_v1\PuzzleBehavior\PuzzleBehavior-1499904.onnx
[INFO] PuzzleBehavior. Step: 1520000. Time Elapsed: 6663.026 s. No episode was completed since last summary. Training.
[INFO] PuzzleBehavior. Step: 1540000. Time Elapsed: 6928.353 s. No episode was completed since last summary. Training.
[INFO] PuzzleBehavior. Step: 1560000. Time Elapsed: 7200.161 s. Mean Reward: 0.053. Std of Reward: 0.051. Training.
[INFO] PuzzleBehavior. Step: 1580000. Time Elapsed: 7443.020 s. No episode was completed since last summary. Training.
[INFO] PuzzleBehavior. Step: 1600000. Time Elapsed: 7739.404 s. No episode was completed since last summary. Training.
[INFO] PuzzleBehavior. Step: 1620000. Time Elapsed: 8016.582 s. No episode was completed since last summary. Training.
[INFO] PuzzleBehavior. Step: 1640000. Time Elapsed: 8296.581 s. Mean Reward: 0.087. Std of Reward: 0.048. Training.
[INFO] PuzzleBehavior. Step: 1660000. Time Elapsed: 8568.531 s. No episode was completed since last summary. Training.
[INFO] PuzzleBehavior. Step: 1680000. Time Elapsed: 8837.922 s. No episode was completed since last summary. Training.
[INFO] PuzzleBehavior. Step: 1700000. Time Elapsed: 9108.384 s. No episode was completed since last summary. Training.
[INFO] Exported C:\Users\Admin\Documents\GitHub\GraduationProject\GraduationProject\results\ctf_sac_v1\PuzzleBehavior\PuzzleBehavior-1701376.onnx
[INFO] Copied C:\Users\Admin\Documents\GitHub\GraduationProject\GraduationProject\results\ctf_sac_v1\PuzzleBehavior\PuzzleBehavior-1701376.onnx to C:\Users\Admin\Documents\GitHub\GraduationProject\GraduationProject\results\ctf_sac_v1\PuzzleBehavior.onnx.
