[INFO] Connected to Unity environment with package version 4.0.2 and communication version 1.5.0
[INFO] Connected new brain: CrossTheRoad?team=0

            ┐  ╖
        ╓╖╬│╡  ││╬╖╖
    ╓╖╬│││││┘  ╬│││││╬╖
 ╖╬│││││╬╜        ╙╬│││││╖╖                               ╗╗╗
 ╬╬╬╬╖││╦╖        ╖╬││╗╣╣╣╬      ╟╣╣╬    ╟╣╣╣             ╜╜╜  ╟╣╣
 ╬╬╬╬╬╬╬╬╖│╬╖╖╓╬╪│╓╣╣╣╣╣╣╣╬      ╟╣╣╬    ╟╣╣╣ ╒╣╣╖╗╣╣╣╗   ╣╣╣ ╣╣╣╣╣╣ ╟╣╣╖   ╣╣╣
 ╬╬╬╬┐  ╙╬╬╬╬│╓╣╣╣╝╜  ╫╣╣╣╬      ╟╣╣╬    ╟╣╣╣ ╟╣╣╣╙ ╙╣╣╣  ╣╣╣ ╙╟╣╣╜╙  ╫╣╣  ╟╣╣
 ╬╬╬╬┐     ╙╬╬╣╣      ╫╣╣╣╬      ╟╣╣╬    ╟╣╣╣ ╟╣╣╬   ╣╣╣  ╣╣╣  ╟╣╣     ╣╣╣┌╣╣╜
 ╬╬╬╜       ╬╬╣╣      ╙╝╣╣╬      ╙╣╣╣╗╖╓╗╣╣╣╜ ╟╣╣╬   ╣╣╣  ╣╣╣  ╟╣╣╦╓    ╣╣╣╣╣
 ╙   ╓╦╖    ╬╬╣╣   ╓╗╗╖            ╙╝╣╣╣╣╝╜   ╘╝╝╜   ╝╝╝  ╝╝╝   ╙╣╣╣    ╟╣╣╣
   ╩╬╬╬╬╬╬╦╦╬╬╣╣╗╣╣╣╣╣╣╣╝                                             ╫╣╣╣╣
      ╙╬╬╬╬╬╬╬╣╣╣╣╣╣╝╜
          ╙╬╬╬╣╣╣╜
             ╙
        
 Version information:
  ml-agents: 1.2.0.dev0,
  ml-agents-envs: 1.2.0.dev0,
  Communicator API: 1.5.0,
  PyTorch: 2.2.2+cu121
[INFO] Hyperparameters for behavior name CrossTheRoad: 
	trainer_type:	ppo
	hyperparameters:	
	  batch_size:	512
	  buffer_size:	10240
	  learning_rate:	0.0003
	  beta:	0.005
	  epsilon:	0.2
	  lambd:	0.99
	  num_epoch:	3
	  shared_critic:	False
	  learning_rate_schedule:	linear
	  beta_schedule:	linear
	  epsilon_schedule:	linear
	checkpoint_interval:	500000
	network_settings:	
	  normalize:	False
	  hidden_units:	128
	  num_layers:	2
	  vis_encode_type:	simple
	  memory:	None
	  goal_conditioning_type:	hyper
	  deterministic:	False
	reward_signals:	
	  extrinsic:	
	    gamma:	0.99
	    strength:	1.0
	    network_settings:	
	      normalize:	False
	      hidden_units:	128
	      num_layers:	2
	      vis_encode_type:	simple
	      memory:	None
	      goal_conditioning_type:	hyper
	      deterministic:	False
	  curiosity:	
	    gamma:	0.99
	    strength:	0.02
	    network_settings:	
	      normalize:	False
	      hidden_units:	128
	      num_layers:	2
	      vis_encode_type:	simple
	      memory:	None
	      goal_conditioning_type:	hyper
	      deterministic:	False
	    learning_rate:	0.0003
	    encoding_size:	None
	init_path:	None
	keep_checkpoints:	5
	even_checkpoints:	False
	max_steps:	2000000
	time_horizon:	64
	summary_freq:	10000
	threaded:	False
	self_play:	None
	behavioral_cloning:	None
C:\Users\Admin\miniconda3\envs\mlagents\lib\site-packages\torch\utils\_device.py:77: UserWarning: The use of `x.T` on tensors of dimension other than 2 to reverse their shape is deprecated and it will throw an error in a future release. Consider `x.mT` to transpose batches of matrices or `x.permute(*torch.arange(x.ndim - 1, -1, -1))` to reverse the dimensions of a tensor. (Triggered internally at ..\aten\src\ATen\native\TensorShape.cpp:3641.)
  return func(*args, **kwargs)
[INFO] CrossTheRoad. Step: 10000. Time Elapsed: 14.218 s. Mean Reward: -0.002. Std of Reward: 0.151. Training.
[INFO] CrossTheRoad. Step: 20000. Time Elapsed: 24.514 s. Mean Reward: 0.007. Std of Reward: 0.179. Training.
[INFO] CrossTheRoad. Step: 30000. Time Elapsed: 37.234 s. Mean Reward: 0.050. Std of Reward: 0.267. Training.
[INFO] CrossTheRoad. Step: 40000. Time Elapsed: 47.807 s. Mean Reward: 0.013. Std of Reward: 0.195. Training.
[INFO] CrossTheRoad. Step: 50000. Time Elapsed: 58.012 s. Mean Reward: 0.024. Std of Reward: 0.219. Training.
[INFO] CrossTheRoad. Step: 60000. Time Elapsed: 68.500 s. Mean Reward: 0.045. Std of Reward: 0.259. Training.
[INFO] CrossTheRoad. Step: 70000. Time Elapsed: 78.994 s. Mean Reward: 0.088. Std of Reward: 0.321. Training.
[INFO] CrossTheRoad. Step: 80000. Time Elapsed: 89.572 s. Mean Reward: 0.121. Std of Reward: 0.358. Training.
[INFO] CrossTheRoad. Step: 90000. Time Elapsed: 100.122 s. Mean Reward: 0.163. Std of Reward: 0.396. Training.
[INFO] CrossTheRoad. Step: 100000. Time Elapsed: 110.844 s. Mean Reward: 0.136. Std of Reward: 0.373. Training.
[INFO] CrossTheRoad. Step: 110000. Time Elapsed: 121.493 s. Mean Reward: 0.166. Std of Reward: 0.399. Training.
[INFO] CrossTheRoad. Step: 120000. Time Elapsed: 132.133 s. Mean Reward: 0.195. Std of Reward: 0.421. Training.
[INFO] CrossTheRoad. Step: 130000. Time Elapsed: 142.949 s. Mean Reward: 0.163. Std of Reward: 0.396. Training.
[INFO] CrossTheRoad. Step: 140000. Time Elapsed: 153.537 s. Mean Reward: 0.211. Std of Reward: 0.431. Training.
[INFO] CrossTheRoad. Step: 150000. Time Elapsed: 164.441 s. Mean Reward: 0.178. Std of Reward: 0.408. Training.
[INFO] CrossTheRoad. Step: 160000. Time Elapsed: 175.355 s. Mean Reward: 0.224. Std of Reward: 0.439. Training.
[INFO] CrossTheRoad. Step: 170000. Time Elapsed: 186.185 s. Mean Reward: 0.259. Std of Reward: 0.459. Training.
[INFO] CrossTheRoad. Step: 180000. Time Elapsed: 196.825 s. Mean Reward: 0.278. Std of Reward: 0.468. Training.
[INFO] CrossTheRoad. Step: 190000. Time Elapsed: 207.373 s. Mean Reward: 0.250. Std of Reward: 0.454. Training.
[INFO] CrossTheRoad. Step: 200000. Time Elapsed: 218.220 s. Mean Reward: 0.297. Std of Reward: 0.476. Training.
[INFO] CrossTheRoad. Step: 210000. Time Elapsed: 228.923 s. Mean Reward: 0.254. Std of Reward: 0.456. Training.
[INFO] CrossTheRoad. Step: 220000. Time Elapsed: 239.401 s. Mean Reward: 0.355. Std of Reward: 0.495. Training.
[INFO] CrossTheRoad. Step: 230000. Time Elapsed: 250.030 s. Mean Reward: 0.290. Std of Reward: 0.473. Training.
[INFO] CrossTheRoad. Step: 240000. Time Elapsed: 260.578 s. Mean Reward: 0.334. Std of Reward: 0.489. Training.
[INFO] CrossTheRoad. Step: 250000. Time Elapsed: 271.184 s. Mean Reward: 0.398. Std of Reward: 0.505. Training.
[INFO] CrossTheRoad. Step: 260000. Time Elapsed: 281.796 s. Mean Reward: 0.417. Std of Reward: 0.508. Training.
[INFO] CrossTheRoad. Step: 270000. Time Elapsed: 292.491 s. Mean Reward: 0.391. Std of Reward: 0.503. Training.
[INFO] CrossTheRoad. Step: 280000. Time Elapsed: 303.119 s. Mean Reward: 0.462. Std of Reward: 0.512. Training.
[INFO] CrossTheRoad. Step: 290000. Time Elapsed: 313.683 s. Mean Reward: 0.461. Std of Reward: 0.512. Training.
[INFO] CrossTheRoad. Step: 300000. Time Elapsed: 324.223 s. Mean Reward: 0.448. Std of Reward: 0.511. Training.
[INFO] CrossTheRoad. Step: 310000. Time Elapsed: 334.916 s. Mean Reward: 0.514. Std of Reward: 0.512. Training.
[INFO] CrossTheRoad. Step: 320000. Time Elapsed: 345.929 s. Mean Reward: 0.468. Std of Reward: 0.512. Training.
[INFO] CrossTheRoad. Step: 330000. Time Elapsed: 356.960 s. Mean Reward: 0.476. Std of Reward: 0.512. Training.
[INFO] CrossTheRoad. Step: 340000. Time Elapsed: 367.601 s. Mean Reward: 0.616. Std of Reward: 0.496. Training.
[INFO] CrossTheRoad. Step: 350000. Time Elapsed: 378.173 s. Mean Reward: 0.554. Std of Reward: 0.508. Training.
[INFO] CrossTheRoad. Step: 360000. Time Elapsed: 389.422 s. Mean Reward: 0.518. Std of Reward: 0.512. Training.
[INFO] CrossTheRoad. Step: 370000. Time Elapsed: 402.258 s. Mean Reward: 0.567. Std of Reward: 0.506. Training.
[INFO] CrossTheRoad. Step: 380000. Time Elapsed: 419.190 s. Mean Reward: 0.497. Std of Reward: 0.512. Training.
[INFO] CrossTheRoad. Step: 390000. Time Elapsed: 436.286 s. Mean Reward: 0.516. Std of Reward: 0.512. Training.
[INFO] CrossTheRoad. Step: 400000. Time Elapsed: 453.308 s. Mean Reward: 0.487. Std of Reward: 0.513. Training.
[INFO] CrossTheRoad. Step: 410000. Time Elapsed: 470.713 s. Mean Reward: 0.472. Std of Reward: 0.512. Training.
[INFO] CrossTheRoad. Step: 420000. Time Elapsed: 487.831 s. Mean Reward: 0.575. Std of Reward: 0.505. Training.
[INFO] CrossTheRoad. Step: 430000. Time Elapsed: 505.273 s. Mean Reward: 0.553. Std of Reward: 0.508. Training.
[INFO] CrossTheRoad. Step: 440000. Time Elapsed: 522.791 s. Mean Reward: 0.490. Std of Reward: 0.512. Training.
[INFO] CrossTheRoad. Step: 450000. Time Elapsed: 540.005 s. Mean Reward: 0.563. Std of Reward: 0.507. Training.
[INFO] CrossTheRoad. Step: 460000. Time Elapsed: 557.197 s. Mean Reward: 0.527. Std of Reward: 0.511. Training.
[INFO] CrossTheRoad. Step: 470000. Time Elapsed: 574.528 s. Mean Reward: 0.472. Std of Reward: 0.512. Training.
[INFO] CrossTheRoad. Step: 480000. Time Elapsed: 591.729 s. Mean Reward: 0.530. Std of Reward: 0.511. Training.
[INFO] CrossTheRoad. Step: 490000. Time Elapsed: 608.988 s. Mean Reward: 0.616. Std of Reward: 0.496. Training.
[INFO] CrossTheRoad. Step: 500000. Time Elapsed: 626.010 s. Mean Reward: 0.409. Std of Reward: 0.506. Training.
[INFO] Exported C:\Users\Admin\Documents\GitHub\GraduationProject\GraduationProject\results\ctr01\CrossTheRoad\CrossTheRoad-499995.onnx
[INFO] CrossTheRoad. Step: 510000. Time Elapsed: 643.136 s. Mean Reward: 0.460. Std of Reward: 0.512. Training.
[INFO] CrossTheRoad. Step: 520000. Time Elapsed: 660.427 s. Mean Reward: 0.417. Std of Reward: 0.508. Training.
[INFO] CrossTheRoad. Step: 530000. Time Elapsed: 675.470 s. Mean Reward: 0.451. Std of Reward: 0.511. Training.
[INFO] CrossTheRoad. Step: 540000. Time Elapsed: 686.070 s. Mean Reward: 0.543. Std of Reward: 0.510. Training.
[INFO] CrossTheRoad. Step: 550000. Time Elapsed: 701.010 s. Mean Reward: 0.592. Std of Reward: 0.502. Training.
[INFO] CrossTheRoad. Step: 560000. Time Elapsed: 717.949 s. Mean Reward: 0.537. Std of Reward: 0.510. Training.
[INFO] CrossTheRoad. Step: 570000. Time Elapsed: 734.726 s. Mean Reward: 0.539. Std of Reward: 0.510. Training.
[INFO] CrossTheRoad. Step: 580000. Time Elapsed: 751.345 s. Mean Reward: 0.564. Std of Reward: 0.507. Training.
[INFO] CrossTheRoad. Step: 590000. Time Elapsed: 768.094 s. Mean Reward: 0.502. Std of Reward: 0.512. Training.
[INFO] CrossTheRoad. Step: 600000. Time Elapsed: 784.991 s. Mean Reward: 0.725. Std of Reward: 0.454. Training.
[INFO] CrossTheRoad. Step: 610000. Time Elapsed: 801.548 s. Mean Reward: 0.540. Std of Reward: 0.510. Training.
[INFO] CrossTheRoad. Step: 620000. Time Elapsed: 818.018 s. Mean Reward: 0.682. Std of Reward: 0.474. Training.
[INFO] CrossTheRoad. Step: 630000. Time Elapsed: 834.288 s. Mean Reward: 0.610. Std of Reward: 0.498. Training.
[INFO] CrossTheRoad. Step: 640000. Time Elapsed: 850.881 s. Mean Reward: 0.287. Std of Reward: 0.472. Training.
[INFO] CrossTheRoad. Step: 650000. Time Elapsed: 867.027 s. Mean Reward: 0.487. Std of Reward: 0.513. Training.
[INFO] CrossTheRoad. Step: 660000. Time Elapsed: 880.004 s. Mean Reward: 0.441. Std of Reward: 0.510. Training.
[INFO] CrossTheRoad. Step: 670000. Time Elapsed: 891.872 s. Mean Reward: 0.295. Std of Reward: 0.475. Training.
[INFO] CrossTheRoad. Step: 680000. Time Elapsed: 908.122 s. Mean Reward: 0.590. Std of Reward: 0.502. Training.
[INFO] CrossTheRoad. Step: 690000. Time Elapsed: 924.672 s. Mean Reward: 0.514. Std of Reward: 0.512. Training.
[INFO] CrossTheRoad. Step: 700000. Time Elapsed: 941.035 s. Mean Reward: 0.487. Std of Reward: 0.513. Training.
[INFO] CrossTheRoad. Step: 710000. Time Elapsed: 957.682 s. Mean Reward: 0.268. Std of Reward: 0.463. Training.
[INFO] CrossTheRoad. Step: 720000. Time Elapsed: 973.966 s. Mean Reward: 0.512. Std of Reward: 0.512. Training.
[INFO] CrossTheRoad. Step: 730000. Time Elapsed: 990.518 s. Mean Reward: 0.658. Std of Reward: 0.483. Training.
[INFO] CrossTheRoad. Step: 740000. Time Elapsed: 1003.237 s. Mean Reward: 0.688. Std of Reward: 0.472. Training.
[INFO] CrossTheRoad. Step: 750000. Time Elapsed: 1019.842 s. Mean Reward: 0.534. Std of Reward: 0.510. Training.
[INFO] CrossTheRoad. Step: 760000. Time Elapsed: 1036.253 s. Mean Reward: 0.612. Std of Reward: 0.497. Training.
[INFO] CrossTheRoad. Step: 770000. Time Elapsed: 1052.742 s. Mean Reward: 0.692. Std of Reward: 0.470. Training.
[INFO] CrossTheRoad. Step: 780000. Time Elapsed: 1069.106 s. Mean Reward: 0.525. Std of Reward: 0.511. Training.
[INFO] CrossTheRoad. Step: 790000. Time Elapsed: 1085.890 s. Mean Reward: 0.571. Std of Reward: 0.506. Training.
[INFO] CrossTheRoad. Step: 800000. Time Elapsed: 1100.827 s. Mean Reward: 0.763. Std of Reward: 0.432. Training.
[INFO] CrossTheRoad. Step: 810000. Time Elapsed: 1115.889 s. Mean Reward: 0.795. Std of Reward: 0.410. Training.
[INFO] CrossTheRoad. Step: 820000. Time Elapsed: 1132.365 s. Mean Reward: 0.606. Std of Reward: 0.499. Training.
[INFO] CrossTheRoad. Step: 830000. Time Elapsed: 1148.924 s. Mean Reward: 0.573. Std of Reward: 0.505. Training.
[INFO] CrossTheRoad. Step: 840000. Time Elapsed: 1165.308 s. Mean Reward: 0.522. Std of Reward: 0.511. Training.
[INFO] CrossTheRoad. Step: 850000. Time Elapsed: 1181.881 s. Mean Reward: 0.854. Std of Reward: 0.359. Training.
[INFO] CrossTheRoad. Step: 860000. Time Elapsed: 1198.116 s. Mean Reward: 0.658. Std of Reward: 0.483. Training.
[INFO] CrossTheRoad. Step: 870000. Time Elapsed: 1214.504 s. Mean Reward: 0.590. Std of Reward: 0.502. Training.
[INFO] CrossTheRoad. Step: 880000. Time Elapsed: 1230.963 s. Mean Reward: 0.470. Std of Reward: 0.512. Training.
[INFO] CrossTheRoad. Step: 890000. Time Elapsed: 1247.404 s. Mean Reward: 0.744. Std of Reward: 0.444. Training.
[INFO] CrossTheRoad. Step: 900000. Time Elapsed: 1262.141 s. Mean Reward: 0.658. Std of Reward: 0.483. Training.
[INFO] CrossTheRoad. Step: 910000. Time Elapsed: 1277.063 s. Mean Reward: 0.556. Std of Reward: 0.508. Training.
[INFO] CrossTheRoad. Step: 920000. Time Elapsed: 1293.587 s. Mean Reward: 0.777. Std of Reward: 0.423. Training.
[INFO] CrossTheRoad. Step: 930000. Time Elapsed: 1310.437 s. Mean Reward: 0.784. Std of Reward: 0.418. Training.
[INFO] CrossTheRoad. Step: 940000. Time Elapsed: 1326.893 s. Mean Reward: 0.692. Std of Reward: 0.470. Training.
[INFO] CrossTheRoad. Step: 950000. Time Elapsed: 1343.317 s. Mean Reward: 0.573. Std of Reward: 0.505. Training.
[INFO] CrossTheRoad. Step: 960000. Time Elapsed: 1359.884 s. Mean Reward: 0.829. Std of Reward: 0.382. Training.
[INFO] CrossTheRoad. Step: 970000. Time Elapsed: 1376.115 s. Mean Reward: 0.561. Std of Reward: 0.507. Training.
[INFO] CrossTheRoad. Step: 980000. Time Elapsed: 1392.560 s. Mean Reward: 0.487. Std of Reward: 0.513. Training.
[INFO] CrossTheRoad. Step: 990000. Time Elapsed: 1408.675 s. Mean Reward: 0.487. Std of Reward: 0.513. Training.
[INFO] CrossTheRoad. Step: 1000000. Time Elapsed: 1424.842 s. Mean Reward: 1.000. Std of Reward: 0.000. Training.
[INFO] Exported C:\Users\Admin\Documents\GitHub\GraduationProject\GraduationProject\results\ctr01\CrossTheRoad\CrossTheRoad-999941.onnx
[INFO] CrossTheRoad. Step: 1010000. Time Elapsed: 1441.268 s. No episode was completed since last summary. Training.
[INFO] CrossTheRoad. Step: 1020000. Time Elapsed: 1457.614 s. No episode was completed since last summary. Training.
[INFO] CrossTheRoad. Step: 1030000. Time Elapsed: 1473.306 s. Mean Reward: 1.000. Std of Reward: 0.000. Training.
[INFO] CrossTheRoad. Step: 1040000. Time Elapsed: 1488.085 s. Mean Reward: 1.000. Std of Reward: 0.000. Training.
[INFO] CrossTheRoad. Step: 1050000. Time Elapsed: 1504.723 s. Mean Reward: 0.487. Std of Reward: 0.513. Training.
[INFO] CrossTheRoad. Step: 1060000. Time Elapsed: 1516.063 s. Mean Reward: 0.744. Std of Reward: 0.444. Training.
[INFO] CrossTheRoad. Step: 1070000. Time Elapsed: 1527.803 s. Mean Reward: 0.590. Std of Reward: 0.502. Training.
[INFO] CrossTheRoad. Step: 1080000. Time Elapsed: 1537.614 s. Mean Reward: 0.487. Std of Reward: 0.513. Training.
[INFO] CrossTheRoad. Step: 1090000. Time Elapsed: 1547.440 s. Mean Reward: 1.000. Std of Reward: 0.000. Training.
[INFO] CrossTheRoad. Step: 1100000. Time Elapsed: 1557.647 s. Mean Reward: 0.872. Std of Reward: 0.339. Training.
[INFO] CrossTheRoad. Step: 1110000. Time Elapsed: 1570.859 s. Mean Reward: 0.692. Std of Reward: 0.470. Training.
[INFO] CrossTheRoad. Step: 1120000. Time Elapsed: 1583.441 s. Mean Reward: 0.423. Std of Reward: 0.508. Training.
[INFO] CrossTheRoad. Step: 1130000. Time Elapsed: 1599.906 s. Mean Reward: 0.487. Std of Reward: 0.513. Training.
[INFO] CrossTheRoad. Step: 1140000. Time Elapsed: 1614.979 s. Mean Reward: 0.597. Std of Reward: 0.501. Training.
[INFO] CrossTheRoad. Step: 1150000. Time Elapsed: 1631.405 s. Mean Reward: 0.487. Std of Reward: 0.513. Training.
[INFO] CrossTheRoad. Step: 1160000. Time Elapsed: 1647.980 s. Mean Reward: 0.487. Std of Reward: 0.513. Training.
[INFO] CrossTheRoad. Step: 1170000. Time Elapsed: 1664.627 s. Mean Reward: 0.469. Std of Reward: 0.512. Training.
[INFO] CrossTheRoad. Step: 1180000. Time Elapsed: 1680.954 s. Mean Reward: 0.680. Std of Reward: 0.475. Training.
[INFO] CrossTheRoad. Step: 1190000. Time Elapsed: 1697.380 s. Mean Reward: 0.634. Std of Reward: 0.491. Training.
[INFO] CrossTheRoad. Step: 1200000. Time Elapsed: 1713.787 s. Mean Reward: 0.461. Std of Reward: 0.512. Training.
[INFO] CrossTheRoad. Step: 1210000. Time Elapsed: 1730.264 s. Mean Reward: 0.534. Std of Reward: 0.510. Training.
[INFO] CrossTheRoad. Step: 1220000. Time Elapsed: 1742.066 s. Mean Reward: 0.317. Std of Reward: 0.483. Training.
[INFO] CrossTheRoad. Step: 1230000. Time Elapsed: 1758.250 s. Mean Reward: 0.590. Std of Reward: 0.502. Training.
[INFO] CrossTheRoad. Step: 1240000. Time Elapsed: 1774.917 s. Mean Reward: 0.129. Std of Reward: 0.366. Training.
[INFO] CrossTheRoad. Step: 1250000. Time Elapsed: 1791.156 s. Mean Reward: 0.260. Std of Reward: 0.459. Training.
[INFO] CrossTheRoad. Step: 1260000. Time Elapsed: 1807.407 s. Mean Reward: 0.317. Std of Reward: 0.483. Training.
[INFO] CrossTheRoad. Step: 1270000. Time Elapsed: 1823.743 s. Mean Reward: 0.290. Std of Reward: 0.473. Training.
[INFO] CrossTheRoad. Step: 1280000. Time Elapsed: 1840.268 s. Mean Reward: 0.385. Std of Reward: 0.502. Training.
[INFO] CrossTheRoad. Step: 1290000. Time Elapsed: 1856.478 s. Mean Reward: 0.487. Std of Reward: 0.513. Training.
[INFO] CrossTheRoad. Step: 1300000. Time Elapsed: 1873.334 s. Mean Reward: 0.627. Std of Reward: 0.493. Training.
[INFO] CrossTheRoad. Step: 1310000. Time Elapsed: 1891.003 s. Mean Reward: 0.419. Std of Reward: 0.508. Training.
[INFO] CrossTheRoad. Step: 1320000. Time Elapsed: 1908.500 s. Mean Reward: 0.391. Std of Reward: 0.503. Training.
[INFO] CrossTheRoad. Step: 1330000. Time Elapsed: 1925.845 s. Mean Reward: 0.720. Std of Reward: 0.456. Training.
[INFO] CrossTheRoad. Step: 1340000. Time Elapsed: 1942.887 s. Mean Reward: 0.590. Std of Reward: 0.502. Training.
[INFO] CrossTheRoad. Step: 1350000. Time Elapsed: 1959.479 s. Mean Reward: 0.556. Std of Reward: 0.508. Training.
[INFO] CrossTheRoad. Step: 1360000. Time Elapsed: 1976.116 s. Mean Reward: 0.590. Std of Reward: 0.502. Training.
[INFO] CrossTheRoad. Step: 1370000. Time Elapsed: 1993.375 s. Mean Reward: 0.556. Std of Reward: 0.508. Training.
[INFO] CrossTheRoad. Step: 1380000. Time Elapsed: 2010.283 s. Mean Reward: 0.590. Std of Reward: 0.502. Training.
[INFO] CrossTheRoad. Step: 1390000. Time Elapsed: 2027.458 s. Mean Reward: 0.534. Std of Reward: 0.510. Training.
[INFO] CrossTheRoad. Step: 1400000. Time Elapsed: 2044.561 s. Mean Reward: 0.514. Std of Reward: 0.512. Training.
[INFO] CrossTheRoad. Step: 1410000. Time Elapsed: 2061.714 s. Mean Reward: 0.744. Std of Reward: 0.444. Training.
[INFO] CrossTheRoad. Step: 1420000. Time Elapsed: 2078.808 s. Mean Reward: 0.364. Std of Reward: 0.497. Training.
[INFO] CrossTheRoad. Step: 1430000. Time Elapsed: 2093.976 s. Mean Reward: 0.795. Std of Reward: 0.410. Training.
[INFO] CrossTheRoad. Step: 1440000. Time Elapsed: 2111.543 s. Mean Reward: 0.487. Std of Reward: 0.513. Training.
[INFO] CrossTheRoad. Step: 1450000. Time Elapsed: 2128.521 s. Mean Reward: 0.512. Std of Reward: 0.512. Training.
[INFO] CrossTheRoad. Step: 1460000. Time Elapsed: 2145.985 s. Mean Reward: 0.514. Std of Reward: 0.512. Training.
[INFO] CrossTheRoad. Step: 1470000. Time Elapsed: 2163.132 s. Mean Reward: 0.423. Std of Reward: 0.508. Training.
[INFO] CrossTheRoad. Step: 1480000. Time Elapsed: 2179.656 s. Mean Reward: 0.643. Std of Reward: 0.488. Training.
[INFO] CrossTheRoad. Step: 1490000. Time Elapsed: 2192.144 s. Mean Reward: 0.516. Std of Reward: 0.512. Training.
[INFO] CrossTheRoad. Step: 1500000. Time Elapsed: 2208.567 s. Mean Reward: 0.524. Std of Reward: 0.511. Training.
[INFO] Exported C:\Users\Admin\Documents\GitHub\GraduationProject\GraduationProject\results\ctr01\CrossTheRoad\CrossTheRoad-1499984.onnx
[INFO] CrossTheRoad. Step: 1510000. Time Elapsed: 2225.048 s. Mean Reward: 0.576. Std of Reward: 0.505. Training.
[INFO] CrossTheRoad. Step: 1520000. Time Elapsed: 2241.403 s. Mean Reward: 0.513. Std of Reward: 0.512. Training.
[INFO] CrossTheRoad. Step: 1530000. Time Elapsed: 2257.881 s. Mean Reward: 0.439. Std of Reward: 0.510. Training.
[INFO] CrossTheRoad. Step: 1540000. Time Elapsed: 2274.214 s. Mean Reward: 0.499. Std of Reward: 0.512. Training.
[INFO] CrossTheRoad. Step: 1550000. Time Elapsed: 2290.788 s. Mean Reward: 0.541. Std of Reward: 0.510. Training.
[INFO] CrossTheRoad. Step: 1560000. Time Elapsed: 2307.275 s. Mean Reward: 0.487. Std of Reward: 0.513. Training.
[INFO] CrossTheRoad. Step: 1570000. Time Elapsed: 2324.060 s. Mean Reward: 0.603. Std of Reward: 0.499. Training.
[INFO] CrossTheRoad. Step: 1580000. Time Elapsed: 2340.808 s. Mean Reward: 0.627. Std of Reward: 0.493. Training.
[INFO] CrossTheRoad. Step: 1590000. Time Elapsed: 2357.894 s. Mean Reward: 0.814. Std of Reward: 0.395. Training.
[INFO] CrossTheRoad. Step: 1600000. Time Elapsed: 2374.770 s. Mean Reward: 0.744. Std of Reward: 0.444. Training.
[INFO] CrossTheRoad. Step: 1610000. Time Elapsed: 2387.155 s. Mean Reward: 0.720. Std of Reward: 0.456. Training.
[INFO] CrossTheRoad. Step: 1620000. Time Elapsed: 2404.431 s. Mean Reward: 0.707. Std of Reward: 0.463. Training.
[INFO] CrossTheRoad. Step: 1630000. Time Elapsed: 2421.674 s. Mean Reward: 0.658. Std of Reward: 0.483. Training.
[INFO] CrossTheRoad. Step: 1640000. Time Elapsed: 2438.656 s. Mean Reward: 0.385. Std of Reward: 0.502. Training.
[INFO] CrossTheRoad. Step: 1650000. Time Elapsed: 2456.110 s. Mean Reward: 0.829. Std of Reward: 0.382. Training.
[INFO] CrossTheRoad. Step: 1660000. Time Elapsed: 2473.247 s. Mean Reward: 0.431. Std of Reward: 0.509. Training.
[INFO] CrossTheRoad. Step: 1670000. Time Elapsed: 2490.302 s. Mean Reward: 0.658. Std of Reward: 0.483. Training.
[INFO] CrossTheRoad. Step: 1680000. Time Elapsed: 2507.736 s. Mean Reward: 0.616. Std of Reward: 0.496. Training.
[INFO] CrossTheRoad. Step: 1690000. Time Elapsed: 2524.824 s. Mean Reward: 0.707. Std of Reward: 0.463. Training.
[INFO] CrossTheRoad. Step: 1700000. Time Elapsed: 2542.177 s. Mean Reward: 0.699. Std of Reward: 0.467. Training.
[INFO] CrossTheRoad. Step: 1710000. Time Elapsed: 2558.981 s. Mean Reward: 0.915. Std of Reward: 0.283. Training.
[INFO] CrossTheRoad. Step: 1720000. Time Elapsed: 2576.392 s. Mean Reward: 0.767. Std of Reward: 0.430. Training.
[INFO] CrossTheRoad. Step: 1730000. Time Elapsed: 2593.481 s. Mean Reward: 0.658. Std of Reward: 0.483. Training.
[INFO] CrossTheRoad. Step: 1740000. Time Elapsed: 2610.740 s. Mean Reward: 0.696. Std of Reward: 0.468. Training.
[INFO] CrossTheRoad. Step: 1750000. Time Elapsed: 2623.561 s. Mean Reward: 0.744. Std of Reward: 0.444. Training.
[INFO] CrossTheRoad. Step: 1760000. Time Elapsed: 2633.843 s. Mean Reward: 0.707. Std of Reward: 0.463. Training.
[INFO] CrossTheRoad. Step: 1770000. Time Elapsed: 2643.881 s. Mean Reward: 0.692. Std of Reward: 0.470. Training.
[INFO] CrossTheRoad. Step: 1780000. Time Elapsed: 2653.928 s. Mean Reward: 0.784. Std of Reward: 0.418. Training.
[INFO] CrossTheRoad. Step: 1790000. Time Elapsed: 2664.126 s. Mean Reward: 0.631. Std of Reward: 0.492. Training.
[INFO] CrossTheRoad. Step: 1800000. Time Elapsed: 2674.191 s. Mean Reward: 0.622. Std of Reward: 0.494. Training.
[INFO] CrossTheRoad. Step: 1810000. Time Elapsed: 2683.685 s. Mean Reward: 0.795. Std of Reward: 0.410. Training.
[INFO] CrossTheRoad. Step: 1820000. Time Elapsed: 2693.667 s. Mean Reward: 0.744. Std of Reward: 0.444. Training.
[INFO] CrossTheRoad. Step: 1830000. Time Elapsed: 2703.389 s. Mean Reward: 0.527. Std of Reward: 0.511. Training.
[INFO] CrossTheRoad. Step: 1840000. Time Elapsed: 2712.942 s. Mean Reward: 0.616. Std of Reward: 0.496. Training.
[INFO] CrossTheRoad. Step: 1850000. Time Elapsed: 2720.503 s. Mean Reward: 0.795. Std of Reward: 0.410. Training.
[INFO] CrossTheRoad. Step: 1860000. Time Elapsed: 2730.294 s. Mean Reward: 0.829. Std of Reward: 0.382. Training.
[INFO] CrossTheRoad. Step: 1870000. Time Elapsed: 2740.298 s. Mean Reward: 0.707. Std of Reward: 0.463. Training.
[INFO] CrossTheRoad. Step: 1880000. Time Elapsed: 2750.184 s. Mean Reward: 0.658. Std of Reward: 0.483. Training.
[INFO] CrossTheRoad. Step: 1890000. Time Elapsed: 2760.027 s. Mean Reward: 0.487. Std of Reward: 0.513. Training.
[INFO] CrossTheRoad. Step: 1900000. Time Elapsed: 2769.922 s. Mean Reward: 0.829. Std of Reward: 0.382. Training.
[INFO] CrossTheRoad. Step: 1910000. Time Elapsed: 2779.907 s. Mean Reward: 0.829. Std of Reward: 0.382. Training.
[INFO] CrossTheRoad. Step: 1920000. Time Elapsed: 2789.862 s. Mean Reward: 0.692. Std of Reward: 0.470. Training.
[INFO] CrossTheRoad. Step: 1930000. Time Elapsed: 2799.787 s. Mean Reward: 0.561. Std of Reward: 0.507. Training.
[INFO] CrossTheRoad. Step: 1940000. Time Elapsed: 2809.603 s. Mean Reward: 0.590. Std of Reward: 0.502. Training.
[INFO] CrossTheRoad. Step: 1950000. Time Elapsed: 2819.429 s. Mean Reward: 0.805. Std of Reward: 0.402. Training.
[INFO] CrossTheRoad. Step: 1960000. Time Elapsed: 2829.430 s. Mean Reward: 0.554. Std of Reward: 0.508. Training.
[INFO] CrossTheRoad. Step: 1970000. Time Elapsed: 2838.951 s. Mean Reward: 0.645. Std of Reward: 0.488. Training.
[INFO] CrossTheRoad. Step: 1980000. Time Elapsed: 2848.894 s. Mean Reward: 0.685. Std of Reward: 0.473. Training.
[INFO] CrossTheRoad. Step: 1990000. Time Elapsed: 2858.757 s. Mean Reward: 0.907. Std of Reward: 0.295. Training.
[INFO] CrossTheRoad. Step: 2000000. Time Elapsed: 2868.618 s. Mean Reward: 0.658. Std of Reward: 0.483. Training.
[INFO] Exported C:\Users\Admin\Documents\GitHub\GraduationProject\GraduationProject\results\ctr01\CrossTheRoad\CrossTheRoad-1999958.onnx
[INFO] Exported C:\Users\Admin\Documents\GitHub\GraduationProject\GraduationProject\results\ctr01\CrossTheRoad\CrossTheRoad-2000022.onnx
[INFO] Copied C:\Users\Admin\Documents\GitHub\GraduationProject\GraduationProject\results\ctr01\CrossTheRoad\CrossTheRoad-2000022.onnx to C:\Users\Admin\Documents\GitHub\GraduationProject\GraduationProject\results\ctr01\CrossTheRoad.onnx.
