09:51:02 [INFO] --resume: bo qua 0 job da co ket qua
09:51:02 [INFO] ──────────────────────────────────────────────────────────────────────
09:51:02 [INFO] KIEM TRA TRUOC KHI CHAY
09:51:02 [INFO] ──────────────────────────────────────────────────────────────────────
09:51:02 [INFO] mlagents-learn : C:\Users\Admin\miniconda3\envs\mlagents\Scripts\mlagents-learn.exe
09:51:02 [INFO] trainer plugins: default,a2c,dqn,mappo
09:51:02 [WARN] [ctf_mappo] CANH BAO: Day la lan chay chua PHAT HIEN CHINH cua do an (buoc ngoat ~1,28M). Neu ha STEPS['capture'] xuong duoi 1,5M thi duong cong mat buoc ngoat.
09:51:02 [WARN] [fb_sac] CANH BAO: SAC + self_play: ML-Agents khong ho tro chinh thuc. Da chay duoc 20K buoc trong smoke test nen khong chan, nhung theo doi ky.
09:51:02 [WARN] [fb_dqn] CANH BAO: CAN BUILD RIENG 'FootballDiscrete'. Football dang la continuous(8) nhung DQN chi chay duoc action roi rac, nen phai co mot ban scene voi Behavior Parameters doi sang 8 nhanh x 3 muc. Khong dung chung build 'Football' voi PPO/SAC/POCA/MAPPO duoc.
09:51:02 [WARN] --force: se GHI DE 7 thu muc run-id da co (Football_POCA_01, ctf_mappo_v2, FB01, Football_SAC_01, Football_MAPPO_01, football_dqn_v1, ctf_dqn_v1)
09:51:02 [INFO] Ket qua kiem tra: OK
09:51:02 [INFO] ──────────────────────────────────────────────────────────────────────
09:51:02 [INFO] Se chay 7 job, tong 11,400,000 buoc (ngan sach: full)
09:51:02 [INFO] Che do: build | num-envs 1 | time-scale 20.0

09:51:02 [INFO] ======================================================================
09:51:02 [INFO] [1/7]  fb_poca   MA-POCA @ football
09:51:02 [INFO]         run-id  : Football_POCA_01
09:51:02 [INFO]         config  : football_poca.yaml
09:51:02 [INFO]         steps   : 1,600,000
09:51:02 [INFO] ======================================================================
09:51:02 [INFO] cmd: C:\Users\Admin\miniconda3\envs\mlagents\Scripts\mlagents-learn.exe C:\Users\Admin\Documents\GitHub\GraduationProject\GraduationProject\training_logs\_config_override\Football_POCA_01_1600000.yaml --run-id Football_POCA_01 --results-dir C:\Users\Admin\Documents\GitHub\GraduationProject\GraduationProject\results --force --env C:\Users\Admin\Documents\GitHub\GraduationProject\GraduationProject\Builds\Football\Football.exe --no-graphics --time-scale 20.0
09:51:28 [INFO]         10,000 / 1,600,000  (  0.6%)       0 step/s  ETA 0:00:00
09:51:38 [INFO]         20,000 / 1,600,000  (  1.2%)     278 step/s  ETA 1:34:33
09:51:50 [INFO]         30,000 / 1,600,000  (  1.9%)     417 step/s  ETA 1:02:42
09:52:03 [INFO]         40,000 / 1,600,000  (  2.5%)     493 step/s  ETA 0:52:44
09:52:24 [INFO]         50,000 / 1,600,000  (  3.1%)     491 step/s  ETA 0:52:37
09:52:34 [INFO]         60,000 / 1,600,000  (  3.8%)     541 step/s  ETA 0:47:26
09:52:45 [INFO]         70,000 / 1,600,000  (  4.4%)     580 step/s  ETA 0:43:56
09:52:55 [INFO]         80,000 / 1,600,000  (  5.0%)     622 step/s  ETA 0:40:45
09:53:23 [INFO]         90,000 / 1,600,000  (  5.6%)     566 step/s  ETA 0:44:27
09:53:36 [INFO]        100,000 / 1,600,000  (  6.2%)     584 step/s  ETA 0:42:50
09:53:53 [INFO]        110,000 / 1,600,000  (  6.9%)     586 step/s  ETA 0:42:24
09:54:06 [INFO]        120,000 / 1,600,000  (  7.5%)     597 step/s  ETA 0:41:19
09:54:34 [INFO]        130,000 / 1,600,000  (  8.1%)     566 step/s  ETA 0:43:19
09:54:47 [INFO]        140,000 / 1,600,000  (  8.8%)     578 step/s  ETA 0:42:05
09:55:02 [INFO]        150,000 / 1,600,000  (  9.4%)     583 step/s  ETA 0:41:28
09:55:16 [INFO]        160,000 / 1,600,000  ( 10.0%)     591 step/s  ETA 0:40:38
09:55:46 [INFO]        170,000 / 1,600,000  ( 10.6%)     563 step/s  ETA 0:42:19
09:55:57 [INFO]        180,000 / 1,600,000  ( 11.2%)     576 step/s  ETA 0:41:05
09:56:13 [INFO]        190,000 / 1,600,000  ( 11.9%)     579 step/s  ETA 0:40:34
09:56:27 [INFO]        200,000 / 1,600,000  ( 12.5%)     584 step/s  ETA 0:39:58
09:56:58 [INFO]        210,000 / 1,600,000  ( 13.1%)     561 step/s  ETA 0:41:15
09:57:13 [INFO]        220,000 / 1,600,000  ( 13.8%)     566 step/s  ETA 0:40:36
09:57:29 [INFO]        230,000 / 1,600,000  ( 14.4%)     569 step/s  ETA 0:40:07
09:57:44 [INFO]        240,000 / 1,600,000  ( 15.0%)     573 step/s  ETA 0:39:34
09:58:13 [INFO]        250,000 / 1,600,000  ( 15.6%)     557 step/s  ETA 0:40:24
09:58:28 [INFO]        260,000 / 1,600,000  ( 16.2%)     560 step/s  ETA 0:39:52
09:58:43 [INFO]        270,000 / 1,600,000  ( 16.9%)     564 step/s  ETA 0:39:19
09:58:58 [INFO]        280,000 / 1,600,000  ( 17.5%)     567 step/s  ETA 0:38:47
09:59:28 [INFO]        290,000 / 1,600,000  ( 18.1%)     553 step/s  ETA 0:39:28
09:59:42 [INFO]        300,000 / 1,600,000  ( 18.8%)     558 step/s  ETA 0:38:49
10:00:00 [INFO]        310,000 / 1,600,000  ( 19.4%)     558 step/s  ETA 0:38:32
10:00:16 [INFO]        320,000 / 1,600,000  ( 20.0%)     560 step/s  ETA 0:38:06
10:00:31 [INFO]        330,000 / 1,600,000  ( 20.6%)     563 step/s  ETA 0:37:36
10:00:59 [INFO]        340,000 / 1,600,000  ( 21.2%)     553 step/s  ETA 0:37:57
10:01:17 [INFO]        350,000 / 1,600,000  ( 21.9%)     553 step/s  ETA 0:37:40
10:01:33 [INFO]        360,000 / 1,600,000  ( 22.5%)     555 step/s  ETA 0:37:13
10:01:51 [INFO]        370,000 / 1,600,000  ( 23.1%)     555 step/s  ETA 0:36:56
10:02:21 [INFO]        380,000 / 1,600,000  ( 23.8%)     545 step/s  ETA 0:37:17
10:02:36 [INFO]        390,000 / 1,600,000  ( 24.4%)     547 step/s  ETA 0:36:51
10:02:50 [INFO]        400,000 / 1,600,000  ( 25.0%)     551 step/s  ETA 0:36:18
10:03:07 [INFO]        410,000 / 1,600,000  ( 25.6%)     552 step/s  ETA 0:35:57
10:03:34 [INFO]        420,000 / 1,600,000  ( 26.2%)     545 step/s  ETA 0:36:04
10:03:52 [INFO]        430,000 / 1,600,000  ( 26.9%)     546 step/s  ETA 0:35:43
10:04:05 [INFO]        440,000 / 1,600,000  ( 27.5%)     549 step/s  ETA 0:35:12
10:04:21 [INFO]        450,000 / 1,600,000  ( 28.1%)     551 step/s  ETA 0:34:47
10:04:49 [INFO]        460,000 / 1,600,000  ( 28.8%)     544 step/s  ETA 0:34:56
10:05:05 [INFO]        470,000 / 1,600,000  ( 29.4%)     546 step/s  ETA 0:34:30
10:05:20 [INFO]        480,000 / 1,600,000  ( 30.0%)     547 step/s  ETA 0:34:05
10:05:37 [INFO]        490,000 / 1,600,000  ( 30.6%)     549 step/s  ETA 0:33:42
10:06:04 [INFO]        500,000 / 1,600,000  ( 31.2%)     543 step/s  ETA 0:33:44
10:06:21 [INFO]        510,000 / 1,600,000  ( 31.9%)     544 step/s  ETA 0:33:24
10:06:37 [INFO]        520,000 / 1,600,000  ( 32.5%)     546 step/s  ETA 0:32:59
10:06:54 [INFO]        530,000 / 1,600,000  ( 33.1%)     546 step/s  ETA 0:32:38
10:07:21 [INFO]        540,000 / 1,600,000  ( 33.8%)     541 step/s  ETA 0:32:38
10:07:37 [INFO]        550,000 / 1,600,000  ( 34.4%)     543 step/s  ETA 0:32:14
10:07:51 [INFO]        560,000 / 1,600,000  ( 35.0%)     545 step/s  ETA 0:31:47
10:08:06 [INFO]        570,000 / 1,600,000  ( 35.6%)     547 step/s  ETA 0:31:23
10:08:34 [INFO]        580,000 / 1,600,000  ( 36.2%)     542 step/s  ETA 0:31:22
10:08:51 [INFO]        590,000 / 1,600,000  ( 36.9%)     542 step/s  ETA 0:31:01
10:09:06 [INFO]        600,000 / 1,600,000  ( 37.5%)     544 step/s  ETA 0:30:37
10:09:24 [INFO]        610,000 / 1,600,000  ( 38.1%)     544 step/s  ETA 0:30:18
10:09:40 [INFO]        620,000 / 1,600,000  ( 38.8%)     546 step/s  ETA 0:29:55
10:10:10 [INFO]        630,000 / 1,600,000  ( 39.4%)     540 step/s  ETA 0:29:56
10:10:26 [INFO]        640,000 / 1,600,000  ( 40.0%)     541 step/s  ETA 0:29:32
10:10:41 [INFO]        650,000 / 1,600,000  ( 40.6%)     543 step/s  ETA 0:29:10
10:10:55 [INFO]        660,000 / 1,600,000  ( 41.2%)     545 step/s  ETA 0:28:45
10:11:25 [INFO]        670,000 / 1,600,000  ( 41.9%)     540 step/s  ETA 0:28:42
10:11:38 [INFO]        680,000 / 1,600,000  ( 42.5%)     542 step/s  ETA 0:28:17
10:11:54 [INFO]        690,000 / 1,600,000  ( 43.1%)     543 step/s  ETA 0:27:55
10:12:12 [INFO]        700,000 / 1,600,000  ( 43.8%)     543 step/s  ETA 0:27:36
10:12:42 [INFO]        710,000 / 1,600,000  ( 44.4%)     539 step/s  ETA 0:27:32
10:12:57 [INFO]        720,000 / 1,600,000  ( 45.0%)     540 step/s  ETA 0:27:09
10:13:12 [INFO]        730,000 / 1,600,000  ( 45.6%)     542 step/s  ETA 0:26:46
10:13:26 [INFO]        740,000 / 1,600,000  ( 46.2%)     543 step/s  ETA 0:26:23
10:13:56 [INFO]        750,000 / 1,600,000  ( 46.9%)     538 step/s  ETA 0:26:18
10:14:12 [INFO]        760,000 / 1,600,000  ( 47.5%)     540 step/s  ETA 0:25:56
10:14:28 [INFO]        770,000 / 1,600,000  ( 48.1%)     541 step/s  ETA 0:25:35
10:14:41 [INFO]        780,000 / 1,600,000  ( 48.8%)     543 step/s  ETA 0:25:11
10:15:13 [INFO]        790,000 / 1,600,000  ( 49.4%)     538 step/s  ETA 0:25:06
10:15:32 [INFO]        800,000 / 1,600,000  ( 50.0%)     537 step/s  ETA 0:24:48
10:15:50 [INFO]        810,000 / 1,600,000  ( 50.6%)     538 step/s  ETA 0:24:29
10:16:04 [INFO]        820,000 / 1,600,000  ( 51.2%)     539 step/s  ETA 0:24:06
10:16:33 [INFO]        830,000 / 1,600,000  ( 51.9%)     536 step/s  ETA 0:23:57
10:16:47 [INFO]        840,000 / 1,600,000  ( 52.5%)     537 step/s  ETA 0:23:34
10:17:03 [INFO]        850,000 / 1,600,000  ( 53.1%)     538 step/s  ETA 0:23:13
10:17:20 [INFO]        860,000 / 1,600,000  ( 53.8%)     539 step/s  ETA 0:22:53
10:17:45 [INFO]        870,000 / 1,600,000  ( 54.4%)     536 step/s  ETA 0:22:40
10:18:02 [INFO]        880,000 / 1,600,000  ( 55.0%)     537 step/s  ETA 0:22:20
10:18:18 [INFO]        890,000 / 1,600,000  ( 55.6%)     538 step/s  ETA 0:22:00
10:18:34 [INFO]        900,000 / 1,600,000  ( 56.2%)     539 step/s  ETA 0:21:39
10:19:06 [INFO]        910,000 / 1,600,000  ( 56.9%)     534 step/s  ETA 0:21:31
10:19:22 [INFO]        920,000 / 1,600,000  ( 57.5%)     535 step/s  ETA 0:21:10
10:19:37 [INFO]        930,000 / 1,600,000  ( 58.1%)     537 step/s  ETA 0:20:48
10:19:51 [INFO]        940,000 / 1,600,000  ( 58.8%)     538 step/s  ETA 0:20:27
10:20:06 [INFO]        950,000 / 1,600,000  ( 59.4%)     539 step/s  ETA 0:20:05
10:20:37 [INFO]        960,000 / 1,600,000  ( 60.0%)     535 step/s  ETA 0:19:55
10:20:52 [INFO]        970,000 / 1,600,000  ( 60.6%)     536 step/s  ETA 0:19:34
10:21:07 [INFO]        980,000 / 1,600,000  ( 61.2%)     537 step/s  ETA 0:19:13
10:21:23 [INFO]        990,000 / 1,600,000  ( 61.9%)     538 step/s  ETA 0:18:53
10:21:52 [INFO]      1,000,000 / 1,600,000  ( 62.5%)     535 step/s  ETA 0:18:41
10:22:11 [INFO]      1,010,000 / 1,600,000  ( 63.1%)     535 step/s  ETA 0:18:22
10:22:26 [INFO]      1,020,000 / 1,600,000  ( 63.8%)     536 step/s  ETA 0:18:01
10:22:39 [INFO]      1,030,000 / 1,600,000  ( 64.4%)     538 step/s  ETA 0:17:39
10:23:09 [INFO]      1,040,000 / 1,600,000  ( 65.0%)     535 step/s  ETA 0:17:27
10:23:23 [INFO]      1,050,000 / 1,600,000  ( 65.6%)     536 step/s  ETA 0:17:06
10:23:38 [INFO]      1,060,000 / 1,600,000  ( 66.2%)     537 step/s  ETA 0:16:45
10:23:55 [INFO]      1,070,000 / 1,600,000  ( 66.9%)     537 step/s  ETA 0:16:26
10:24:24 [INFO]      1,080,000 / 1,600,000  ( 67.5%)     534 step/s  ETA 0:16:12
10:24:41 [INFO]      1,090,000 / 1,600,000  ( 68.1%)     535 step/s  ETA 0:15:53
10:24:55 [INFO]      1,100,000 / 1,600,000  ( 68.8%)     536 step/s  ETA 0:15:32
10:25:13 [INFO]      1,110,000 / 1,600,000  ( 69.4%)     536 step/s  ETA 0:15:13
10:25:42 [INFO]      1,120,000 / 1,600,000  ( 70.0%)     534 step/s  ETA 0:14:59
10:25:58 [INFO]      1,130,000 / 1,600,000  ( 70.6%)     534 step/s  ETA 0:14:39
10:26:13 [INFO]      1,140,000 / 1,600,000  ( 71.2%)     535 step/s  ETA 0:14:19
10:26:27 [INFO]      1,150,000 / 1,600,000  ( 71.9%)     536 step/s  ETA 0:13:59
10:26:57 [INFO]      1,160,000 / 1,600,000  ( 72.5%)     534 step/s  ETA 0:13:44
10:27:12 [INFO]      1,170,000 / 1,600,000  ( 73.1%)     535 step/s  ETA 0:13:24
10:27:29 [INFO]      1,180,000 / 1,600,000  ( 73.8%)     535 step/s  ETA 0:13:04
10:27:43 [INFO]      1,190,000 / 1,600,000  ( 74.4%)     536 step/s  ETA 0:12:44
10:28:15 [INFO]      1,200,000 / 1,600,000  ( 75.0%)     533 step/s  ETA 0:12:30
10:28:29 [INFO]      1,210,000 / 1,600,000  ( 75.6%)     534 step/s  ETA 0:12:10
10:28:46 [INFO]      1,220,000 / 1,600,000  ( 76.2%)     534 step/s  ETA 0:11:51
10:29:01 [INFO]      1,230,000 / 1,600,000  ( 76.9%)     535 step/s  ETA 0:11:31
10:29:29 [INFO]      1,240,000 / 1,600,000  ( 77.5%)     533 step/s  ETA 0:11:15
10:29:46 [INFO]      1,250,000 / 1,600,000  ( 78.1%)     534 step/s  ETA 0:10:55
10:30:01 [INFO]      1,260,000 / 1,600,000  ( 78.8%)     534 step/s  ETA 0:10:36
10:30:18 [INFO]      1,270,000 / 1,600,000  ( 79.4%)     535 step/s  ETA 0:10:16
10:30:50 [INFO]      1,280,000 / 1,600,000  ( 80.0%)     532 step/s  ETA 0:10:01
10:31:07 [INFO]      1,290,000 / 1,600,000  ( 80.6%)     532 step/s  ETA 0:09:42
10:31:23 [INFO]      1,300,000 / 1,600,000  ( 81.2%)     533 step/s  ETA 0:09:23
10:31:42 [INFO]      1,310,000 / 1,600,000  ( 81.9%)     533 step/s  ETA 0:09:04
10:31:58 [INFO]      1,320,000 / 1,600,000  ( 82.5%)     533 step/s  ETA 0:08:44
10:32:30 [INFO]      1,330,000 / 1,600,000  ( 83.1%)     531 step/s  ETA 0:08:28
10:32:50 [INFO]      1,340,000 / 1,600,000  ( 83.8%)     530 step/s  ETA 0:08:10
10:33:03 [INFO]      1,350,000 / 1,600,000  ( 84.4%)     531 step/s  ETA 0:07:50
10:33:21 [INFO]      1,360,000 / 1,600,000  ( 85.0%)     532 step/s  ETA 0:07:31
10:33:50 [INFO]      1,370,000 / 1,600,000  ( 85.6%)     530 step/s  ETA 0:07:14
10:34:04 [INFO]      1,380,000 / 1,600,000  ( 86.2%)     531 step/s  ETA 0:06:54
10:34:21 [INFO]      1,390,000 / 1,600,000  ( 86.9%)     531 step/s  ETA 0:06:35
10:34:35 [INFO]      1,400,000 / 1,600,000  ( 87.5%)     532 step/s  ETA 0:06:15
10:35:09 [INFO]      1,410,000 / 1,600,000  ( 88.1%)     529 step/s  ETA 0:05:59
10:35:26 [INFO]      1,420,000 / 1,600,000  ( 88.8%)     529 step/s  ETA 0:05:40
10:35:44 [INFO]      1,430,000 / 1,600,000  ( 89.4%)     529 step/s  ETA 0:05:21
10:35:58 [INFO]      1,440,000 / 1,600,000  ( 90.0%)     530 step/s  ETA 0:05:01
10:36:31 [INFO]      1,450,000 / 1,600,000  ( 90.6%)     528 step/s  ETA 0:04:44
10:36:50 [INFO]      1,460,000 / 1,600,000  ( 91.2%)     528 step/s  ETA 0:04:25
10:37:07 [INFO]      1,470,000 / 1,600,000  ( 91.9%)     528 step/s  ETA 0:04:06
10:37:23 [INFO]      1,480,000 / 1,600,000  ( 92.5%)     529 step/s  ETA 0:03:47
10:37:51 [INFO]      1,490,000 / 1,600,000  ( 93.1%)     527 step/s  ETA 0:03:28
10:38:06 [INFO]      1,500,000 / 1,600,000  ( 93.8%)     528 step/s  ETA 0:03:09
10:38:22 [INFO]      1,510,000 / 1,600,000  ( 94.4%)     528 step/s  ETA 0:02:50
10:38:39 [INFO]      1,520,000 / 1,600,000  ( 95.0%)     528 step/s  ETA 0:02:31
10:39:11 [INFO]      1,530,000 / 1,600,000  ( 95.6%)     526 step/s  ETA 0:02:13
10:39:31 [INFO]      1,540,000 / 1,600,000  ( 96.2%)     526 step/s  ETA 0:01:54
10:39:45 [INFO]      1,550,000 / 1,600,000  ( 96.9%)     527 step/s  ETA 0:01:34
10:40:01 [INFO]      1,560,000 / 1,600,000  ( 97.5%)     527 step/s  ETA 0:01:15
10:40:29 [INFO]      1,570,000 / 1,600,000  ( 98.1%)     526 step/s  ETA 0:00:57
10:40:43 [INFO]      1,580,000 / 1,600,000  ( 98.8%)     527 step/s  ETA 0:00:37
10:40:58 [INFO]      1,590,000 / 1,600,000  ( 99.4%)     527 step/s  ETA 0:00:18
10:41:14 [INFO]      1,600,000 / 1,600,000  (100.0%)     528 step/s  ETA 0:00:00
10:41:18 [INFO] --> XONG  (0:50:16, 1,600,000 steps, log: Football_POCA_01.log)

10:41:18 [INFO] ======================================================================
10:41:18 [INFO] [2/7]  ctf_mappo   MAPPO @ capture
10:41:18 [INFO]         run-id  : ctf_mappo_v2
10:41:18 [INFO]         config  : ctf_mappo.yaml
10:41:18 [INFO]         steps   : 1,700,000
10:41:18 [INFO] ======================================================================
10:41:18 [INFO] cmd: C:\Users\Admin\miniconda3\envs\mlagents\Scripts\mlagents-learn.exe C:\Users\Admin\Documents\GitHub\GraduationProject\GraduationProject\training_logs\_config_override\ctf_mappo_v2_1700000.yaml --run-id ctf_mappo_v2 --results-dir C:\Users\Admin\Documents\GitHub\GraduationProject\GraduationProject\results --force --env C:\Users\Admin\Documents\GitHub\GraduationProject\GraduationProject\Builds\CaptureTheFlag\CaptureTheFlag.exe --no-graphics --time-scale 20.0
10:41:25 [WARN]     C:\Users\Admin\miniconda3\envs\mlagents\lib\site-packages\torch\utils\_device.py:77: UserWarning: The use of `x.T` on tensors of dimension other than 2 to reverse their shape is deprecated and it will throw an error in a future release. Consider `x.mT` to transpose batches of matrices or `x.permute(*torch.arange(x.ndim - 1, -1, -1))` to reverse the dimensions of a tensor. (Triggered internally at ..\aten\src\ATen\native\TensorShape.cpp:3641.)
10:41:44 [INFO]         20,000 / 1,700,000  (  1.2%)       0 step/s  ETA 0:00:00
10:42:17 [INFO]         40,000 / 1,700,000  (  2.4%)     338 step/s  ETA 1:21:57
10:42:50 [INFO]         60,000 / 1,700,000  (  3.5%)     435 step/s  ETA 1:02:46
10:43:21 [INFO]         80,000 / 1,700,000  (  4.7%)     490 step/s  ETA 0:55:07
10:43:54 [INFO]        100,000 / 1,700,000  (  5.9%)     513 step/s  ETA 0:51:57
10:44:28 [INFO]        120,000 / 1,700,000  (  7.1%)     528 step/s  ETA 0:49:53
10:45:00 [INFO]        140,000 / 1,700,000  (  8.2%)     540 step/s  ETA 0:48:09
10:45:31 [INFO]        160,000 / 1,700,000  (  9.4%)     553 step/s  ETA 0:46:24
10:46:04 [INFO]        180,000 / 1,700,000  ( 10.6%)     560 step/s  ETA 0:45:13
10:46:36 [INFO]        200,000 / 1,700,000  ( 11.8%)     567 step/s  ETA 0:44:06
10:47:09 [INFO]        220,000 / 1,700,000  ( 12.9%)     571 step/s  ETA 0:43:12
10:47:49 [INFO]        240,000 / 1,700,000  ( 14.1%)     564 step/s  ETA 0:43:10
10:48:26 [INFO]        260,000 / 1,700,000  ( 15.3%)     561 step/s  ETA 0:42:46
10:49:01 [INFO]        280,000 / 1,700,000  ( 16.5%)     562 step/s  ETA 0:42:06
10:49:34 [INFO]        300,000 / 1,700,000  ( 17.6%)     565 step/s  ETA 0:41:16
10:50:06 [INFO]        320,000 / 1,700,000  ( 18.8%)     568 step/s  ETA 0:40:28
10:50:41 [INFO]        340,000 / 1,700,000  ( 20.0%)     569 step/s  ETA 0:39:50
10:51:04 [INFO]        360,000 / 1,700,000  ( 21.2%)     580 step/s  ETA 0:38:29
10:51:39 [INFO]        380,000 / 1,700,000  ( 22.4%)     580 step/s  ETA 0:37:56
10:52:12 [INFO]        400,000 / 1,700,000  ( 23.5%)     581 step/s  ETA 0:37:18
10:52:53 [INFO]        420,000 / 1,700,000  ( 24.7%)     576 step/s  ETA 0:37:01
10:53:33 [INFO]        440,000 / 1,700,000  ( 25.9%)     572 step/s  ETA 0:36:42
10:54:08 [INFO]        460,000 / 1,700,000  ( 27.1%)     571 step/s  ETA 0:36:10
10:54:43 [INFO]        480,000 / 1,700,000  ( 28.2%)     572 step/s  ETA 0:35:34
10:55:16 [INFO]        500,000 / 1,700,000  ( 29.4%)     573 step/s  ETA 0:34:55
10:55:52 [INFO]        520,000 / 1,700,000  ( 30.6%)     572 step/s  ETA 0:34:22
10:56:27 [INFO]        540,000 / 1,700,000  ( 31.8%)     572 step/s  ETA 0:33:47
10:57:02 [INFO]        560,000 / 1,700,000  ( 32.9%)     572 step/s  ETA 0:33:12
10:57:38 [INFO]        580,000 / 1,700,000  ( 34.1%)     572 step/s  ETA 0:32:38
10:58:12 [INFO]        600,000 / 1,700,000  ( 35.3%)     572 step/s  ETA 0:32:03
10:58:48 [INFO]        620,000 / 1,700,000  ( 36.5%)     571 step/s  ETA 0:31:30
10:59:23 [INFO]        640,000 / 1,700,000  ( 37.6%)     571 step/s  ETA 0:30:55
10:59:58 [INFO]        660,000 / 1,700,000  ( 38.8%)     571 step/s  ETA 0:30:20
11:00:33 [INFO]        680,000 / 1,700,000  ( 40.0%)     571 step/s  ETA 0:29:45
11:01:09 [INFO]        700,000 / 1,700,000  ( 41.2%)     571 step/s  ETA 0:29:11
11:01:45 [INFO]        720,000 / 1,700,000  ( 42.4%)     571 step/s  ETA 0:28:37
11:02:20 [INFO]        740,000 / 1,700,000  ( 43.5%)     571 step/s  ETA 0:28:02
11:02:56 [INFO]        760,000 / 1,700,000  ( 44.7%)     570 step/s  ETA 0:27:28
11:03:34 [INFO]        780,000 / 1,700,000  ( 45.9%)     569 step/s  ETA 0:26:56
11:04:11 [INFO]        800,000 / 1,700,000  ( 47.1%)     568 step/s  ETA 0:26:23
11:04:50 [INFO]        820,000 / 1,700,000  ( 48.2%)     567 step/s  ETA 0:25:52
11:05:30 [INFO]        840,000 / 1,700,000  ( 49.4%)     565 step/s  ETA 0:25:22
11:06:09 [INFO]        860,000 / 1,700,000  ( 50.6%)     563 step/s  ETA 0:24:51
11:06:50 [INFO]        880,000 / 1,700,000  ( 51.8%)     561 step/s  ETA 0:24:20
11:07:29 [INFO]        900,000 / 1,700,000  ( 52.9%)     560 step/s  ETA 0:23:48
11:08:11 [INFO]        920,000 / 1,700,000  ( 54.1%)     558 step/s  ETA 0:23:17
11:08:55 [INFO]        940,000 / 1,700,000  ( 55.3%)     555 step/s  ETA 0:22:48
11:09:38 [INFO]        960,000 / 1,700,000  ( 56.5%)     553 step/s  ETA 0:22:18
11:10:21 [INFO]        980,000 / 1,700,000  ( 57.6%)     551 step/s  ETA 0:21:47
11:11:04 [INFO]      1,000,000 / 1,700,000  ( 58.8%)     549 step/s  ETA 0:21:15
11:11:34 [INFO]      1,020,000 / 1,700,000  ( 60.0%)     551 step/s  ETA 0:20:34
11:12:11 [INFO]      1,040,000 / 1,700,000  ( 61.2%)     551 step/s  ETA 0:19:58
11:12:46 [INFO]      1,060,000 / 1,700,000  ( 62.4%)     551 step/s  ETA 0:19:21
11:13:26 [INFO]      1,080,000 / 1,700,000  ( 63.5%)     550 step/s  ETA 0:18:47
11:14:05 [INFO]      1,100,000 / 1,700,000  ( 64.7%)     549 step/s  ETA 0:18:12
11:14:48 [INFO]      1,120,000 / 1,700,000  ( 65.9%)     547 step/s  ETA 0:17:39
11:15:24 [INFO]      1,140,000 / 1,700,000  ( 67.1%)     547 step/s  ETA 0:17:02
11:16:01 [INFO]      1,160,000 / 1,700,000  ( 68.2%)     547 step/s  ETA 0:16:26
11:16:37 [INFO]      1,180,000 / 1,700,000  ( 69.4%)     547 step/s  ETA 0:15:49
11:17:14 [INFO]      1,200,000 / 1,700,000  ( 70.6%)     547 step/s  ETA 0:15:13
11:17:53 [INFO]      1,220,000 / 1,700,000  ( 71.8%)     547 step/s  ETA 0:14:37
11:18:36 [INFO]      1,240,000 / 1,700,000  ( 72.9%)     545 step/s  ETA 0:14:03
11:19:19 [INFO]      1,260,000 / 1,700,000  ( 74.1%)     544 step/s  ETA 0:13:29
11:19:55 [INFO]      1,280,000 / 1,700,000  ( 75.3%)     544 step/s  ETA 0:12:52
11:20:39 [INFO]      1,300,000 / 1,700,000  ( 76.5%)     542 step/s  ETA 0:12:17
11:21:22 [INFO]      1,320,000 / 1,700,000  ( 77.6%)     541 step/s  ETA 0:11:42
11:21:59 [INFO]      1,340,000 / 1,700,000  ( 78.8%)     541 step/s  ETA 0:11:05
11:22:37 [INFO]      1,360,000 / 1,700,000  ( 80.0%)     541 step/s  ETA 0:10:28
11:23:15 [INFO]      1,380,000 / 1,700,000  ( 81.2%)     540 step/s  ETA 0:09:52
11:23:52 [INFO]      1,400,000 / 1,700,000  ( 82.4%)     540 step/s  ETA 0:09:15
11:24:30 [INFO]      1,420,000 / 1,700,000  ( 83.5%)     540 step/s  ETA 0:08:38
11:25:07 [INFO]      1,440,000 / 1,700,000  ( 84.7%)     540 step/s  ETA 0:08:01
11:25:44 [INFO]      1,460,000 / 1,700,000  ( 85.9%)     540 step/s  ETA 0:07:24
11:26:20 [INFO]      1,480,000 / 1,700,000  ( 87.1%)     540 step/s  ETA 0:06:47
11:26:59 [INFO]      1,500,000 / 1,700,000  ( 88.2%)     540 step/s  ETA 0:06:10
11:27:36 [INFO]      1,520,000 / 1,700,000  ( 89.4%)     540 step/s  ETA 0:05:33
11:28:14 [INFO]      1,540,000 / 1,700,000  ( 90.6%)     540 step/s  ETA 0:04:56
11:28:51 [INFO]      1,560,000 / 1,700,000  ( 91.8%)     540 step/s  ETA 0:04:19
11:29:36 [INFO]      1,580,000 / 1,700,000  ( 92.9%)     538 step/s  ETA 0:03:42
11:30:20 [INFO]      1,600,000 / 1,700,000  ( 94.1%)     537 step/s  ETA 0:03:06
11:30:57 [INFO]      1,620,000 / 1,700,000  ( 95.3%)     537 step/s  ETA 0:02:28
11:31:34 [INFO]      1,640,000 / 1,700,000  ( 96.5%)     537 step/s  ETA 0:01:51
11:32:13 [INFO]      1,660,000 / 1,700,000  ( 97.6%)     537 step/s  ETA 0:01:14
11:32:52 [INFO]      1,680,000 / 1,700,000  ( 98.8%)     537 step/s  ETA 0:00:37
11:33:30 [INFO]      1,700,000 / 1,700,000  (100.0%)     537 step/s  ETA 0:00:00
11:33:34 [INFO] --> XONG  (0:52:15, 1,700,000 steps, log: ctf_mappo_v2.log)

11:33:34 [INFO] ======================================================================
11:33:34 [INFO] [3/7]  fb_ppo   PPO @ football
11:33:34 [INFO]         run-id  : FB01
11:33:34 [INFO]         config  : football_ppo.yaml
11:33:34 [INFO]         steps   : 1,600,000
11:33:34 [INFO] ======================================================================
11:33:34 [INFO] cmd: C:\Users\Admin\miniconda3\envs\mlagents\Scripts\mlagents-learn.exe C:\Users\Admin\Documents\GitHub\GraduationProject\GraduationProject\training_logs\_config_override\FB01_1600000.yaml --run-id FB01 --results-dir C:\Users\Admin\Documents\GitHub\GraduationProject\GraduationProject\results --force --env C:\Users\Admin\Documents\GitHub\GraduationProject\GraduationProject\Builds\Football\Football.exe --no-graphics --time-scale 20.0
11:33:50 [INFO]         10,000 / 1,600,000  (  0.6%)       0 step/s  ETA 0:00:00
11:33:59 [INFO]         20,000 / 1,600,000  (  1.2%)     404 step/s  ETA 1:05:11
11:34:08 [INFO]         30,000 / 1,600,000  (  1.9%)     593 step/s  ETA 0:44:07
11:34:16 [INFO]         40,000 / 1,600,000  (  2.5%)     711 step/s  ETA 0:36:35
11:34:41 [INFO]         50,000 / 1,600,000  (  3.1%)     592 step/s  ETA 0:43:38
11:34:57 [INFO]         60,000 / 1,600,000  (  3.8%)     601 step/s  ETA 0:42:42
11:35:13 [INFO]         70,000 / 1,600,000  (  4.4%)     606 step/s  ETA 0:42:04
11:35:29 [INFO]         80,000 / 1,600,000  (  5.0%)     609 step/s  ETA 0:41:34
11:35:55 [INFO]         90,000 / 1,600,000  (  5.6%)     569 step/s  ETA 0:44:15
11:36:09 [INFO]        100,000 / 1,600,000  (  6.2%)     582 step/s  ETA 0:42:58
11:36:25 [INFO]        110,000 / 1,600,000  (  6.9%)     586 step/s  ETA 0:42:22
11:36:38 [INFO]        120,000 / 1,600,000  (  7.5%)     596 step/s  ETA 0:41:23
11:37:05 [INFO]        130,000 / 1,600,000  (  8.1%)     569 step/s  ETA 0:43:05
11:37:19 [INFO]        140,000 / 1,600,000  (  8.8%)     577 step/s  ETA 0:42:08
11:37:36 [INFO]        150,000 / 1,600,000  (  9.4%)     579 step/s  ETA 0:41:43
11:37:47 [INFO]        160,000 / 1,600,000  ( 10.0%)     594 step/s  ETA 0:40:26
11:38:14 [INFO]        170,000 / 1,600,000  ( 10.6%)     572 step/s  ETA 0:41:41
11:38:27 [INFO]        180,000 / 1,600,000  ( 11.2%)     581 step/s  ETA 0:40:44
11:38:39 [INFO]        190,000 / 1,600,000  ( 11.9%)     590 step/s  ETA 0:39:50
11:38:53 [INFO]        200,000 / 1,600,000  ( 12.5%)     595 step/s  ETA 0:39:13
11:39:21 [INFO]        210,000 / 1,600,000  ( 13.1%)     577 step/s  ETA 0:40:10
11:39:34 [INFO]        220,000 / 1,600,000  ( 13.8%)     582 step/s  ETA 0:39:29
11:39:49 [INFO]        230,000 / 1,600,000  ( 14.4%)     587 step/s  ETA 0:38:53
11:40:01 [INFO]        240,000 / 1,600,000  ( 15.0%)     595 step/s  ETA 0:38:06
11:40:27 [INFO]        250,000 / 1,600,000  ( 15.6%)     581 step/s  ETA 0:38:43
11:40:41 [INFO]        260,000 / 1,600,000  ( 16.2%)     586 step/s  ETA 0:38:08
11:40:55 [INFO]        270,000 / 1,600,000  ( 16.9%)     590 step/s  ETA 0:37:35
11:41:11 [INFO]        280,000 / 1,600,000  ( 17.5%)     590 step/s  ETA 0:37:16
11:41:40 [INFO]        290,000 / 1,600,000  ( 18.1%)     576 step/s  ETA 0:37:53
11:41:56 [INFO]        300,000 / 1,600,000  ( 18.8%)     578 step/s  ETA 0:37:28
11:42:12 [INFO]        310,000 / 1,600,000  ( 19.4%)     579 step/s  ETA 0:37:07
11:42:28 [INFO]        320,000 / 1,600,000  ( 20.0%)     580 step/s  ETA 0:36:46
11:42:57 [INFO]        330,000 / 1,600,000  ( 20.6%)     569 step/s  ETA 0:37:13
11:43:11 [INFO]        340,000 / 1,600,000  ( 21.2%)     572 step/s  ETA 0:36:41
11:43:24 [INFO]        350,000 / 1,600,000  ( 21.9%)     576 step/s  ETA 0:36:09
11:43:39 [INFO]        360,000 / 1,600,000  ( 22.5%)     578 step/s  ETA 0:35:44
11:44:07 [INFO]        370,000 / 1,600,000  ( 23.1%)     569 step/s  ETA 0:36:01
11:44:23 [INFO]        380,000 / 1,600,000  ( 23.8%)     570 step/s  ETA 0:35:39
11:44:35 [INFO]        390,000 / 1,600,000  ( 24.4%)     575 step/s  ETA 0:35:04
11:44:52 [INFO]        400,000 / 1,600,000  ( 25.0%)     575 step/s  ETA 0:34:46
11:45:09 [INFO]        410,000 / 1,600,000  ( 25.6%)     575 step/s  ETA 0:34:28
11:45:41 [INFO]        420,000 / 1,600,000  ( 26.2%)     564 step/s  ETA 0:34:51
11:45:54 [INFO]        430,000 / 1,600,000  ( 26.9%)     567 step/s  ETA 0:34:22
11:46:10 [INFO]        440,000 / 1,600,000  ( 27.5%)     569 step/s  ETA 0:33:59
11:46:23 [INFO]        450,000 / 1,600,000  ( 28.1%)     572 step/s  ETA 0:33:31
11:46:53 [INFO]        460,000 / 1,600,000  ( 28.8%)     563 step/s  ETA 0:33:43
11:47:09 [INFO]        470,000 / 1,600,000  ( 29.4%)     564 step/s  ETA 0:33:22
11:47:24 [INFO]        480,000 / 1,600,000  ( 30.0%)     566 step/s  ETA 0:32:58
11:47:41 [INFO]        490,000 / 1,600,000  ( 30.6%)     567 step/s  ETA 0:32:38
11:48:07 [INFO]        500,000 / 1,600,000  ( 31.2%)     561 step/s  ETA 0:32:41
11:48:24 [INFO]        510,000 / 1,600,000  ( 31.9%)     562 step/s  ETA 0:32:20
11:48:39 [INFO]        520,000 / 1,600,000  ( 32.5%)     564 step/s  ETA 0:31:56
11:48:53 [INFO]        530,000 / 1,600,000  ( 33.1%)     566 step/s  ETA 0:31:30
11:49:18 [INFO]        540,000 / 1,600,000  ( 33.8%)     561 step/s  ETA 0:31:27
11:49:31 [INFO]        550,000 / 1,600,000  ( 34.4%)     564 step/s  ETA 0:31:00
11:49:47 [INFO]        560,000 / 1,600,000  ( 35.0%)     565 step/s  ETA 0:30:40
11:50:00 [INFO]        570,000 / 1,600,000  ( 35.6%)     568 step/s  ETA 0:30:13
11:50:25 [INFO]        580,000 / 1,600,000  ( 36.2%)     564 step/s  ETA 0:30:09
11:50:37 [INFO]        590,000 / 1,600,000  ( 36.9%)     567 step/s  ETA 0:29:42
11:50:51 [INFO]        600,000 / 1,600,000  ( 37.5%)     569 step/s  ETA 0:29:18
11:51:05 [INFO]        610,000 / 1,600,000  ( 38.1%)     571 step/s  ETA 0:28:54
11:51:30 [INFO]        620,000 / 1,600,000  ( 38.8%)     567 step/s  ETA 0:28:48
11:51:45 [INFO]        630,000 / 1,600,000  ( 39.4%)     568 step/s  ETA 0:28:26
11:51:56 [INFO]        640,000 / 1,600,000  ( 40.0%)     572 step/s  ETA 0:27:58
11:52:10 [INFO]        650,000 / 1,600,000  ( 40.6%)     574 step/s  ETA 0:27:36
11:52:35 [INFO]        660,000 / 1,600,000  ( 41.2%)     570 step/s  ETA 0:27:30
11:52:53 [INFO]        670,000 / 1,600,000  ( 41.9%)     569 step/s  ETA 0:27:13
11:53:08 [INFO]        680,000 / 1,600,000  ( 42.5%)     571 step/s  ETA 0:26:52
11:53:24 [INFO]        690,000 / 1,600,000  ( 43.1%)     571 step/s  ETA 0:26:32
11:53:40 [INFO]        700,000 / 1,600,000  ( 43.8%)     572 step/s  ETA 0:26:12
11:54:09 [INFO]        710,000 / 1,600,000  ( 44.4%)     567 step/s  ETA 0:26:09
11:54:25 [INFO]        720,000 / 1,600,000  ( 45.0%)     568 step/s  ETA 0:25:50
11:54:38 [INFO]        730,000 / 1,600,000  ( 45.6%)     570 step/s  ETA 0:25:27
11:54:51 [INFO]        740,000 / 1,600,000  ( 46.2%)     571 step/s  ETA 0:25:05
11:55:16 [INFO]        750,000 / 1,600,000  ( 46.9%)     568 step/s  ETA 0:24:56
11:55:30 [INFO]        760,000 / 1,600,000  ( 47.5%)     570 step/s  ETA 0:24:34
11:55:44 [INFO]        770,000 / 1,600,000  ( 48.1%)     571 step/s  ETA 0:24:12
11:55:57 [INFO]        780,000 / 1,600,000  ( 48.8%)     573 step/s  ETA 0:23:50
11:56:24 [INFO]        790,000 / 1,600,000  ( 49.4%)     569 step/s  ETA 0:23:42
11:56:38 [INFO]        800,000 / 1,600,000  ( 50.0%)     571 step/s  ETA 0:23:21
11:56:52 [INFO]        810,000 / 1,600,000  ( 50.6%)     572 step/s  ETA 0:23:00
11:57:07 [INFO]        820,000 / 1,600,000  ( 51.2%)     573 step/s  ETA 0:22:40
11:57:32 [INFO]        830,000 / 1,600,000  ( 51.9%)     570 step/s  ETA 0:22:30
11:57:47 [INFO]        840,000 / 1,600,000  ( 52.5%)     571 step/s  ETA 0:22:10
11:57:59 [INFO]        850,000 / 1,600,000  ( 53.1%)     573 step/s  ETA 0:21:48
11:58:13 [INFO]        860,000 / 1,600,000  ( 53.8%)     575 step/s  ETA 0:21:27
11:58:38 [INFO]        870,000 / 1,600,000  ( 54.4%)     572 step/s  ETA 0:21:16
11:58:53 [INFO]        880,000 / 1,600,000  ( 55.0%)     573 step/s  ETA 0:20:57
11:59:06 [INFO]        890,000 / 1,600,000  ( 55.6%)     574 step/s  ETA 0:20:35
11:59:19 [INFO]        900,000 / 1,600,000  ( 56.2%)     576 step/s  ETA 0:20:14
11:59:46 [INFO]        910,000 / 1,600,000  ( 56.9%)     573 step/s  ETA 0:20:05
12:00:00 [INFO]        920,000 / 1,600,000  ( 57.5%)     574 step/s  ETA 0:19:45
12:00:15 [INFO]        930,000 / 1,600,000  ( 58.1%)     575 step/s  ETA 0:19:25
12:00:31 [INFO]        940,000 / 1,600,000  ( 58.8%)     575 step/s  ETA 0:19:07
12:00:56 [INFO]        950,000 / 1,600,000  ( 59.4%)     572 step/s  ETA 0:18:55
12:01:11 [INFO]        960,000 / 1,600,000  ( 60.0%)     573 step/s  ETA 0:18:36
12:01:27 [INFO]        970,000 / 1,600,000  ( 60.6%)     574 step/s  ETA 0:18:17
12:01:39 [INFO]        980,000 / 1,600,000  ( 61.2%)     575 step/s  ETA 0:17:57
12:02:07 [INFO]        990,000 / 1,600,000  ( 61.9%)     572 step/s  ETA 0:17:46
12:02:19 [INFO]      1,000,000 / 1,600,000  ( 62.5%)     574 step/s  ETA 0:17:25
12:02:37 [INFO]      1,010,000 / 1,600,000  ( 63.1%)     574 step/s  ETA 0:17:08
12:02:48 [INFO]      1,020,000 / 1,600,000  ( 63.8%)     576 step/s  ETA 0:16:47
12:03:16 [INFO]      1,030,000 / 1,600,000  ( 64.4%)     572 step/s  ETA 0:16:35
12:03:29 [INFO]      1,040,000 / 1,600,000  ( 65.0%)     574 step/s  ETA 0:16:15
12:03:45 [INFO]      1,050,000 / 1,600,000  ( 65.6%)     574 step/s  ETA 0:15:57
12:03:57 [INFO]      1,060,000 / 1,600,000  ( 66.2%)     576 step/s  ETA 0:15:37
12:04:12 [INFO]      1,070,000 / 1,600,000  ( 66.9%)     577 step/s  ETA 0:15:19
12:04:39 [INFO]      1,080,000 / 1,600,000  ( 67.5%)     574 step/s  ETA 0:15:06
12:04:51 [INFO]      1,090,000 / 1,600,000  ( 68.1%)     575 step/s  ETA 0:14:46
12:05:07 [INFO]      1,100,000 / 1,600,000  ( 68.8%)     576 step/s  ETA 0:14:28
12:05:24 [INFO]      1,110,000 / 1,600,000  ( 69.4%)     576 step/s  ETA 0:14:10
12:05:50 [INFO]      1,120,000 / 1,600,000  ( 70.0%)     573 step/s  ETA 0:13:57
12:06:03 [INFO]      1,130,000 / 1,600,000  ( 70.6%)     575 step/s  ETA 0:13:37
12:06:20 [INFO]      1,140,000 / 1,600,000  ( 71.2%)     575 step/s  ETA 0:13:20
12:06:36 [INFO]      1,150,000 / 1,600,000  ( 71.9%)     575 step/s  ETA 0:13:02
12:07:03 [INFO]      1,160,000 / 1,600,000  ( 72.5%)     572 step/s  ETA 0:12:48
12:07:18 [INFO]      1,170,000 / 1,600,000  ( 73.1%)     573 step/s  ETA 0:12:30
12:07:33 [INFO]      1,180,000 / 1,600,000  ( 73.8%)     574 step/s  ETA 0:12:11
12:07:50 [INFO]      1,190,000 / 1,600,000  ( 74.4%)     574 step/s  ETA 0:11:54
12:08:18 [INFO]      1,200,000 / 1,600,000  ( 75.0%)     571 step/s  ETA 0:11:40
12:08:40 [INFO]      1,210,000 / 1,600,000  ( 75.6%)     570 step/s  ETA 0:11:24
12:08:54 [INFO]      1,220,000 / 1,600,000  ( 76.2%)     571 step/s  ETA 0:11:05
12:09:12 [INFO]      1,230,000 / 1,600,000  ( 76.9%)     571 step/s  ETA 0:10:48
12:09:38 [INFO]      1,240,000 / 1,600,000  ( 77.5%)     568 step/s  ETA 0:10:33
12:09:54 [INFO]      1,250,000 / 1,600,000  ( 78.1%)     569 step/s  ETA 0:10:15
12:10:08 [INFO]      1,260,000 / 1,600,000  ( 78.8%)     570 step/s  ETA 0:09:56
12:10:24 [INFO]      1,270,000 / 1,600,000  ( 79.4%)     570 step/s  ETA 0:09:38
12:10:51 [INFO]      1,280,000 / 1,600,000  ( 80.0%)     568 step/s  ETA 0:09:23
12:11:08 [INFO]      1,290,000 / 1,600,000  ( 80.6%)     568 step/s  ETA 0:09:05
12:11:22 [INFO]      1,300,000 / 1,600,000  ( 81.2%)     569 step/s  ETA 0:08:47
12:11:40 [INFO]      1,310,000 / 1,600,000  ( 81.9%)     569 step/s  ETA 0:08:30
12:12:06 [INFO]      1,320,000 / 1,600,000  ( 82.5%)     566 step/s  ETA 0:08:14
12:12:21 [INFO]      1,330,000 / 1,600,000  ( 83.1%)     567 step/s  ETA 0:07:55
12:12:38 [INFO]      1,340,000 / 1,600,000  ( 83.8%)     567 step/s  ETA 0:07:38
12:12:53 [INFO]      1,350,000 / 1,600,000  ( 84.4%)     568 step/s  ETA 0:07:20
12:13:21 [INFO]      1,360,000 / 1,600,000  ( 85.0%)     566 step/s  ETA 0:07:04
12:13:34 [INFO]      1,370,000 / 1,600,000  ( 85.6%)     567 step/s  ETA 0:06:45
12:13:49 [INFO]      1,380,000 / 1,600,000  ( 86.2%)     567 step/s  ETA 0:06:27
12:14:08 [INFO]      1,390,000 / 1,600,000  ( 86.9%)     567 step/s  ETA 0:06:10
12:14:32 [INFO]      1,400,000 / 1,600,000  ( 87.5%)     565 step/s  ETA 0:05:53
12:14:50 [INFO]      1,410,000 / 1,600,000  ( 88.1%)     565 step/s  ETA 0:05:36
12:15:08 [INFO]      1,420,000 / 1,600,000  ( 88.8%)     565 step/s  ETA 0:05:18
12:15:20 [INFO]      1,430,000 / 1,600,000  ( 89.4%)     567 step/s  ETA 0:05:00
12:15:37 [INFO]      1,440,000 / 1,600,000  ( 90.0%)     567 step/s  ETA 0:04:42
12:16:04 [INFO]      1,450,000 / 1,600,000  ( 90.6%)     565 step/s  ETA 0:04:25
12:16:18 [INFO]      1,460,000 / 1,600,000  ( 91.2%)     565 step/s  ETA 0:04:07
12:16:35 [INFO]      1,470,000 / 1,600,000  ( 91.9%)     566 step/s  ETA 0:03:49
12:16:50 [INFO]      1,480,000 / 1,600,000  ( 92.5%)     566 step/s  ETA 0:03:31
12:17:21 [INFO]      1,490,000 / 1,600,000  ( 93.1%)     563 step/s  ETA 0:03:15
12:17:33 [INFO]      1,500,000 / 1,600,000  ( 93.8%)     565 step/s  ETA 0:02:57
12:17:52 [INFO]      1,510,000 / 1,600,000  ( 94.4%)     564 step/s  ETA 0:02:39
12:18:07 [INFO]      1,520,000 / 1,600,000  ( 95.0%)     565 step/s  ETA 0:02:21
12:18:36 [INFO]      1,530,000 / 1,600,000  ( 95.6%)     563 step/s  ETA 0:02:04
12:18:50 [INFO]      1,540,000 / 1,600,000  ( 96.2%)     563 step/s  ETA 0:01:46
12:19:05 [INFO]      1,550,000 / 1,600,000  ( 96.9%)     564 step/s  ETA 0:01:28
12:19:22 [INFO]      1,560,000 / 1,600,000  ( 97.5%)     564 step/s  ETA 0:01:10
12:19:48 [INFO]      1,570,000 / 1,600,000  ( 98.1%)     562 step/s  ETA 0:00:53
12:20:05 [INFO]      1,580,000 / 1,600,000  ( 98.8%)     563 step/s  ETA 0:00:35
12:20:20 [INFO]      1,590,000 / 1,600,000  ( 99.4%)     563 step/s  ETA 0:00:17
12:20:34 [INFO]      1,600,000 / 1,600,000  (100.0%)     564 step/s  ETA 0:00:00
12:20:37 [INFO] --> XONG  (0:47:03, 1,600,000 steps, log: FB01.log)

12:20:37 [INFO] ======================================================================
12:20:37 [INFO] [4/7]  fb_sac   SAC @ football
12:20:37 [INFO]         run-id  : Football_SAC_01
12:20:37 [INFO]         config  : football_sac.yaml
12:20:37 [INFO]         steps   : 1,600,000
12:20:37 [INFO] ======================================================================
12:20:37 [INFO] cmd: C:\Users\Admin\miniconda3\envs\mlagents\Scripts\mlagents-learn.exe C:\Users\Admin\Documents\GitHub\GraduationProject\GraduationProject\training_logs\_config_override\Football_SAC_01_1600000.yaml --run-id Football_SAC_01 --results-dir C:\Users\Admin\Documents\GitHub\GraduationProject\GraduationProject\results --force --env C:\Users\Admin\Documents\GitHub\GraduationProject\GraduationProject\Builds\Football\Football.exe --no-graphics --time-scale 20.0
12:21:25 [INFO]         10,000 / 1,600,000  (  0.6%)       0 step/s  ETA 0:00:00
12:22:37 [INFO]         20,000 / 1,600,000  (  1.2%)      84 step/s  ETA 5:15:00
12:23:48 [INFO]         30,000 / 1,600,000  (  1.9%)     105 step/s  ETA 4:09:06
12:24:59 [INFO]         40,000 / 1,600,000  (  2.5%)     115 step/s  ETA 3:46:40
12:26:10 [INFO]         50,000 / 1,600,000  (  3.1%)     120 step/s  ETA 3:34:52
12:27:23 [INFO]         60,000 / 1,600,000  (  3.8%)     123 step/s  ETA 3:28:05
12:28:33 [INFO]         70,000 / 1,600,000  (  4.4%)     126 step/s  ETA 3:21:56
12:29:44 [INFO]         80,000 / 1,600,000  (  5.0%)     128 step/s  ETA 3:18:00
12:30:57 [INFO]         90,000 / 1,600,000  (  5.6%)     129 step/s  ETA 3:14:57
12:32:08 [INFO]        100,000 / 1,600,000  (  6.2%)     130 step/s  ETA 3:11:46
12:33:22 [INFO]        110,000 / 1,600,000  (  6.9%)     131 step/s  ETA 3:09:51
12:34:35 [INFO]        120,000 / 1,600,000  (  7.5%)     131 step/s  ETA 3:07:51
12:35:49 [INFO]        130,000 / 1,600,000  (  8.1%)     132 step/s  ETA 3:06:04
12:37:01 [INFO]        140,000 / 1,600,000  (  8.8%)     132 step/s  ETA 3:04:09
12:38:16 [INFO]        150,000 / 1,600,000  (  9.4%)     132 step/s  ETA 3:02:48
12:39:29 [INFO]        160,000 / 1,600,000  ( 10.0%)     133 step/s  ETA 3:01:06
12:40:44 [INFO]        170,000 / 1,600,000  ( 10.6%)     133 step/s  ETA 2:59:47
12:41:55 [INFO]        180,000 / 1,600,000  ( 11.2%)     133 step/s  ETA 2:57:55
12:43:10 [INFO]        190,000 / 1,600,000  ( 11.9%)     133 step/s  ETA 2:56:35
12:44:22 [INFO]        200,000 / 1,600,000  ( 12.5%)     133 step/s  ETA 2:54:56
12:45:40 [INFO]        210,000 / 1,600,000  ( 13.1%)     133 step/s  ETA 2:54:03
12:46:52 [INFO]        220,000 / 1,600,000  ( 13.8%)     133 step/s  ETA 2:52:25
12:48:02 [INFO]        230,000 / 1,600,000  ( 14.4%)     134 step/s  ETA 2:50:39
12:49:14 [INFO]        240,000 / 1,600,000  ( 15.0%)     134 step/s  ETA 2:49:08
12:50:26 [INFO]        250,000 / 1,600,000  ( 15.6%)     134 step/s  ETA 2:47:42
12:51:41 [INFO]        260,000 / 1,600,000  ( 16.2%)     134 step/s  ETA 2:46:30
12:52:50 [INFO]        270,000 / 1,600,000  ( 16.9%)     135 step/s  ETA 2:44:47
12:54:08 [INFO]        280,000 / 1,600,000  ( 17.5%)     134 step/s  ETA 2:43:49
12:55:18 [INFO]        290,000 / 1,600,000  ( 18.1%)     135 step/s  ETA 2:42:12
12:56:00 [INFO]        300,000 / 1,600,000  ( 18.8%)     137 step/s  ETA 2:38:34
12:56:43 [INFO]        310,000 / 1,600,000  ( 19.4%)     139 step/s  ETA 2:35:11
12:57:25 [INFO]        320,000 / 1,600,000  ( 20.0%)     140 step/s  ETA 2:31:56
12:58:07 [INFO]        330,000 / 1,600,000  ( 20.6%)     142 step/s  ETA 2:28:47
12:58:50 [INFO]        340,000 / 1,600,000  ( 21.2%)     144 step/s  ETA 2:25:53
12:59:33 [INFO]        350,000 / 1,600,000  ( 21.9%)     146 step/s  ETA 2:23:05
13:00:14 [INFO]        360,000 / 1,600,000  ( 22.5%)     147 step/s  ETA 2:20:18
13:00:56 [INFO]        370,000 / 1,600,000  ( 23.1%)     149 step/s  ETA 2:17:43
13:01:38 [INFO]        380,000 / 1,600,000  ( 23.8%)     150 step/s  ETA 2:15:14
13:02:21 [INFO]        390,000 / 1,600,000  ( 24.4%)     152 step/s  ETA 2:12:53
13:03:02 [INFO]        400,000 / 1,600,000  ( 25.0%)     153 step/s  ETA 2:10:29
13:03:45 [INFO]        410,000 / 1,600,000  ( 25.6%)     155 step/s  ETA 2:08:18
13:04:29 [INFO]        420,000 / 1,600,000  ( 26.2%)     156 step/s  ETA 2:06:12
13:05:10 [INFO]        430,000 / 1,600,000  ( 26.9%)     157 step/s  ETA 2:04:05
13:05:52 [INFO]        440,000 / 1,600,000  ( 27.5%)     158 step/s  ETA 2:02:04
13:06:34 [INFO]        450,000 / 1,600,000  ( 28.1%)     160 step/s  ETA 2:00:05
13:07:17 [INFO]        460,000 / 1,600,000  ( 28.8%)     161 step/s  ETA 1:58:13
13:07:58 [INFO]        470,000 / 1,600,000  ( 29.4%)     162 step/s  ETA 1:56:17
13:08:40 [INFO]        480,000 / 1,600,000  ( 30.0%)     163 step/s  ETA 1:54:28
13:09:22 [INFO]        490,000 / 1,600,000  ( 30.6%)     164 step/s  ETA 1:52:42
13:10:04 [INFO]        500,000 / 1,600,000  ( 31.2%)     165 step/s  ETA 1:50:59
13:10:47 [INFO]        510,000 / 1,600,000  ( 31.9%)     166 step/s  ETA 1:49:20
13:11:30 [INFO]        520,000 / 1,600,000  ( 32.5%)     167 step/s  ETA 1:47:44
13:12:11 [INFO]        530,000 / 1,600,000  ( 33.1%)     168 step/s  ETA 1:46:06
13:12:52 [INFO]        540,000 / 1,600,000  ( 33.8%)     169 step/s  ETA 1:44:30
13:13:36 [INFO]        550,000 / 1,600,000  ( 34.4%)     170 step/s  ETA 1:43:00
13:14:17 [INFO]        560,000 / 1,600,000  ( 35.0%)     171 step/s  ETA 1:41:28
13:15:00 [INFO]        570,000 / 1,600,000  ( 35.6%)     172 step/s  ETA 1:40:00
13:15:40 [INFO]        580,000 / 1,600,000  ( 36.2%)     173 step/s  ETA 1:38:30
13:16:24 [INFO]        590,000 / 1,600,000  ( 36.9%)     173 step/s  ETA 1:37:08
13:17:05 [INFO]        600,000 / 1,600,000  ( 37.5%)     174 step/s  ETA 1:35:42
13:17:48 [INFO]        610,000 / 1,600,000  ( 38.1%)     175 step/s  ETA 1:34:21
13:18:31 [INFO]        620,000 / 1,600,000  ( 38.8%)     176 step/s  ETA 1:33:00
13:19:10 [INFO]        630,000 / 1,600,000  ( 39.4%)     176 step/s  ETA 1:31:35
13:19:53 [INFO]        640,000 / 1,600,000  ( 40.0%)     177 step/s  ETA 1:30:18
13:20:36 [INFO]        650,000 / 1,600,000  ( 40.6%)     178 step/s  ETA 1:29:01
13:21:16 [INFO]        660,000 / 1,600,000  ( 41.2%)     179 step/s  ETA 1:27:42
13:22:00 [INFO]        670,000 / 1,600,000  ( 41.9%)     179 step/s  ETA 1:26:29
13:22:43 [INFO]        680,000 / 1,600,000  ( 42.5%)     180 step/s  ETA 1:25:16
13:23:24 [INFO]        690,000 / 1,600,000  ( 43.1%)     181 step/s  ETA 1:24:01
13:24:06 [INFO]        700,000 / 1,600,000  ( 43.8%)     181 step/s  ETA 1:22:47
13:24:49 [INFO]        710,000 / 1,600,000  ( 44.4%)     182 step/s  ETA 1:21:37
13:25:31 [INFO]        720,000 / 1,600,000  ( 45.0%)     182 step/s  ETA 1:20:25
13:26:13 [INFO]        730,000 / 1,600,000  ( 45.6%)     183 step/s  ETA 1:19:15
13:26:56 [INFO]        740,000 / 1,600,000  ( 46.2%)     183 step/s  ETA 1:18:07
13:27:38 [INFO]        750,000 / 1,600,000  ( 46.9%)     184 step/s  ETA 1:16:58
13:28:21 [INFO]        760,000 / 1,600,000  ( 47.5%)     185 step/s  ETA 1:15:51
13:29:00 [INFO]        770,000 / 1,600,000  ( 48.1%)     185 step/s  ETA 1:14:40
13:29:45 [INFO]        780,000 / 1,600,000  ( 48.8%)     186 step/s  ETA 1:13:36
13:30:27 [INFO]        790,000 / 1,600,000  ( 49.4%)     186 step/s  ETA 1:12:30
13:31:08 [INFO]        800,000 / 1,600,000  ( 50.0%)     187 step/s  ETA 1:11:24
13:31:50 [INFO]        810,000 / 1,600,000  ( 50.6%)     187 step/s  ETA 1:10:19
13:32:31 [INFO]        820,000 / 1,600,000  ( 51.2%)     188 step/s  ETA 1:09:14
13:33:16 [INFO]        830,000 / 1,600,000  ( 51.9%)     188 step/s  ETA 1:08:13
13:33:58 [INFO]        840,000 / 1,600,000  ( 52.5%)     189 step/s  ETA 1:07:09
13:34:41 [INFO]        850,000 / 1,600,000  ( 53.1%)     189 step/s  ETA 1:06:07
13:35:23 [INFO]        860,000 / 1,600,000  ( 53.8%)     189 step/s  ETA 1:05:05
13:36:05 [INFO]        870,000 / 1,600,000  ( 54.4%)     190 step/s  ETA 1:04:03
13:36:49 [INFO]        880,000 / 1,600,000  ( 55.0%)     190 step/s  ETA 1:03:03
13:37:57 [INFO]        890,000 / 1,600,000  ( 55.6%)     190 step/s  ETA 1:02:23
13:39:10 [INFO]        900,000 / 1,600,000  ( 56.2%)     189 step/s  ETA 1:01:46
13:40:26 [INFO]        910,000 / 1,600,000  ( 56.9%)     188 step/s  ETA 1:01:11
13:41:42 [INFO]        920,000 / 1,600,000  ( 57.5%)     187 step/s  ETA 1:00:35
13:42:59 [INFO]        930,000 / 1,600,000  ( 58.1%)     186 step/s  ETA 0:59:58
13:44:11 [INFO]        940,000 / 1,600,000  ( 58.8%)     185 step/s  ETA 0:59:18
13:45:26 [INFO]        950,000 / 1,600,000  ( 59.4%)     185 step/s  ETA 0:58:38
13:46:38 [INFO]        960,000 / 1,600,000  ( 60.0%)     184 step/s  ETA 0:57:56
13:47:51 [INFO]        970,000 / 1,600,000  ( 60.6%)     183 step/s  ETA 0:57:14
13:49:07 [INFO]        980,000 / 1,600,000  ( 61.2%)     183 step/s  ETA 0:56:33
13:50:18 [INFO]        990,000 / 1,600,000  ( 61.9%)     182 step/s  ETA 0:55:49
13:51:33 [INFO]      1,000,000 / 1,600,000  ( 62.5%)     181 step/s  ETA 0:55:06
13:52:44 [INFO]      1,010,000 / 1,600,000  ( 63.1%)     181 step/s  ETA 0:54:20
13:54:05 [INFO]      1,020,000 / 1,600,000  ( 63.8%)     180 step/s  ETA 0:53:40
13:55:16 [INFO]      1,030,000 / 1,600,000  ( 64.4%)     180 step/s  ETA 0:52:53
13:56:31 [INFO]      1,040,000 / 1,600,000  ( 65.0%)     179 step/s  ETA 0:52:08
13:57:42 [INFO]      1,050,000 / 1,600,000  ( 65.6%)     179 step/s  ETA 0:51:20
13:58:56 [INFO]      1,060,000 / 1,600,000  ( 66.2%)     178 step/s  ETA 0:50:33
14:00:13 [INFO]      1,070,000 / 1,600,000  ( 66.9%)     177 step/s  ETA 0:49:47
14:01:26 [INFO]      1,080,000 / 1,600,000  ( 67.5%)     177 step/s  ETA 0:48:59
14:02:39 [INFO]      1,090,000 / 1,600,000  ( 68.1%)     176 step/s  ETA 0:48:10
14:03:55 [INFO]      1,100,000 / 1,600,000  ( 68.8%)     176 step/s  ETA 0:47:23
14:05:12 [INFO]      1,110,000 / 1,600,000  ( 69.4%)     175 step/s  ETA 0:46:35
14:06:27 [INFO]      1,120,000 / 1,600,000  ( 70.0%)     175 step/s  ETA 0:45:45
14:07:39 [INFO]      1,130,000 / 1,600,000  ( 70.6%)     174 step/s  ETA 0:44:54
14:08:55 [INFO]      1,140,000 / 1,600,000  ( 71.2%)     174 step/s  ETA 0:44:04
14:10:11 [INFO]      1,150,000 / 1,600,000  ( 71.9%)     173 step/s  ETA 0:43:14
14:11:24 [INFO]      1,160,000 / 1,600,000  ( 72.5%)     173 step/s  ETA 0:42:23
14:12:37 [INFO]      1,170,000 / 1,600,000  ( 73.1%)     173 step/s  ETA 0:41:30
14:13:52 [INFO]      1,180,000 / 1,600,000  ( 73.8%)     172 step/s  ETA 0:40:39
14:15:05 [INFO]      1,190,000 / 1,600,000  ( 74.4%)     172 step/s  ETA 0:39:46
14:16:20 [INFO]      1,200,000 / 1,600,000  ( 75.0%)     171 step/s  ETA 0:38:53
14:17:35 [INFO]      1,210,000 / 1,600,000  ( 75.6%)     171 step/s  ETA 0:38:00
14:18:50 [INFO]      1,220,000 / 1,600,000  ( 76.2%)     171 step/s  ETA 0:37:07
14:20:04 [INFO]      1,230,000 / 1,600,000  ( 76.9%)     170 step/s  ETA 0:36:13
14:21:19 [INFO]      1,240,000 / 1,600,000  ( 77.5%)     170 step/s  ETA 0:35:19
14:22:34 [INFO]      1,250,000 / 1,600,000  ( 78.1%)     169 step/s  ETA 0:34:25
14:23:46 [INFO]      1,260,000 / 1,600,000  ( 78.8%)     169 step/s  ETA 0:33:29
14:25:05 [INFO]      1,270,000 / 1,600,000  ( 79.4%)     169 step/s  ETA 0:32:35
14:26:18 [INFO]      1,280,000 / 1,600,000  ( 80.0%)     168 step/s  ETA 0:31:39
14:27:33 [INFO]      1,290,000 / 1,600,000  ( 80.6%)     168 step/s  ETA 0:30:44
14:28:45 [INFO]      1,300,000 / 1,600,000  ( 81.2%)     168 step/s  ETA 0:29:47
14:29:58 [INFO]      1,310,000 / 1,600,000  ( 81.9%)     168 step/s  ETA 0:28:51
14:31:15 [INFO]      1,320,000 / 1,600,000  ( 82.5%)     167 step/s  ETA 0:27:55
14:32:28 [INFO]      1,330,000 / 1,600,000  ( 83.1%)     167 step/s  ETA 0:26:58
14:33:39 [INFO]      1,340,000 / 1,600,000  ( 83.8%)     167 step/s  ETA 0:26:00
14:34:54 [INFO]      1,350,000 / 1,600,000  ( 84.4%)     166 step/s  ETA 0:25:03
14:36:07 [INFO]      1,360,000 / 1,600,000  ( 85.0%)     166 step/s  ETA 0:24:05
14:37:19 [INFO]      1,370,000 / 1,600,000  ( 85.6%)     166 step/s  ETA 0:23:07
14:38:36 [INFO]      1,380,000 / 1,600,000  ( 86.2%)     165 step/s  ETA 0:22:09
14:39:49 [INFO]      1,390,000 / 1,600,000  ( 86.9%)     165 step/s  ETA 0:21:10
14:41:03 [INFO]      1,400,000 / 1,600,000  ( 87.5%)     165 step/s  ETA 0:20:12
14:42:21 [INFO]      1,410,000 / 1,600,000  ( 88.1%)     165 step/s  ETA 0:19:14
14:43:35 [INFO]      1,420,000 / 1,600,000  ( 88.8%)     164 step/s  ETA 0:18:15
14:44:51 [INFO]      1,430,000 / 1,600,000  ( 89.4%)     164 step/s  ETA 0:17:15
14:46:04 [INFO]      1,440,000 / 1,600,000  ( 90.0%)     164 step/s  ETA 0:16:16
14:47:18 [INFO]      1,450,000 / 1,600,000  ( 90.6%)     164 step/s  ETA 0:15:16
14:48:31 [INFO]      1,460,000 / 1,600,000  ( 91.2%)     163 step/s  ETA 0:14:16
14:49:46 [INFO]      1,470,000 / 1,600,000  ( 91.9%)     163 step/s  ETA 0:13:16
14:51:02 [INFO]      1,480,000 / 1,600,000  ( 92.5%)     163 step/s  ETA 0:12:16
14:52:16 [INFO]      1,490,000 / 1,600,000  ( 93.1%)     163 step/s  ETA 0:11:16
14:53:27 [INFO]      1,500,000 / 1,600,000  ( 93.8%)     162 step/s  ETA 0:10:15
14:54:49 [INFO]      1,510,000 / 1,600,000  ( 94.4%)     162 step/s  ETA 0:09:15
14:56:04 [INFO]      1,520,000 / 1,600,000  ( 95.0%)     162 step/s  ETA 0:08:14
14:57:18 [INFO]      1,530,000 / 1,600,000  ( 95.6%)     162 step/s  ETA 0:07:12
14:58:31 [INFO]      1,540,000 / 1,600,000  ( 96.2%)     161 step/s  ETA 0:06:11
14:59:42 [INFO]      1,550,000 / 1,600,000  ( 96.9%)     161 step/s  ETA 0:05:09
15:00:57 [INFO]      1,560,000 / 1,600,000  ( 97.5%)     161 step/s  ETA 0:04:08
15:02:12 [INFO]      1,570,000 / 1,600,000  ( 98.1%)     161 step/s  ETA 0:03:06
15:03:25 [INFO]      1,580,000 / 1,600,000  ( 98.8%)     161 step/s  ETA 0:02:04
15:04:42 [INFO]      1,590,000 / 1,600,000  ( 99.4%)     160 step/s  ETA 0:01:02
15:05:58 [INFO]      1,600,000 / 1,600,000  (100.0%)     160 step/s  ETA 0:00:00
15:06:06 [INFO] --> XONG  (2:45:28, 1,600,000 steps, log: Football_SAC_01.log)

15:06:06 [INFO] ======================================================================
15:06:06 [INFO] [5/7]  fb_mappo   MAPPO @ football
15:06:06 [INFO]         run-id  : Football_MAPPO_01
15:06:06 [INFO]         config  : football_mappo.yaml
15:06:06 [INFO]         steps   : 1,600,000
15:06:06 [INFO] ======================================================================
15:06:06 [INFO] cmd: C:\Users\Admin\miniconda3\envs\mlagents\Scripts\mlagents-learn.exe C:\Users\Admin\Documents\GitHub\GraduationProject\GraduationProject\training_logs\_config_override\Football_MAPPO_01_1600000.yaml --run-id Football_MAPPO_01 --results-dir C:\Users\Admin\Documents\GitHub\GraduationProject\GraduationProject\results --force --env C:\Users\Admin\Documents\GitHub\GraduationProject\GraduationProject\Builds\Football\Football.exe --no-graphics --time-scale 20.0
15:06:27 [INFO]         10,000 / 1,600,000  (  0.6%)       0 step/s  ETA 0:00:00
15:06:36 [INFO]         20,000 / 1,600,000  (  1.2%)     334 step/s  ETA 1:18:54
15:06:47 [INFO]         30,000 / 1,600,000  (  1.9%)     483 step/s  ETA 0:54:09
15:06:56 [INFO]         40,000 / 1,600,000  (  2.5%)     597 step/s  ETA 0:43:33
15:07:11 [INFO]         50,000 / 1,600,000  (  3.1%)     609 step/s  ETA 0:42:25
15:07:20 [INFO]         60,000 / 1,600,000  (  3.8%)     668 step/s  ETA 0:38:24
15:07:30 [INFO]         70,000 / 1,600,000  (  4.4%)     708 step/s  ETA 0:36:00
15:07:41 [INFO]         80,000 / 1,600,000  (  5.0%)     735 step/s  ETA 0:34:28
15:07:56 [INFO]         90,000 / 1,600,000  (  5.6%)     722 step/s  ETA 0:34:51
15:08:08 [INFO]        100,000 / 1,600,000  (  6.2%)     736 step/s  ETA 0:33:59
15:08:20 [INFO]        110,000 / 1,600,000  (  6.9%)     744 step/s  ETA 0:33:22
15:08:29 [INFO]        120,000 / 1,600,000  (  7.5%)     770 step/s  ETA 0:32:02
15:08:46 [INFO]        130,000 / 1,600,000  (  8.1%)     751 step/s  ETA 0:32:38
15:08:55 [INFO]        140,000 / 1,600,000  (  8.8%)     769 step/s  ETA 0:31:38
15:09:06 [INFO]        150,000 / 1,600,000  (  9.4%)     777 step/s  ETA 0:31:06
15:09:14 [INFO]        160,000 / 1,600,000  ( 10.0%)     794 step/s  ETA 0:30:12
15:09:30 [INFO]        170,000 / 1,600,000  ( 10.6%)     782 step/s  ETA 0:30:28
15:09:40 [INFO]        180,000 / 1,600,000  ( 11.2%)     792 step/s  ETA 0:29:52
15:09:53 [INFO]        190,000 / 1,600,000  ( 11.9%)     790 step/s  ETA 0:29:44
15:10:06 [INFO]        200,000 / 1,600,000  ( 12.5%)     790 step/s  ETA 0:29:32
15:10:37 [INFO]        210,000 / 1,600,000  ( 13.1%)     736 step/s  ETA 0:31:28
15:10:53 [INFO]        220,000 / 1,600,000  ( 13.8%)     731 step/s  ETA 0:31:27
15:11:10 [INFO]        230,000 / 1,600,000  ( 14.4%)     722 step/s  ETA 0:31:37
15:11:28 [INFO]        240,000 / 1,600,000  ( 15.0%)     714 step/s  ETA 0:31:45
15:11:56 [INFO]        250,000 / 1,600,000  ( 15.6%)     684 step/s  ETA 0:32:53
15:12:11 [INFO]        260,000 / 1,600,000  ( 16.2%)     684 step/s  ETA 0:32:40
15:12:26 [INFO]        270,000 / 1,600,000  ( 16.9%)     684 step/s  ETA 0:32:25
15:12:43 [INFO]        280,000 / 1,600,000  ( 17.5%)     679 step/s  ETA 0:32:24
15:13:11 [INFO]        290,000 / 1,600,000  ( 18.1%)     659 step/s  ETA 0:33:08
15:13:25 [INFO]        300,000 / 1,600,000  ( 18.8%)     660 step/s  ETA 0:32:50
15:13:44 [INFO]        310,000 / 1,600,000  ( 19.4%)     655 step/s  ETA 0:32:50
15:14:00 [INFO]        320,000 / 1,600,000  ( 20.0%)     653 step/s  ETA 0:32:39
15:14:14 [INFO]        330,000 / 1,600,000  ( 20.6%)     656 step/s  ETA 0:32:16
15:14:40 [INFO]        340,000 / 1,600,000  ( 21.2%)     641 step/s  ETA 0:32:44
15:14:55 [INFO]        350,000 / 1,600,000  ( 21.9%)     642 step/s  ETA 0:32:26
15:15:09 [INFO]        360,000 / 1,600,000  ( 22.5%)     644 step/s  ETA 0:32:06
15:15:24 [INFO]        370,000 / 1,600,000  ( 23.1%)     644 step/s  ETA 0:31:48
15:15:56 [INFO]        380,000 / 1,600,000  ( 23.8%)     627 step/s  ETA 0:32:26
15:16:11 [INFO]        390,000 / 1,600,000  ( 24.4%)     628 step/s  ETA 0:32:08
15:16:27 [INFO]        400,000 / 1,600,000  ( 25.0%)     628 step/s  ETA 0:31:52
15:16:45 [INFO]        410,000 / 1,600,000  ( 25.6%)     626 step/s  ETA 0:31:40
15:17:14 [INFO]        420,000 / 1,600,000  ( 26.2%)     613 step/s  ETA 0:32:03
15:17:31 [INFO]        430,000 / 1,600,000  ( 26.9%)     613 step/s  ETA 0:31:49
15:17:45 [INFO]        440,000 / 1,600,000  ( 27.5%)     615 step/s  ETA 0:31:27
15:18:04 [INFO]        450,000 / 1,600,000  ( 28.1%)     612 step/s  ETA 0:31:18
15:18:30 [INFO]        460,000 / 1,600,000  ( 28.8%)     604 step/s  ETA 0:31:26
15:18:44 [INFO]        470,000 / 1,600,000  ( 29.4%)     607 step/s  ETA 0:31:01
15:18:58 [INFO]        480,000 / 1,600,000  ( 30.0%)     608 step/s  ETA 0:30:41
15:19:14 [INFO]        490,000 / 1,600,000  ( 30.6%)     609 step/s  ETA 0:30:24
15:19:44 [INFO]        500,000 / 1,600,000  ( 31.2%)     599 step/s  ETA 0:30:37
15:20:02 [INFO]        510,000 / 1,600,000  ( 31.9%)     598 step/s  ETA 0:30:23
15:20:18 [INFO]        520,000 / 1,600,000  ( 32.5%)     598 step/s  ETA 0:30:05
15:20:35 [INFO]        530,000 / 1,600,000  ( 33.1%)     598 step/s  ETA 0:29:48
15:21:03 [INFO]        540,000 / 1,600,000  ( 33.8%)     590 step/s  ETA 0:29:55
15:21:23 [INFO]        550,000 / 1,600,000  ( 34.4%)     589 step/s  ETA 0:29:43
15:21:38 [INFO]        560,000 / 1,600,000  ( 35.0%)     590 step/s  ETA 0:29:22
15:21:55 [INFO]        570,000 / 1,600,000  ( 35.6%)     590 step/s  ETA 0:29:05
15:22:23 [INFO]        580,000 / 1,600,000  ( 36.2%)     583 step/s  ETA 0:29:09
15:22:38 [INFO]        590,000 / 1,600,000  ( 36.9%)     585 step/s  ETA 0:28:47
15:22:53 [INFO]        600,000 / 1,600,000  ( 37.5%)     586 step/s  ETA 0:28:26
15:23:10 [INFO]        610,000 / 1,600,000  ( 38.1%)     586 step/s  ETA 0:28:09
15:23:25 [INFO]        620,000 / 1,600,000  ( 38.8%)     587 step/s  ETA 0:27:50
15:23:51 [INFO]        630,000 / 1,600,000  ( 39.4%)     582 step/s  ETA 0:27:46
15:24:09 [INFO]        640,000 / 1,600,000  ( 40.0%)     582 step/s  ETA 0:27:30
15:24:24 [INFO]        650,000 / 1,600,000  ( 40.6%)     583 step/s  ETA 0:27:10
15:24:38 [INFO]        660,000 / 1,600,000  ( 41.2%)     584 step/s  ETA 0:26:49
15:25:06 [INFO]        670,000 / 1,600,000  ( 41.9%)     579 step/s  ETA 0:26:46
15:25:20 [INFO]        680,000 / 1,600,000  ( 42.5%)     581 step/s  ETA 0:26:24
15:25:35 [INFO]        690,000 / 1,600,000  ( 43.1%)     581 step/s  ETA 0:26:05
15:25:50 [INFO]        700,000 / 1,600,000  ( 43.8%)     583 step/s  ETA 0:25:44
15:26:20 [INFO]        710,000 / 1,600,000  ( 44.4%)     577 step/s  ETA 0:25:43
15:26:33 [INFO]        720,000 / 1,600,000  ( 45.0%)     578 step/s  ETA 0:25:21
15:26:49 [INFO]        730,000 / 1,600,000  ( 45.6%)     579 step/s  ETA 0:25:01
15:27:04 [INFO]        740,000 / 1,600,000  ( 46.2%)     580 step/s  ETA 0:24:42
15:27:30 [INFO]        750,000 / 1,600,000  ( 46.9%)     576 step/s  ETA 0:24:35
15:27:46 [INFO]        760,000 / 1,600,000  ( 47.5%)     577 step/s  ETA 0:24:15
15:28:02 [INFO]        770,000 / 1,600,000  ( 48.1%)     577 step/s  ETA 0:23:57
15:28:15 [INFO]        780,000 / 1,600,000  ( 48.8%)     579 step/s  ETA 0:23:35
15:28:44 [INFO]        790,000 / 1,600,000  ( 49.4%)     574 step/s  ETA 0:23:30
15:28:58 [INFO]        800,000 / 1,600,000  ( 50.0%)     576 step/s  ETA 0:23:09
15:29:18 [INFO]        810,000 / 1,600,000  ( 50.6%)     575 step/s  ETA 0:22:54
15:29:33 [INFO]        820,000 / 1,600,000  ( 51.2%)     576 step/s  ETA 0:22:35
15:30:01 [INFO]        830,000 / 1,600,000  ( 51.9%)     571 step/s  ETA 0:22:28
15:30:17 [INFO]        840,000 / 1,600,000  ( 52.5%)     572 step/s  ETA 0:22:08
15:30:33 [INFO]        850,000 / 1,600,000  ( 53.1%)     572 step/s  ETA 0:21:50
15:30:49 [INFO]        860,000 / 1,600,000  ( 53.8%)     573 step/s  ETA 0:21:31
15:31:18 [INFO]        870,000 / 1,600,000  ( 54.4%)     569 step/s  ETA 0:21:23
15:31:32 [INFO]        880,000 / 1,600,000  ( 55.0%)     570 step/s  ETA 0:21:03
15:31:46 [INFO]        890,000 / 1,600,000  ( 55.6%)     571 step/s  ETA 0:20:42
15:32:01 [INFO]        900,000 / 1,600,000  ( 56.2%)     572 step/s  ETA 0:20:23
15:32:32 [INFO]        910,000 / 1,600,000  ( 56.9%)     567 step/s  ETA 0:20:15
15:32:46 [INFO]        920,000 / 1,600,000  ( 57.5%)     568 step/s  ETA 0:19:56
15:33:01 [INFO]        930,000 / 1,600,000  ( 58.1%)     570 step/s  ETA 0:19:36
15:33:17 [INFO]        940,000 / 1,600,000  ( 58.8%)     570 step/s  ETA 0:19:17
15:33:44 [INFO]        950,000 / 1,600,000  ( 59.4%)     567 step/s  ETA 0:19:06
15:33:59 [INFO]        960,000 / 1,600,000  ( 60.0%)     568 step/s  ETA 0:18:47
15:34:14 [INFO]        970,000 / 1,600,000  ( 60.6%)     569 step/s  ETA 0:18:27
15:34:30 [INFO]        980,000 / 1,600,000  ( 61.2%)     569 step/s  ETA 0:18:09
15:34:45 [INFO]        990,000 / 1,600,000  ( 61.9%)     570 step/s  ETA 0:17:50
15:35:12 [INFO]      1,000,000 / 1,600,000  ( 62.5%)     567 step/s  ETA 0:17:38
15:35:31 [INFO]      1,010,000 / 1,600,000  ( 63.1%)     566 step/s  ETA 0:17:21
15:35:46 [INFO]      1,020,000 / 1,600,000  ( 63.8%)     567 step/s  ETA 0:17:02
15:35:59 [INFO]      1,030,000 / 1,600,000  ( 64.4%)     569 step/s  ETA 0:16:42
15:36:28 [INFO]      1,040,000 / 1,600,000  ( 65.0%)     565 step/s  ETA 0:16:30
15:36:43 [INFO]      1,050,000 / 1,600,000  ( 65.6%)     566 step/s  ETA 0:16:11
15:36:58 [INFO]      1,060,000 / 1,600,000  ( 66.2%)     567 step/s  ETA 0:15:52
15:37:15 [INFO]      1,070,000 / 1,600,000  ( 66.9%)     567 step/s  ETA 0:15:34
15:37:41 [INFO]      1,080,000 / 1,600,000  ( 67.5%)     565 step/s  ETA 0:15:21
15:37:56 [INFO]      1,090,000 / 1,600,000  ( 68.1%)     565 step/s  ETA 0:15:02
15:38:11 [INFO]      1,100,000 / 1,600,000  ( 68.8%)     566 step/s  ETA 0:14:43
15:38:28 [INFO]      1,110,000 / 1,600,000  ( 69.4%)     566 step/s  ETA 0:14:25
15:38:55 [INFO]      1,120,000 / 1,600,000  ( 70.0%)     564 step/s  ETA 0:14:11
15:39:10 [INFO]      1,130,000 / 1,600,000  ( 70.6%)     564 step/s  ETA 0:13:52
15:39:25 [INFO]      1,140,000 / 1,600,000  ( 71.2%)     565 step/s  ETA 0:13:33
15:39:39 [INFO]      1,150,000 / 1,600,000  ( 71.9%)     566 step/s  ETA 0:13:14
15:40:06 [INFO]      1,160,000 / 1,600,000  ( 72.5%)     564 step/s  ETA 0:13:00
15:40:22 [INFO]      1,170,000 / 1,600,000  ( 73.1%)     564 step/s  ETA 0:12:42
15:40:37 [INFO]      1,180,000 / 1,600,000  ( 73.8%)     565 step/s  ETA 0:12:23
15:40:50 [INFO]      1,190,000 / 1,600,000  ( 74.4%)     566 step/s  ETA 0:12:04
15:41:17 [INFO]      1,200,000 / 1,600,000  ( 75.0%)     564 step/s  ETA 0:11:49
15:41:36 [INFO]      1,210,000 / 1,600,000  ( 75.6%)     563 step/s  ETA 0:11:32
15:41:52 [INFO]      1,220,000 / 1,600,000  ( 76.2%)     564 step/s  ETA 0:11:14
15:42:07 [INFO]      1,230,000 / 1,600,000  ( 76.9%)     564 step/s  ETA 0:10:55
15:42:33 [INFO]      1,240,000 / 1,600,000  ( 77.5%)     562 step/s  ETA 0:10:40
15:42:49 [INFO]      1,250,000 / 1,600,000  ( 78.1%)     563 step/s  ETA 0:10:21
15:43:07 [INFO]      1,260,000 / 1,600,000  ( 78.8%)     563 step/s  ETA 0:10:04
15:43:17 [INFO]      1,270,000 / 1,600,000  ( 79.4%)     565 step/s  ETA 0:09:44
15:43:45 [INFO]      1,280,000 / 1,600,000  ( 80.0%)     562 step/s  ETA 0:09:29
15:44:01 [INFO]      1,290,000 / 1,600,000  ( 80.6%)     563 step/s  ETA 0:09:11
15:44:15 [INFO]      1,300,000 / 1,600,000  ( 81.2%)     563 step/s  ETA 0:08:52
15:44:33 [INFO]      1,310,000 / 1,600,000  ( 81.9%)     563 step/s  ETA 0:08:34
15:45:03 [INFO]      1,320,000 / 1,600,000  ( 82.5%)     560 step/s  ETA 0:08:19
15:45:20 [INFO]      1,330,000 / 1,600,000  ( 83.1%)     561 step/s  ETA 0:08:01
15:45:35 [INFO]      1,340,000 / 1,600,000  ( 83.8%)     561 step/s  ETA 0:07:43
15:45:49 [INFO]      1,350,000 / 1,600,000  ( 84.4%)     562 step/s  ETA 0:07:24
15:46:17 [INFO]      1,360,000 / 1,600,000  ( 85.0%)     560 step/s  ETA 0:07:08
15:46:34 [INFO]      1,370,000 / 1,600,000  ( 85.6%)     560 step/s  ETA 0:06:50
15:46:48 [INFO]      1,380,000 / 1,600,000  ( 86.2%)     561 step/s  ETA 0:06:32
15:47:04 [INFO]      1,390,000 / 1,600,000  ( 86.9%)     561 step/s  ETA 0:06:14
15:47:22 [INFO]      1,400,000 / 1,600,000  ( 87.5%)     561 step/s  ETA 0:05:56
15:47:55 [INFO]      1,410,000 / 1,600,000  ( 88.1%)     558 step/s  ETA 0:05:40
15:48:11 [INFO]      1,420,000 / 1,600,000  ( 88.8%)     558 step/s  ETA 0:05:22
15:48:27 [INFO]      1,430,000 / 1,600,000  ( 89.4%)     559 step/s  ETA 0:05:04
15:48:45 [INFO]      1,440,000 / 1,600,000  ( 90.0%)     559 step/s  ETA 0:04:46
15:49:13 [INFO]      1,450,000 / 1,600,000  ( 90.6%)     557 step/s  ETA 0:04:29
15:49:28 [INFO]      1,460,000 / 1,600,000  ( 91.2%)     557 step/s  ETA 0:04:11
15:49:44 [INFO]      1,470,000 / 1,600,000  ( 91.9%)     558 step/s  ETA 0:03:53
15:49:58 [INFO]      1,480,000 / 1,600,000  ( 92.5%)     558 step/s  ETA 0:03:34
15:50:26 [INFO]      1,490,000 / 1,600,000  ( 93.1%)     556 step/s  ETA 0:03:17
15:50:41 [INFO]      1,500,000 / 1,600,000  ( 93.8%)     557 step/s  ETA 0:02:59
15:51:00 [INFO]      1,510,000 / 1,600,000  ( 94.4%)     557 step/s  ETA 0:02:41
15:51:16 [INFO]      1,520,000 / 1,600,000  ( 95.0%)     557 step/s  ETA 0:02:23
15:51:45 [INFO]      1,530,000 / 1,600,000  ( 95.6%)     555 step/s  ETA 0:02:06
15:52:01 [INFO]      1,540,000 / 1,600,000  ( 96.2%)     555 step/s  ETA 0:01:48
15:52:18 [INFO]      1,550,000 / 1,600,000  ( 96.9%)     556 step/s  ETA 0:01:30
15:52:35 [INFO]      1,560,000 / 1,600,000  ( 97.5%)     556 step/s  ETA 0:01:11
15:53:04 [INFO]      1,570,000 / 1,600,000  ( 98.1%)     553 step/s  ETA 0:00:54
15:53:21 [INFO]      1,580,000 / 1,600,000  ( 98.8%)     554 step/s  ETA 0:00:36
15:53:37 [INFO]      1,590,000 / 1,600,000  ( 99.4%)     554 step/s  ETA 0:00:18
15:53:52 [INFO]      1,600,000 / 1,600,000  (100.0%)     555 step/s  ETA 0:00:00
15:53:56 [INFO] --> XONG  (0:47:50, 1,600,000 steps, log: Football_MAPPO_01.log)

15:53:56 [INFO] ======================================================================
15:53:56 [INFO] [6/7]  fb_dqn   DQN @ football
15:53:56 [INFO]         run-id  : football_dqn_v1
15:53:56 [INFO]         config  : football_dqn.yaml
15:53:56 [INFO]         steps   : 1,600,000
15:53:56 [INFO] ======================================================================
15:53:56 [INFO] cmd: C:\Users\Admin\miniconda3\envs\mlagents\Scripts\mlagents-learn.exe C:\Users\Admin\Documents\GitHub\GraduationProject\GraduationProject\training_logs\_config_override\football_dqn_v1_1600000.yaml --run-id football_dqn_v1 --results-dir C:\Users\Admin\Documents\GitHub\GraduationProject\GraduationProject\results --force --env C:\Users\Admin\Documents\GitHub\GraduationProject\GraduationProject\Builds\FootballDiscrete\FootballDiscrete.exe --no-graphics --time-scale 20.0
15:54:37 [INFO]         10,000 / 1,600,000  (  0.6%)       0 step/s  ETA 0:00:00
15:55:26 [INFO]         20,000 / 1,600,000  (  1.2%)     112 step/s  ETA 3:55:54
15:56:16 [INFO]         30,000 / 1,600,000  (  1.9%)     143 step/s  ETA 3:02:37
15:57:14 [INFO]         40,000 / 1,600,000  (  2.5%)     151 step/s  ETA 2:51:48
15:58:03 [INFO]         50,000 / 1,600,000  (  3.1%)     162 step/s  ETA 2:39:40
15:58:59 [INFO]         60,000 / 1,600,000  (  3.8%)     165 step/s  ETA 2:35:35
15:59:47 [INFO]         70,000 / 1,600,000  (  4.4%)     171 step/s  ETA 2:29:17
16:00:45 [INFO]         80,000 / 1,600,000  (  5.0%)     171 step/s  ETA 2:28:10
16:01:42 [INFO]         90,000 / 1,600,000  (  5.6%)     172 step/s  ETA 2:26:31
16:02:36 [INFO]        100,000 / 1,600,000  (  6.2%)     173 step/s  ETA 2:24:28
16:03:25 [INFO]        110,000 / 1,600,000  (  6.9%)     176 step/s  ETA 2:21:26
16:04:21 [INFO]        120,000 / 1,600,000  (  7.5%)     176 step/s  ETA 2:20:10
16:05:12 [INFO]        130,000 / 1,600,000  (  8.1%)     178 step/s  ETA 2:18:00
16:06:04 [INFO]        140,000 / 1,600,000  (  8.8%)     179 step/s  ETA 2:16:16
16:06:59 [INFO]        150,000 / 1,600,000  (  9.4%)     179 step/s  ETA 2:15:07
16:07:54 [INFO]        160,000 / 1,600,000  ( 10.0%)     179 step/s  ETA 2:14:05
16:08:45 [INFO]        170,000 / 1,600,000  ( 10.6%)     180 step/s  ETA 2:12:29
16:09:36 [INFO]        180,000 / 1,600,000  ( 11.2%)     181 step/s  ETA 2:10:52
16:10:31 [INFO]        190,000 / 1,600,000  ( 11.9%)     181 step/s  ETA 2:09:57
16:11:23 [INFO]        200,000 / 1,600,000  ( 12.5%)     181 step/s  ETA 2:08:34
16:12:21 [INFO]        210,000 / 1,600,000  ( 13.1%)     181 step/s  ETA 2:08:03
16:13:14 [INFO]        220,000 / 1,600,000  ( 13.8%)     181 step/s  ETA 2:06:49
16:14:10 [INFO]        230,000 / 1,600,000  ( 14.4%)     181 step/s  ETA 2:05:57
16:15:04 [INFO]        240,000 / 1,600,000  ( 15.0%)     181 step/s  ETA 2:05:00
16:16:00 [INFO]        250,000 / 1,600,000  ( 15.6%)     181 step/s  ETA 2:04:07
16:16:54 [INFO]        260,000 / 1,600,000  ( 16.2%)     181 step/s  ETA 2:03:08
16:17:47 [INFO]        270,000 / 1,600,000  ( 16.9%)     182 step/s  ETA 2:02:02
16:18:44 [INFO]        280,000 / 1,600,000  ( 17.5%)     181 step/s  ETA 2:01:12
16:19:28 [INFO]        290,000 / 1,600,000  ( 18.1%)     183 step/s  ETA 1:59:26
16:20:28 [INFO]        300,000 / 1,600,000  ( 18.8%)     182 step/s  ETA 1:58:57
16:21:20 [INFO]        310,000 / 1,600,000  ( 19.4%)     182 step/s  ETA 1:57:49
16:22:14 [INFO]        320,000 / 1,600,000  ( 20.0%)     183 step/s  ETA 1:56:52
16:23:01 [INFO]        330,000 / 1,600,000  ( 20.6%)     183 step/s  ETA 1:55:25
16:24:06 [INFO]        340,000 / 1,600,000  ( 21.2%)     182 step/s  ETA 1:55:09
16:24:59 [INFO]        350,000 / 1,600,000  ( 21.9%)     183 step/s  ETA 1:54:08
16:25:51 [INFO]        360,000 / 1,600,000  ( 22.5%)     183 step/s  ETA 1:53:04
16:26:37 [INFO]        370,000 / 1,600,000  ( 23.1%)     184 step/s  ETA 1:51:40
16:27:41 [INFO]        380,000 / 1,600,000  ( 23.8%)     183 step/s  ETA 1:51:17
16:28:33 [INFO]        390,000 / 1,600,000  ( 24.4%)     183 step/s  ETA 1:50:15
16:29:33 [INFO]        400,000 / 1,600,000  ( 25.0%)     183 step/s  ETA 1:49:34
16:30:26 [INFO]        410,000 / 1,600,000  ( 25.6%)     183 step/s  ETA 1:48:34
16:31:23 [INFO]        420,000 / 1,600,000  ( 26.2%)     182 step/s  ETA 1:47:46
16:32:16 [INFO]        430,000 / 1,600,000  ( 26.9%)     183 step/s  ETA 1:46:48
16:33:08 [INFO]        440,000 / 1,600,000  ( 27.5%)     183 step/s  ETA 1:45:46
16:34:07 [INFO]        450,000 / 1,600,000  ( 28.1%)     182 step/s  ETA 1:45:02
16:35:05 [INFO]        460,000 / 1,600,000  ( 28.8%)     182 step/s  ETA 1:44:15
16:36:00 [INFO]        470,000 / 1,600,000  ( 29.4%)     182 step/s  ETA 1:43:21
16:36:57 [INFO]        480,000 / 1,600,000  ( 30.0%)     182 step/s  ETA 1:42:30
16:37:50 [INFO]        490,000 / 1,600,000  ( 30.6%)     182 step/s  ETA 1:41:30
16:38:47 [INFO]        500,000 / 1,600,000  ( 31.2%)     182 step/s  ETA 1:40:40
16:39:46 [INFO]        510,000 / 1,600,000  ( 31.9%)     182 step/s  ETA 1:39:54
16:40:39 [INFO]        520,000 / 1,600,000  ( 32.5%)     182 step/s  ETA 1:38:56
16:41:40 [INFO]        530,000 / 1,600,000  ( 33.1%)     182 step/s  ETA 1:38:12
16:42:34 [INFO]        540,000 / 1,600,000  ( 33.8%)     182 step/s  ETA 1:37:15
16:43:26 [INFO]        550,000 / 1,600,000  ( 34.4%)     182 step/s  ETA 1:36:14
16:44:20 [INFO]        560,000 / 1,600,000  ( 35.0%)     182 step/s  ETA 1:35:17
16:45:14 [INFO]        570,000 / 1,600,000  ( 35.6%)     182 step/s  ETA 1:34:21
16:46:08 [INFO]        580,000 / 1,600,000  ( 36.2%)     182 step/s  ETA 1:33:24
16:46:59 [INFO]        590,000 / 1,600,000  ( 36.9%)     182 step/s  ETA 1:32:22
16:47:59 [INFO]        600,000 / 1,600,000  ( 37.5%)     182 step/s  ETA 1:31:37
16:48:54 [INFO]        610,000 / 1,600,000  ( 38.1%)     182 step/s  ETA 1:30:40
16:49:49 [INFO]        620,000 / 1,600,000  ( 38.8%)     182 step/s  ETA 1:29:46
16:50:45 [INFO]        630,000 / 1,600,000  ( 39.4%)     182 step/s  ETA 1:28:53
16:51:42 [INFO]        640,000 / 1,600,000  ( 40.0%)     182 step/s  ETA 1:28:01
16:52:34 [INFO]        650,000 / 1,600,000  ( 40.6%)     182 step/s  ETA 1:27:01
16:53:26 [INFO]        660,000 / 1,600,000  ( 41.2%)     182 step/s  ETA 1:26:03
16:54:22 [INFO]        670,000 / 1,600,000  ( 41.9%)     182 step/s  ETA 1:25:09
16:55:14 [INFO]        680,000 / 1,600,000  ( 42.5%)     182 step/s  ETA 1:24:10
16:56:12 [INFO]        690,000 / 1,600,000  ( 43.1%)     182 step/s  ETA 1:23:20
16:57:07 [INFO]        700,000 / 1,600,000  ( 43.8%)     182 step/s  ETA 1:22:24
16:58:01 [INFO]        710,000 / 1,600,000  ( 44.4%)     182 step/s  ETA 1:21:29
16:58:57 [INFO]        720,000 / 1,600,000  ( 45.0%)     182 step/s  ETA 1:20:35
16:59:50 [INFO]        730,000 / 1,600,000  ( 45.6%)     182 step/s  ETA 1:19:38
17:00:48 [INFO]        740,000 / 1,600,000  ( 46.2%)     182 step/s  ETA 1:18:46
17:01:39 [INFO]        750,000 / 1,600,000  ( 46.9%)     182 step/s  ETA 1:17:47
17:02:36 [INFO]        760,000 / 1,600,000  ( 47.5%)     182 step/s  ETA 1:16:54
17:03:30 [INFO]        770,000 / 1,600,000  ( 48.1%)     182 step/s  ETA 1:15:57
17:04:24 [INFO]        780,000 / 1,600,000  ( 48.8%)     182 step/s  ETA 1:15:02
17:05:17 [INFO]        790,000 / 1,600,000  ( 49.4%)     182 step/s  ETA 1:14:05
17:06:10 [INFO]        800,000 / 1,600,000  ( 50.0%)     182 step/s  ETA 1:13:09
17:07:12 [INFO]        810,000 / 1,600,000  ( 50.6%)     182 step/s  ETA 1:12:21
17:08:06 [INFO]        820,000 / 1,600,000  ( 51.2%)     182 step/s  ETA 1:11:25
17:09:06 [INFO]        830,000 / 1,600,000  ( 51.9%)     182 step/s  ETA 1:10:35
17:10:01 [INFO]        840,000 / 1,600,000  ( 52.5%)     182 step/s  ETA 1:09:39
17:11:00 [INFO]        850,000 / 1,600,000  ( 53.1%)     182 step/s  ETA 1:08:48
17:11:54 [INFO]        860,000 / 1,600,000  ( 53.8%)     182 step/s  ETA 1:07:52
17:12:52 [INFO]        870,000 / 1,600,000  ( 54.4%)     182 step/s  ETA 1:07:00
17:13:43 [INFO]        880,000 / 1,600,000  ( 55.0%)     182 step/s  ETA 1:06:01
17:14:46 [INFO]        890,000 / 1,600,000  ( 55.6%)     181 step/s  ETA 1:05:13
17:15:40 [INFO]        900,000 / 1,600,000  ( 56.2%)     181 step/s  ETA 1:04:17
17:16:37 [INFO]        910,000 / 1,600,000  ( 56.9%)     181 step/s  ETA 1:03:23
17:17:29 [INFO]        920,000 / 1,600,000  ( 57.5%)     182 step/s  ETA 1:02:26
17:18:25 [INFO]        930,000 / 1,600,000  ( 58.1%)     182 step/s  ETA 1:01:31
17:19:25 [INFO]        940,000 / 1,600,000  ( 58.8%)     181 step/s  ETA 1:00:39
17:20:20 [INFO]        950,000 / 1,600,000  ( 59.4%)     181 step/s  ETA 0:59:45
17:21:11 [INFO]        960,000 / 1,600,000  ( 60.0%)     181 step/s  ETA 0:58:47
17:22:12 [INFO]        970,000 / 1,600,000  ( 60.6%)     181 step/s  ETA 0:57:55
17:23:08 [INFO]        980,000 / 1,600,000  ( 61.2%)     181 step/s  ETA 0:57:00
17:24:00 [INFO]        990,000 / 1,600,000  ( 61.9%)     181 step/s  ETA 0:56:03
17:25:05 [INFO]      1,000,000 / 1,600,000  ( 62.5%)     181 step/s  ETA 0:55:14
17:25:59 [INFO]      1,010,000 / 1,600,000  ( 63.1%)     181 step/s  ETA 0:54:18
17:26:54 [INFO]      1,020,000 / 1,600,000  ( 63.8%)     181 step/s  ETA 0:53:23
17:27:49 [INFO]      1,030,000 / 1,600,000  ( 64.4%)     181 step/s  ETA 0:52:27
17:28:43 [INFO]      1,040,000 / 1,600,000  ( 65.0%)     181 step/s  ETA 0:51:31
17:29:44 [INFO]      1,050,000 / 1,600,000  ( 65.6%)     181 step/s  ETA 0:50:39
17:30:43 [INFO]      1,060,000 / 1,600,000  ( 66.2%)     181 step/s  ETA 0:49:46
17:31:34 [INFO]      1,070,000 / 1,600,000  ( 66.9%)     181 step/s  ETA 0:48:49
17:32:31 [INFO]      1,080,000 / 1,600,000  ( 67.5%)     181 step/s  ETA 0:47:54
17:33:30 [INFO]      1,090,000 / 1,600,000  ( 68.1%)     181 step/s  ETA 0:47:00
17:34:24 [INFO]      1,100,000 / 1,600,000  ( 68.8%)     181 step/s  ETA 0:46:05
17:35:23 [INFO]      1,110,000 / 1,600,000  ( 69.4%)     181 step/s  ETA 0:45:11
17:36:14 [INFO]      1,120,000 / 1,600,000  ( 70.0%)     181 step/s  ETA 0:44:14
17:37:11 [INFO]      1,130,000 / 1,600,000  ( 70.6%)     181 step/s  ETA 0:43:19
17:38:05 [INFO]      1,140,000 / 1,600,000  ( 71.2%)     181 step/s  ETA 0:42:23
17:38:59 [INFO]      1,150,000 / 1,600,000  ( 71.9%)     181 step/s  ETA 0:41:27
17:39:54 [INFO]      1,160,000 / 1,600,000  ( 72.5%)     181 step/s  ETA 0:40:32
17:40:47 [INFO]      1,170,000 / 1,600,000  ( 73.1%)     181 step/s  ETA 0:39:36
17:41:43 [INFO]      1,180,000 / 1,600,000  ( 73.8%)     181 step/s  ETA 0:38:41
17:42:36 [INFO]      1,190,000 / 1,600,000  ( 74.4%)     181 step/s  ETA 0:37:45
17:43:31 [INFO]      1,200,000 / 1,600,000  ( 75.0%)     181 step/s  ETA 0:36:50
17:44:32 [INFO]      1,210,000 / 1,600,000  ( 75.6%)     181 step/s  ETA 0:35:56
17:45:26 [INFO]      1,220,000 / 1,600,000  ( 76.2%)     181 step/s  ETA 0:35:01
17:46:20 [INFO]      1,230,000 / 1,600,000  ( 76.9%)     181 step/s  ETA 0:34:05
17:47:13 [INFO]      1,240,000 / 1,600,000  ( 77.5%)     181 step/s  ETA 0:33:09
17:48:04 [INFO]      1,250,000 / 1,600,000  ( 78.1%)     181 step/s  ETA 0:32:12
17:49:02 [INFO]      1,260,000 / 1,600,000  ( 78.8%)     181 step/s  ETA 0:31:18
17:49:58 [INFO]      1,270,000 / 1,600,000  ( 79.4%)     181 step/s  ETA 0:30:23
17:50:52 [INFO]      1,280,000 / 1,600,000  ( 80.0%)     181 step/s  ETA 0:29:27
17:51:45 [INFO]      1,290,000 / 1,600,000  ( 80.6%)     181 step/s  ETA 0:28:31
17:52:39 [INFO]      1,300,000 / 1,600,000  ( 81.2%)     181 step/s  ETA 0:27:36
17:53:35 [INFO]      1,310,000 / 1,600,000  ( 81.9%)     181 step/s  ETA 0:26:41
17:54:28 [INFO]      1,320,000 / 1,600,000  ( 82.5%)     181 step/s  ETA 0:25:45
17:55:26 [INFO]      1,330,000 / 1,600,000  ( 83.1%)     181 step/s  ETA 0:24:51
17:56:22 [INFO]      1,340,000 / 1,600,000  ( 83.8%)     181 step/s  ETA 0:23:56
17:57:23 [INFO]      1,350,000 / 1,600,000  ( 84.4%)     181 step/s  ETA 0:23:01
17:58:16 [INFO]      1,360,000 / 1,600,000  ( 85.0%)     181 step/s  ETA 0:22:06
17:59:14 [INFO]      1,370,000 / 1,600,000  ( 85.6%)     181 step/s  ETA 0:21:11
18:00:08 [INFO]      1,380,000 / 1,600,000  ( 86.2%)     181 step/s  ETA 0:20:15
18:01:09 [INFO]      1,390,000 / 1,600,000  ( 86.9%)     181 step/s  ETA 0:19:21
18:02:06 [INFO]      1,400,000 / 1,600,000  ( 87.5%)     181 step/s  ETA 0:18:26
18:03:05 [INFO]      1,410,000 / 1,600,000  ( 88.1%)     181 step/s  ETA 0:17:31
18:04:02 [INFO]      1,420,000 / 1,600,000  ( 88.8%)     181 step/s  ETA 0:16:36
18:04:49 [INFO]      1,430,000 / 1,600,000  ( 89.4%)     181 step/s  ETA 0:15:40
18:05:58 [INFO]      1,440,000 / 1,600,000  ( 90.0%)     181 step/s  ETA 0:14:46
18:06:48 [INFO]      1,450,000 / 1,600,000  ( 90.6%)     181 step/s  ETA 0:13:50
18:07:48 [INFO]      1,460,000 / 1,600,000  ( 91.2%)     181 step/s  ETA 0:12:55
18:08:44 [INFO]      1,470,000 / 1,600,000  ( 91.9%)     181 step/s  ETA 0:12:00
18:09:43 [INFO]      1,480,000 / 1,600,000  ( 92.5%)     180 step/s  ETA 0:11:05
18:10:38 [INFO]      1,490,000 / 1,600,000  ( 93.1%)     180 step/s  ETA 0:10:09
18:11:35 [INFO]      1,500,000 / 1,600,000  ( 93.8%)     180 step/s  ETA 0:09:14
18:12:34 [INFO]      1,510,000 / 1,600,000  ( 94.4%)     180 step/s  ETA 0:08:19
18:13:29 [INFO]      1,520,000 / 1,600,000  ( 95.0%)     180 step/s  ETA 0:07:23
18:14:24 [INFO]      1,530,000 / 1,600,000  ( 95.6%)     180 step/s  ETA 0:06:28
18:15:20 [INFO]      1,540,000 / 1,600,000  ( 96.2%)     180 step/s  ETA 0:05:32
18:16:18 [INFO]      1,550,000 / 1,600,000  ( 96.9%)     180 step/s  ETA 0:04:37
18:17:18 [INFO]      1,560,000 / 1,600,000  ( 97.5%)     180 step/s  ETA 0:03:41
18:18:11 [INFO]      1,570,000 / 1,600,000  ( 98.1%)     180 step/s  ETA 0:02:46
18:19:09 [INFO]      1,580,000 / 1,600,000  ( 98.8%)     180 step/s  ETA 0:01:50
18:20:05 [INFO]      1,590,000 / 1,600,000  ( 99.4%)     180 step/s  ETA 0:00:55
18:20:55 [INFO]      1,600,000 / 1,600,000  (100.0%)     180 step/s  ETA 0:00:00
18:20:59 [INFO] --> XONG  (2:27:03, 1,600,000 steps, log: football_dqn_v1.log)

18:20:59 [INFO] ======================================================================
18:20:59 [INFO] [7/7]  ctf_dqn   DQN @ capture
18:20:59 [INFO]         run-id  : ctf_dqn_v1
18:20:59 [INFO]         config  : ctf_dqn.yaml
18:20:59 [INFO]         steps   : 1,700,000
18:20:59 [INFO] ======================================================================
18:20:59 [INFO] cmd: C:\Users\Admin\miniconda3\envs\mlagents\Scripts\mlagents-learn.exe C:\Users\Admin\Documents\GitHub\GraduationProject\GraduationProject\training_logs\_config_override\ctf_dqn_v1_1700000.yaml --run-id ctf_dqn_v1 --results-dir C:\Users\Admin\Documents\GitHub\GraduationProject\GraduationProject\results --force --env C:\Users\Admin\Documents\GitHub\GraduationProject\GraduationProject\Builds\CaptureTheFlag\CaptureTheFlag.exe --no-graphics --time-scale 20.0
18:21:09 [WARN]     C:\Users\Admin\miniconda3\envs\mlagents\lib\site-packages\torch\utils\_device.py:77: UserWarning: The use of `x.T` on tensors of dimension other than 2 to reverse their shape is deprecated and it will throw an error in a future release. Consider `x.mT` to transpose batches of matrices or `x.permute(*torch.arange(x.ndim - 1, -1, -1))` to reverse the dimensions of a tensor. (Triggered internally at ..\aten\src\ATen\native\TensorShape.cpp:3641.)
18:22:54 [INFO]         20,000 / 1,700,000  (  1.2%)       0 step/s  ETA 0:00:00
18:25:05 [INFO]         40,000 / 1,700,000  (  2.4%)      81 step/s  ETA 5:39:41
18:27:17 [INFO]         60,000 / 1,700,000  (  3.5%)     106 step/s  ETA 4:17:55
18:29:28 [INFO]         80,000 / 1,700,000  (  4.7%)     118 step/s  ETA 3:49:00
18:31:29 [INFO]        100,000 / 1,700,000  (  5.9%)     127 step/s  ETA 3:29:47
18:33:21 [ERROR] --> THAT BAI  (0:12:22, 100,000 steps, log: ctf_dqn_v1.log)
18:33:21 [ERROR]     xem chi tiet: C:\Users\Admin\Documents\GitHub\GraduationProject\GraduationProject\training_logs\ctf_dqn_v1.log
18:33:21 [WARN] Job that bai — van chay tiep cac job con lai.

18:33:21 [INFO] ======================================================================
18:33:21 [INFO] TONG KET  (8:42:19)
18:33:21 [INFO]   Thanh cong : 6  ['fb_poca', 'ctf_mappo', 'fb_ppo', 'fb_sac', 'fb_mappo', 'fb_dqn']
18:33:21 [INFO]   That bai   : 1  ['ctf_dqn']
18:33:21 [INFO] ======================================================================
18:33:21 [WARN] Chay lai rieng cac job loi:
18:33:21 [WARN]   python train_all.py --mode build --jobs ctf_dqn

18:33:21 [INFO] Xuat training_data.json ...
18:33:28 [INFO] Da xuat. Nho paste lai toa do pgfplots vao sec6.tex.
