[INFO] Connected to Unity environment with package version 4.0.2 and communication version 1.5.0
[INFO] Connected new brain: Football?team=1
[INFO] Connected new brain: Football?team=0


	Unity Technologies

 Version information:
  ml-agents: 1.2.0.dev0,
  ml-agents-envs: 1.2.0.dev0,
  Communicator API: 1.5.0,
  PyTorch: 2.2.2+cu121
[INFO] Hyperparameters for behavior name Football: 
	trainer_type:	dqn
	hyperparameters:	
	  learning_rate:	0.0003
	  learning_rate_schedule:	constant
	  batch_size:	1024
	  buffer_size:	500000
	  buffer_init_steps:	5000
	  gamma:	0.99
	  exploration_schedule:	linear
	  exploration_initial_eps:	1.0
	  exploration_final_eps:	0.01
	  exploration_decay_steps:	400000
	  target_update_interval:	10000
	  tau:	0.005
	  steps_per_update:	20.0
	  save_replay_buffer:	False
	  reward_signal_steps_per_update:	20.0
	checkpoint_interval:	500000
	network_settings:	
	  normalize:	True
	  hidden_units:	256
	  num_layers:	2
	  vis_encode_type:	simple
	  memory:	None
	  goal_conditioning_type:	hyper
	  deterministic:	False
	reward_signals:	
	  extrinsic:	
	    gamma:	0.99
	    strength:	1.0
	    network_settings:	
	      normalize:	False
	      hidden_units:	128
	      num_layers:	2
	      vis_encode_type:	simple
	      memory:	None
	      goal_conditioning_type:	hyper
	      deterministic:	False
	init_path:	None
	keep_checkpoints:	10
	even_checkpoints:	False
	max_steps:	20000
	time_horizon:	1000
	summary_freq:	5000
	threaded:	False
	self_play:	
	  save_steps:	50000
	  team_change:	100000
	  swap_steps:	200000
	  window:	10
	  play_against_latest_model_ratio:	0.5
	  initial_elo:	1200.0
	behavioral_cloning:	None
[WARNING] The max steps of the GhostTrainer for behavior name Football is less than team change. This team will not face                 opposition that has been trained if the opposition is managed by a different GhostTrainer as in an                 asymmetric game.
[INFO] Football. Step: 5000. Time Elapsed: 13.039 s. Mean Reward: 0.833. Std of Reward: 2.796. Training. ELO: 1196.765.
[INFO] Football. Step: 10000. Time Elapsed: 31.030 s. Mean Reward: 2.166. Std of Reward: 2.993. Training. ELO: 1195.156.
[INFO] Football. Step: 15000. Time Elapsed: 47.673 s. Mean Reward: 2.734. Std of Reward: 2.849. Training. ELO: 1199.054.
[INFO] Football. Step: 20000. Time Elapsed: 67.121 s. Mean Reward: 1.598. Std of Reward: 2.984. Training. ELO: 1198.638.
C:\Users\Admin\miniconda3\envs\mlagents\lib\site-packages\torch\onnx\symbolic_opset9.py:1270: UserWarning: ONNX export squeeze with negative axis -1 might cause the onnx model to be incorrect. Negative axis is not supported in ONNX. Axis is converted to 1 based on input shape at export time. Passing an tensor of different rank in execution will be incorrect.
  warnings.warn(
C:\Users\Admin\miniconda3\envs\mlagents\lib\site-packages\torch\onnx\symbolic_opset9.py:1301: UserWarning: This model contains a squeeze operation on dimension 1. The size of this dimension in the given input is 24. The model will be exported without the squeeze node. If the model is intended to be used with dynamic input shapes, please use opset version 11 to export the model.
  warnings.warn(
[INFO] Exported C:\Users\Admin\Documents\GitHub\GraduationProject\GraduationProject\results\football_dqn_v2\Football\Football-20128.onnx
[INFO] Copied C:\Users\Admin\Documents\GitHub\GraduationProject\GraduationProject\results\football_dqn_v2\Football\Football-20128.onnx to C:\Users\Admin\Documents\GitHub\GraduationProject\GraduationProject\results\football_dqn_v2\Football.onnx.
