[INFO] Connected to Unity environment with package version 4.0.2 and communication version 1.5.0
[INFO] Connected new brain: Football?team=1
[INFO] Connected new brain: Football?team=0

            ┐  ╖
        ╓╖╬│╡  ││╬╖╖
    ╓╖╬│││││┘  ╬│││││╬╖
 ╖╬│││││╬╜        ╙╬│││││╖╖                               ╗╗╗
 ╬╬╬╬╖││╦╖        ╖╬││╗╣╣╣╬      ╟╣╣╬    ╟╣╣╣             ╜╜╜  ╟╣╣
 ╬╬╬╬╬╬╬╬╖│╬╖╖╓╬╪│╓╣╣╣╣╣╣╣╬      ╟╣╣╬    ╟╣╣╣ ╒╣╣╖╗╣╣╣╗   ╣╣╣ ╣╣╣╣╣╣ ╟╣╣╖   ╣╣╣
 ╬╬╬╬┐  ╙╬╬╬╬│╓╣╣╣╝╜  ╫╣╣╣╬      ╟╣╣╬    ╟╣╣╣ ╟╣╣╣╙ ╙╣╣╣  ╣╣╣ ╙╟╣╣╜╙  ╫╣╣  ╟╣╣
 ╬╬╬╬┐     ╙╬╬╣╣      ╫╣╣╣╬      ╟╣╣╬    ╟╣╣╣ ╟╣╣╬   ╣╣╣  ╣╣╣  ╟╣╣     ╣╣╣┌╣╣╜
 ╬╬╬╜       ╬╬╣╣      ╙╝╣╣╬      ╙╣╣╣╗╖╓╗╣╣╣╜ ╟╣╣╬   ╣╣╣  ╣╣╣  ╟╣╣╦╓    ╣╣╣╣╣
 ╙   ╓╦╖    ╬╬╣╣   ╓╗╗╖            ╙╝╣╣╣╣╝╜   ╘╝╝╜   ╝╝╝  ╝╝╝   ╙╣╣╣    ╟╣╣╣
   ╩╬╬╬╬╬╬╦╦╬╬╣╣╗╣╣╣╣╣╣╣╝                                             ╫╣╣╣╣
      ╙╬╬╬╬╬╬╬╣╣╣╣╣╣╝╜
          ╙╬╬╬╣╣╣╜
             ╙
        
 Version information:
  ml-agents: 1.2.0.dev0,
  ml-agents-envs: 1.2.0.dev0,
  Communicator API: 1.5.0,
  PyTorch: 2.2.2+cu121
[INFO] Hyperparameters for behavior name Football: 
	trainer_type:	poca
	hyperparameters:	
	  batch_size:	2048
	  buffer_size:	40960
	  learning_rate:	0.0003
	  beta:	0.005
	  epsilon:	0.2
	  lambd:	0.95
	  num_epoch:	5
	  learning_rate_schedule:	linear
	  beta_schedule:	linear
	  epsilon_schedule:	linear
	checkpoint_interval:	500000
	network_settings:	
	  normalize:	True
	  hidden_units:	256
	  num_layers:	2
	  vis_encode_type:	simple
	  memory:	None
	  goal_conditioning_type:	hyper
	  deterministic:	False
	reward_signals:	
	  extrinsic:	
	    gamma:	0.99
	    strength:	1.0
	    network_settings:	
	      normalize:	False
	      hidden_units:	128
	      num_layers:	2
	      vis_encode_type:	simple
	      memory:	None
	      goal_conditioning_type:	hyper
	      deterministic:	False
	init_path:	None
	keep_checkpoints:	10
	even_checkpoints:	False
	max_steps:	1600000
	time_horizon:	1000
	summary_freq:	10000
	threaded:	False
	self_play:	
	  save_steps:	50000
	  team_change:	100000
	  swap_steps:	200000
	  window:	10
	  play_against_latest_model_ratio:	0.5
	  initial_elo:	1200.0
	behavioral_cloning:	None
[INFO] Football. Step: 10000. Time Elapsed: 23.698 s. Mean Reward: 2.149. Mean Group Reward: 0.000. Training. ELO: 1200.932.
[INFO] Football. Step: 20000. Time Elapsed: 33.608 s. Mean Reward: 1.850. Mean Group Reward: 0.000. Training. ELO: 1200.732.
[INFO] Football. Step: 30000. Time Elapsed: 45.630 s. Mean Reward: 1.100. Mean Group Reward: 0.000. Training. ELO: 1200.846.
[INFO] Football. Step: 40000. Time Elapsed: 58.553 s. Mean Reward: 2.396. Mean Group Reward: 0.000. Training. ELO: 1198.394.
[INFO] Football. Step: 50000. Time Elapsed: 79.184 s. Mean Reward: 2.157. Mean Group Reward: 0.000. Training. ELO: 1201.683.
[INFO] Football. Step: 60000. Time Elapsed: 90.115 s. Mean Reward: 1.379. Mean Group Reward: 0.000. Training. ELO: 1201.266.
[INFO] Football. Step: 70000. Time Elapsed: 101.104 s. Mean Reward: 1.530. Mean Group Reward: 0.000. Training. ELO: 1200.634.
[INFO] Football. Step: 80000. Time Elapsed: 110.319 s. Mean Reward: 1.965. Mean Group Reward: 0.000. Training. ELO: 1199.698.
[INFO] Football. Step: 90000. Time Elapsed: 139.002 s. Mean Reward: 0.813. Mean Group Reward: 0.000. Training. ELO: 1198.421.
[INFO] Football. Step: 100000. Time Elapsed: 151.929 s. Mean Reward: 0.781. Mean Group Reward: 0.000. Training. ELO: 1193.399.
[INFO] Football. Step: 110000. Time Elapsed: 168.458 s. Mean Reward: 2.525. Mean Group Reward: 0.000. Training. ELO: 1191.817.
[INFO] Football. Step: 120000. Time Elapsed: 181.974 s. Mean Reward: 2.475. Mean Group Reward: 0.000. Training. ELO: 1191.817.
[INFO] Football. Step: 130000. Time Elapsed: 209.869 s. Mean Reward: 1.450. Mean Group Reward: 0.000. Training. ELO: 1191.817.
[INFO] Football. Step: 140000. Time Elapsed: 222.600 s. Mean Reward: 1.597. Mean Group Reward: 0.000. Training. ELO: 1191.817.
[INFO] Football. Step: 150000. Time Elapsed: 238.015 s. Mean Reward: 2.056. Mean Group Reward: 0.000. Training. ELO: 1191.817.
[INFO] Football. Step: 160000. Time Elapsed: 251.660 s. Mean Reward: 2.854. Mean Group Reward: 0.000. Training. ELO: 1191.817.
[INFO] Football. Step: 170000. Time Elapsed: 281.806 s. Mean Reward: 1.120. Mean Group Reward: 0.000. Training. ELO: 1191.817.
[INFO] Football. Step: 180000. Time Elapsed: 292.891 s. Mean Reward: 1.638. Mean Group Reward: 0.000. Training. ELO: 1191.817.
[INFO] Football. Step: 190000. Time Elapsed: 308.511 s. Mean Reward: 1.914. Mean Group Reward: 0.000. Training. ELO: 1191.817.
[INFO] Football. Step: 200000. Time Elapsed: 323.150 s. Mean Reward: 2.431. Mean Group Reward: 0.000. Training. ELO: 1191.817.
[INFO] Football. Step: 210000. Time Elapsed: 353.902 s. Mean Reward: 2.275. Mean Group Reward: 0.000. Training. ELO: 1194.346.
[INFO] Football. Step: 220000. Time Elapsed: 368.463 s. Mean Reward: 2.414. Mean Group Reward: 0.000. Training. ELO: 1197.224.
[INFO] Football. Step: 230000. Time Elapsed: 384.358 s. Mean Reward: 2.264. Mean Group Reward: 0.000. Training. ELO: 1201.390.
[INFO] Football. Step: 240000. Time Elapsed: 399.258 s. Mean Reward: 2.470. Mean Group Reward: 0.000. Training. ELO: 1202.046.
[INFO] Football. Step: 250000. Time Elapsed: 428.786 s. Mean Reward: 0.579. Mean Group Reward: 0.000. Training. ELO: 1200.544.
[INFO] Football. Step: 260000. Time Elapsed: 444.011 s. Mean Reward: 1.100. Mean Group Reward: 0.000. Training. ELO: 1196.733.
[INFO] Football. Step: 270000. Time Elapsed: 458.907 s. Mean Reward: 2.402. Mean Group Reward: 0.000. Training. ELO: 1196.084.
[INFO] Football. Step: 280000. Time Elapsed: 473.855 s. Mean Reward: 1.647. Mean Group Reward: 0.000. Training. ELO: 1196.639.
[INFO] Football. Step: 290000. Time Elapsed: 504.034 s. Mean Reward: 1.765. Mean Group Reward: 0.000. Training. ELO: 1196.971.
[INFO] Football. Step: 300000. Time Elapsed: 517.272 s. Mean Reward: 2.223. Mean Group Reward: 0.000. Training. ELO: 1198.584.
[INFO] Football. Step: 310000. Time Elapsed: 535.481 s. Mean Reward: 2.222. Mean Group Reward: 0.000. Training. ELO: 1200.191.
[INFO] Football. Step: 320000. Time Elapsed: 551.527 s. Mean Reward: 1.211. Mean Group Reward: 0.000. Training. ELO: 1200.191.
[INFO] Football. Step: 330000. Time Elapsed: 566.216 s. Mean Reward: 1.383. Mean Group Reward: 0.000. Training. ELO: 1200.191.
[INFO] Football. Step: 340000. Time Elapsed: 594.252 s. Mean Reward: 1.901. Mean Group Reward: 0.000. Training. ELO: 1200.191.
[INFO] Football. Step: 350000. Time Elapsed: 612.477 s. Mean Reward: 1.325. Mean Group Reward: 0.000. Training. ELO: 1200.191.
[INFO] Football. Step: 360000. Time Elapsed: 628.207 s. Mean Reward: 1.807. Mean Group Reward: 0.000. Training. ELO: 1200.191.
[INFO] Football. Step: 370000. Time Elapsed: 646.393 s. Mean Reward: 1.740. Mean Group Reward: 0.000. Training. ELO: 1200.191.
[INFO] Football. Step: 380000. Time Elapsed: 676.340 s. Mean Reward: 1.913. Mean Group Reward: 0.000. Training. ELO: 1200.191.
[INFO] Football. Step: 390000. Time Elapsed: 692.143 s. Mean Reward: 0.975. Mean Group Reward: 0.000. Training. ELO: 1200.191.
[INFO] Football. Step: 400000. Time Elapsed: 705.741 s. Mean Reward: 2.143. Mean Group Reward: 0.000. Training. ELO: 1200.191.
[INFO] Football. Step: 410000. Time Elapsed: 722.865 s. Mean Reward: 2.365. Mean Group Reward: 0.000. Training. ELO: 1201.343.
[INFO] Football. Step: 420000. Time Elapsed: 749.739 s. Mean Reward: 1.497. Mean Group Reward: 0.000. Training. ELO: 1202.682.
[INFO] Football. Step: 430000. Time Elapsed: 767.305 s. Mean Reward: 2.475. Mean Group Reward: 0.000. Training. ELO: 1204.748.
[INFO] Football. Step: 440000. Time Elapsed: 780.771 s. Mean Reward: 2.188. Mean Group Reward: 0.000. Training. ELO: 1206.936.
[INFO] Football. Step: 450000. Time Elapsed: 796.478 s. Mean Reward: 2.165. Mean Group Reward: 0.000. Training. ELO: 1207.265.
[INFO] Football. Step: 460000. Time Elapsed: 825.103 s. Mean Reward: 2.369. Mean Group Reward: 0.000. Training. ELO: 1209.305.
[INFO] Football. Step: 470000. Time Elapsed: 840.447 s. Mean Reward: 2.253. Mean Group Reward: 0.000. Training. ELO: 1210.296.
[INFO] Football. Step: 480000. Time Elapsed: 856.172 s. Mean Reward: 2.481. Mean Group Reward: 0.000. Training. ELO: 1212.969.
[INFO] Football. Step: 490000. Time Elapsed: 872.275 s. Mean Reward: 1.774. Mean Group Reward: 0.000. Training. ELO: 1212.530.
[INFO] Football. Step: 500000. Time Elapsed: 899.582 s. Mean Reward: 2.304. Mean Group Reward: 0.000. Training. ELO: 1213.440.
[INFO] Exported C:\Users\Admin\Documents\GitHub\GraduationProject\GraduationProject\results\Football_POCA_01\Football\Football-499680.onnx
[INFO] Football. Step: 510000. Time Elapsed: 917.100 s. Mean Reward: 1.981. Mean Group Reward: 0.000. Training. ELO: 1213.882.
[INFO] Football. Step: 520000. Time Elapsed: 932.288 s. Mean Reward: 0.852. Mean Group Reward: 0.000. Training. ELO: 1213.891.
[INFO] Football. Step: 530000. Time Elapsed: 949.509 s. Mean Reward: 2.213. Mean Group Reward: 0.000. Training. ELO: 1213.891.
[INFO] Football. Step: 540000. Time Elapsed: 977.050 s. Mean Reward: 2.479. Mean Group Reward: 0.000. Training. ELO: 1213.891.
[INFO] Football. Step: 550000. Time Elapsed: 992.544 s. Mean Reward: 1.866. Mean Group Reward: 0.000. Training. ELO: 1213.891.
[INFO] Football. Step: 560000. Time Elapsed: 1006.637 s. Mean Reward: 1.781. Mean Group Reward: 0.000. Training. ELO: 1213.891.
[INFO] Football. Step: 570000. Time Elapsed: 1021.642 s. Mean Reward: 2.389. Mean Group Reward: 0.000. Training. ELO: 1213.891.
[INFO] Football. Step: 580000. Time Elapsed: 1049.887 s. Mean Reward: 2.186. Mean Group Reward: 0.000. Training. ELO: 1213.891.
[INFO] Football. Step: 590000. Time Elapsed: 1066.958 s. Mean Reward: 1.884. Mean Group Reward: 0.000. Training. ELO: 1213.891.
[INFO] Football. Step: 600000. Time Elapsed: 1081.580 s. Mean Reward: 1.979. Mean Group Reward: 0.000. Training. ELO: 1213.891.
[INFO] Football. Step: 610000. Time Elapsed: 1099.829 s. Mean Reward: 1.535. Mean Group Reward: 0.000. Training. ELO: 1212.828.
[INFO] Football. Step: 620000. Time Elapsed: 1115.189 s. Mean Reward: 1.597. Mean Group Reward: 0.000. Training. ELO: 1210.461.
[INFO] Football. Step: 630000. Time Elapsed: 1145.693 s. Mean Reward: 2.063. Mean Group Reward: 0.000. Training. ELO: 1212.731.
[INFO] Football. Step: 640000. Time Elapsed: 1161.183 s. Mean Reward: 2.216. Mean Group Reward: 0.000. Training. ELO: 1213.997.
[INFO] Football. Step: 650000. Time Elapsed: 1176.726 s. Mean Reward: 1.543. Mean Group Reward: 0.000. Training. ELO: 1215.554.
[INFO] Football. Step: 660000. Time Elapsed: 1191.156 s. Mean Reward: 1.533. Mean Group Reward: 0.000. Training. ELO: 1212.921.
[INFO] Football. Step: 670000. Time Elapsed: 1220.454 s. Mean Reward: 2.394. Mean Group Reward: 0.000. Training. ELO: 1214.537.
[INFO] Football. Step: 680000. Time Elapsed: 1233.859 s. Mean Reward: 2.649. Mean Group Reward: 0.000. Training. ELO: 1219.865.
[INFO] Football. Step: 690000. Time Elapsed: 1249.413 s. Mean Reward: 2.138. Mean Group Reward: 0.000. Training. ELO: 1222.195.
[INFO] Football. Step: 700000. Time Elapsed: 1267.685 s. Mean Reward: 2.211. Mean Group Reward: 0.000. Training. ELO: 1222.598.
[INFO] Football. Step: 710000. Time Elapsed: 1297.417 s. Mean Reward: 1.976. Mean Group Reward: 0.000. Training. ELO: 1224.257.
[INFO] Football. Step: 720000. Time Elapsed: 1312.785 s. Mean Reward: 1.904. Mean Group Reward: 0.000. Training. ELO: 1224.125.
[INFO] Football. Step: 730000. Time Elapsed: 1327.232 s. Mean Reward: 1.743. Mean Group Reward: 0.000. Training. ELO: 1224.407.
[INFO] Football. Step: 740000. Time Elapsed: 1342.013 s. Mean Reward: 1.151. Mean Group Reward: 0.000. Training. ELO: 1222.917.
[INFO] Football. Step: 750000. Time Elapsed: 1371.915 s. Mean Reward: 1.636. Mean Group Reward: 0.000. Training. ELO: 1218.967.
[INFO] Football. Step: 760000. Time Elapsed: 1387.670 s. Mean Reward: 2.064. Mean Group Reward: 0.000. Training. ELO: 1219.859.
[INFO] Football. Step: 770000. Time Elapsed: 1403.770 s. Mean Reward: 1.831. Mean Group Reward: 0.000. Training. ELO: 1219.669.
[INFO] Football. Step: 780000. Time Elapsed: 1416.942 s. Mean Reward: 1.437. Mean Group Reward: 0.000. Training. ELO: 1218.797.
[INFO] Football. Step: 790000. Time Elapsed: 1448.382 s. Mean Reward: 1.773. Mean Group Reward: 0.000. Training. ELO: 1217.315.
[INFO] Football. Step: 800000. Time Elapsed: 1467.967 s. Mean Reward: 1.413. Mean Group Reward: 0.000. Training. ELO: 1216.352.
[INFO] Football. Step: 810000. Time Elapsed: 1485.555 s. Mean Reward: 1.667. Mean Group Reward: 0.000. Training. ELO: 1215.337.
[INFO] Football. Step: 820000. Time Elapsed: 1500.002 s. Mean Reward: 1.914. Mean Group Reward: 0.000. Training. ELO: 1215.340.
[INFO] Football. Step: 830000. Time Elapsed: 1528.818 s. Mean Reward: 2.792. Mean Group Reward: 0.000. Training. ELO: 1215.340.
[INFO] Football. Step: 840000. Time Elapsed: 1542.987 s. Mean Reward: 2.499. Mean Group Reward: 0.000. Training. ELO: 1215.340.
[INFO] Football. Step: 850000. Time Elapsed: 1558.814 s. Mean Reward: 2.328. Mean Group Reward: 0.000. Training. ELO: 1215.340.
[INFO] Football. Step: 860000. Time Elapsed: 1575.867 s. Mean Reward: 2.221. Mean Group Reward: 0.000. Training. ELO: 1215.340.
[INFO] Football. Step: 870000. Time Elapsed: 1600.833 s. Mean Reward: 0.221. Mean Group Reward: 0.000. Training. ELO: 1215.340.
[INFO] Football. Step: 880000. Time Elapsed: 1617.722 s. Mean Reward: 2.182. Mean Group Reward: 0.000. Training. ELO: 1215.340.
[INFO] Football. Step: 890000. Time Elapsed: 1634.010 s. Mean Reward: 1.982. Mean Group Reward: 0.000. Training. ELO: 1215.340.
[INFO] Football. Step: 900000. Time Elapsed: 1649.937 s. Mean Reward: 1.250. Mean Group Reward: 0.000. Training. ELO: 1215.340.
[INFO] Football. Step: 910000. Time Elapsed: 1681.962 s. Mean Reward: 1.590. Mean Group Reward: 0.000. Training. ELO: 1215.340.
[INFO] Football. Step: 920000. Time Elapsed: 1697.759 s. Mean Reward: 2.376. Mean Group Reward: 0.000. Training. ELO: 1215.340.
[INFO] Football. Step: 930000. Time Elapsed: 1712.348 s. Mean Reward: 1.986. Mean Group Reward: 0.000. Training. ELO: 1215.340.
[INFO] Football. Step: 940000. Time Elapsed: 1727.066 s. Mean Reward: 1.599. Mean Group Reward: 0.000. Training. ELO: 1215.340.
[INFO] Football. Step: 950000. Time Elapsed: 1741.465 s. Mean Reward: 2.522. Mean Group Reward: 0.000. Training. ELO: 1215.340.
[INFO] Football. Step: 960000. Time Elapsed: 1772.370 s. Mean Reward: 1.805. Mean Group Reward: 0.000. Training. ELO: 1215.340.
[INFO] Football. Step: 970000. Time Elapsed: 1787.964 s. Mean Reward: 2.253. Mean Group Reward: 0.000. Training. ELO: 1215.340.
[INFO] Football. Step: 980000. Time Elapsed: 1802.515 s. Mean Reward: 1.895. Mean Group Reward: 0.000. Training. ELO: 1215.340.
[INFO] Football. Step: 990000. Time Elapsed: 1818.684 s. Mean Reward: 2.340. Mean Group Reward: 0.000. Training. ELO: 1215.340.
[INFO] Football. Step: 1000000. Time Elapsed: 1847.459 s. Mean Reward: 0.819. Mean Group Reward: 0.000. Training. ELO: 1215.340.
[INFO] Exported C:\Users\Admin\Documents\GitHub\GraduationProject\GraduationProject\results\Football_POCA_01\Football\Football-999734.onnx
[INFO] Football. Step: 1010000. Time Elapsed: 1866.637 s. Mean Reward: 1.694. Mean Group Reward: 0.000. Training. ELO: 1215.739.
[INFO] Football. Step: 1020000. Time Elapsed: 1881.386 s. Mean Reward: 1.883. Mean Group Reward: 0.000. Training. ELO: 1216.677.
[INFO] Football. Step: 1030000. Time Elapsed: 1894.516 s. Mean Reward: 2.642. Mean Group Reward: 0.000. Training. ELO: 1218.788.
[INFO] Football. Step: 1040000. Time Elapsed: 1924.602 s. Mean Reward: 1.323. Mean Group Reward: 0.000. Training. ELO: 1219.840.
[INFO] Football. Step: 1050000. Time Elapsed: 1938.939 s. Mean Reward: 1.571. Mean Group Reward: 0.000. Training. ELO: 1217.974.
[INFO] Football. Step: 1060000. Time Elapsed: 1953.674 s. Mean Reward: 1.796. Mean Group Reward: 0.000. Training. ELO: 1219.029.
[INFO] Football. Step: 1070000. Time Elapsed: 1970.726 s. Mean Reward: 2.115. Mean Group Reward: 0.000. Training. ELO: 1216.708.
[INFO] Football. Step: 1080000. Time Elapsed: 1999.829 s. Mean Reward: 1.528. Mean Group Reward: 0.000. Training. ELO: 1217.535.
[INFO] Football. Step: 1090000. Time Elapsed: 2016.381 s. Mean Reward: 1.771. Mean Group Reward: 0.000. Training. ELO: 1218.016.
[INFO] Football. Step: 1100000. Time Elapsed: 2030.513 s. Mean Reward: 1.580. Mean Group Reward: 0.000. Training. ELO: 1217.255.
[INFO] Football. Step: 1110000. Time Elapsed: 2048.547 s. Mean Reward: 2.491. Mean Group Reward: 0.000. Training. ELO: 1218.618.
[INFO] Football. Step: 1120000. Time Elapsed: 2077.461 s. Mean Reward: 2.176. Mean Group Reward: 0.000. Training. ELO: 1218.903.
[INFO] Football. Step: 1130000. Time Elapsed: 2093.591 s. Mean Reward: 1.898. Mean Group Reward: 0.000. Training. ELO: 1218.903.
[INFO] Football. Step: 1140000. Time Elapsed: 2108.374 s. Mean Reward: 1.480. Mean Group Reward: 0.000. Training. ELO: 1218.903.
[INFO] Football. Step: 1150000. Time Elapsed: 2123.166 s. Mean Reward: 1.435. Mean Group Reward: 0.000. Training. ELO: 1218.903.
[INFO] Football. Step: 1160000. Time Elapsed: 2152.220 s. Mean Reward: 1.192. Mean Group Reward: 0.000. Training. ELO: 1218.903.
[INFO] Football. Step: 1170000. Time Elapsed: 2167.566 s. Mean Reward: 1.667. Mean Group Reward: 0.000. Training. ELO: 1218.903.
[INFO] Football. Step: 1180000. Time Elapsed: 2184.464 s. Mean Reward: 1.822. Mean Group Reward: 0.000. Training. ELO: 1218.903.
[INFO] Football. Step: 1190000. Time Elapsed: 2199.023 s. Mean Reward: 1.468. Mean Group Reward: 0.000. Training. ELO: 1218.903.
[INFO] Football. Step: 1200000. Time Elapsed: 2230.312 s. Mean Reward: 0.744. Mean Group Reward: 0.000. Training. ELO: 1218.903.
[INFO] Football. Step: 1210000. Time Elapsed: 2244.671 s. Mean Reward: 2.636. Mean Group Reward: 0.000. Training. ELO: 1218.903.
[INFO] Football. Step: 1220000. Time Elapsed: 2261.925 s. Mean Reward: 2.051. Mean Group Reward: 0.000. Training. ELO: 1218.903.
[INFO] Football. Step: 1230000. Time Elapsed: 2276.629 s. Mean Reward: 1.768. Mean Group Reward: 0.000. Training. ELO: 1218.903.
[INFO] Football. Step: 1240000. Time Elapsed: 2304.503 s. Mean Reward: 2.561. Mean Group Reward: 0.000. Training. ELO: 1218.903.
[INFO] Football. Step: 1250000. Time Elapsed: 2321.364 s. Mean Reward: 2.073. Mean Group Reward: 0.000. Training. ELO: 1218.903.
[INFO] Football. Step: 1260000. Time Elapsed: 2337.039 s. Mean Reward: 1.811. Mean Group Reward: 0.000. Training. ELO: 1218.903.
[INFO] Football. Step: 1270000. Time Elapsed: 2353.393 s. Mean Reward: 2.613. Mean Group Reward: 0.000. Training. ELO: 1218.903.
[INFO] Football. Step: 1280000. Time Elapsed: 2386.135 s. Mean Reward: 2.467. Mean Group Reward: 0.000. Training. ELO: 1218.903.
[INFO] Football. Step: 1290000. Time Elapsed: 2402.584 s. Mean Reward: 2.583. Mean Group Reward: 0.000. Training. ELO: 1218.903.
[INFO] Football. Step: 1300000. Time Elapsed: 2418.619 s. Mean Reward: 1.038. Mean Group Reward: 0.000. Training. ELO: 1218.903.
[INFO] Football. Step: 1310000. Time Elapsed: 2437.989 s. Mean Reward: 2.495. Mean Group Reward: 0.000. Training. ELO: 1219.777.
[INFO] Football. Step: 1320000. Time Elapsed: 2453.947 s. Mean Reward: 1.474. Mean Group Reward: 0.000. Training. ELO: 1218.129.
[INFO] Football. Step: 1330000. Time Elapsed: 2485.301 s. Mean Reward: 2.731. Mean Group Reward: 0.000. Training. ELO: 1220.893.
[INFO] Football. Step: 1340000. Time Elapsed: 2505.573 s. Mean Reward: 2.772. Mean Group Reward: 0.000. Training. ELO: 1228.139.
[INFO] Football. Step: 1350000. Time Elapsed: 2519.158 s. Mean Reward: 1.882. Mean Group Reward: 0.000. Training. ELO: 1229.521.
[INFO] Football. Step: 1360000. Time Elapsed: 2536.976 s. Mean Reward: 2.131. Mean Group Reward: 0.000. Training. ELO: 1231.795.
[INFO] Football. Step: 1370000. Time Elapsed: 2565.349 s. Mean Reward: 1.197. Mean Group Reward: 0.000. Training. ELO: 1227.626.
[INFO] Football. Step: 1380000. Time Elapsed: 2579.744 s. Mean Reward: 1.543. Mean Group Reward: 0.000. Training. ELO: 1222.340.
[INFO] Football. Step: 1390000. Time Elapsed: 2596.910 s. Mean Reward: 2.543. Mean Group Reward: 0.000. Training. ELO: 1226.019.
[INFO] Football. Step: 1400000. Time Elapsed: 2610.771 s. Mean Reward: 1.034. Mean Group Reward: 0.000. Training. ELO: 1224.148.
[INFO] Football. Step: 1410000. Time Elapsed: 2644.476 s. Mean Reward: 1.834. Mean Group Reward: 0.000. Training. ELO: 1222.080.
[INFO] Football. Step: 1420000. Time Elapsed: 2661.356 s. Mean Reward: 1.986. Mean Group Reward: 0.000. Training. ELO: 1222.041.
[INFO] Football. Step: 1430000. Time Elapsed: 2679.969 s. Mean Reward: 2.484. Mean Group Reward: 0.000. Training. ELO: 1224.572.
[INFO] Football. Step: 1440000. Time Elapsed: 2694.107 s. Mean Reward: 2.236. Mean Group Reward: 0.000. Training. ELO: 1227.449.
[INFO] Football. Step: 1450000. Time Elapsed: 2727.004 s. Mean Reward: 1.500. Mean Group Reward: 0.000. Training. ELO: 1227.818.
[INFO] Football. Step: 1460000. Time Elapsed: 2745.212 s. Mean Reward: 1.829. Mean Group Reward: 0.000. Training. ELO: 1223.951.
[INFO] Football. Step: 1470000. Time Elapsed: 2762.528 s. Mean Reward: 2.226. Mean Group Reward: 0.000. Training. ELO: 1225.702.
[INFO] Football. Step: 1480000. Time Elapsed: 2778.755 s. Mean Reward: 1.383. Mean Group Reward: 0.000. Training. ELO: 1225.408.
[INFO] Football. Step: 1490000. Time Elapsed: 2806.620 s. Mean Reward: 2.867. Mean Group Reward: 0.000. Training. ELO: 1227.611.
[INFO] Football. Step: 1500000. Time Elapsed: 2821.983 s. Mean Reward: 2.775. Mean Group Reward: 0.000. Training. ELO: 1233.077.
[INFO] Exported C:\Users\Admin\Documents\GitHub\GraduationProject\GraduationProject\results\Football_POCA_01\Football\Football-1499406.onnx
[INFO] Football. Step: 1510000. Time Elapsed: 2837.921 s. Mean Reward: 1.104. Mean Group Reward: 0.000. Training. ELO: 1236.833.
[INFO] Football. Step: 1520000. Time Elapsed: 2855.021 s. Mean Reward: 1.150. Mean Group Reward: 0.000. Training. ELO: 1236.882.
[INFO] Football. Step: 1530000. Time Elapsed: 2886.764 s. Mean Reward: 1.386. Mean Group Reward: 0.000. Training. ELO: 1236.882.
[INFO] Football. Step: 1540000. Time Elapsed: 2906.406 s. Mean Reward: 1.177. Mean Group Reward: 0.000. Training. ELO: 1236.882.
[INFO] Football. Step: 1550000. Time Elapsed: 2920.681 s. Mean Reward: 2.014. Mean Group Reward: 0.000. Training. ELO: 1236.882.
[INFO] Football. Step: 1560000. Time Elapsed: 2936.873 s. Mean Reward: 2.503. Mean Group Reward: 0.000. Training. ELO: 1236.882.
[INFO] Football. Step: 1570000. Time Elapsed: 2964.859 s. Mean Reward: 2.129. Mean Group Reward: 0.000. Training. ELO: 1236.882.
[INFO] Football. Step: 1580000. Time Elapsed: 2978.899 s. Mean Reward: 1.752. Mean Group Reward: 0.000. Training. ELO: 1236.882.
[INFO] Football. Step: 1590000. Time Elapsed: 2994.069 s. Mean Reward: 1.030. Mean Group Reward: 0.000. Training. ELO: 1236.882.
[INFO] Football. Step: 1600000. Time Elapsed: 3009.701 s. Mean Reward: 1.198. Mean Group Reward: 0.000. Training. ELO: 1236.882.
[INFO] Exported C:\Users\Admin\Documents\GitHub\GraduationProject\GraduationProject\results\Football_POCA_01\Football\Football-1600632.onnx
[INFO] Copied C:\Users\Admin\Documents\GitHub\GraduationProject\GraduationProject\results\Football_POCA_01\Football\Football-1600632.onnx to C:\Users\Admin\Documents\GitHub\GraduationProject\GraduationProject\results\Football_POCA_01\Football.onnx.
