[INFO] Connected to Unity environment with package version 4.0.2 and communication version 1.5.0
[INFO] Connected new brain: Football?team=1
[INFO] Connected new brain: Football?team=0

            ┐  ╖
        ╓╖╬│╡  ││╬╖╖
    ╓╖╬│││││┘  ╬│││││╬╖
 ╖╬│││││╬╜        ╙╬│││││╖╖                               ╗╗╗
 ╬╬╬╬╖││╦╖        ╖╬││╗╣╣╣╬      ╟╣╣╬    ╟╣╣╣             ╜╜╜  ╟╣╣
 ╬╬╬╬╬╬╬╬╖│╬╖╖╓╬╪│╓╣╣╣╣╣╣╣╬      ╟╣╣╬    ╟╣╣╣ ╒╣╣╖╗╣╣╣╗   ╣╣╣ ╣╣╣╣╣╣ ╟╣╣╖   ╣╣╣
 ╬╬╬╬┐  ╙╬╬╬╬│╓╣╣╣╝╜  ╫╣╣╣╬      ╟╣╣╬    ╟╣╣╣ ╟╣╣╣╙ ╙╣╣╣  ╣╣╣ ╙╟╣╣╜╙  ╫╣╣  ╟╣╣
 ╬╬╬╬┐     ╙╬╬╣╣      ╫╣╣╣╬      ╟╣╣╬    ╟╣╣╣ ╟╣╣╬   ╣╣╣  ╣╣╣  ╟╣╣     ╣╣╣┌╣╣╜
 ╬╬╬╜       ╬╬╣╣      ╙╝╣╣╬      ╙╣╣╣╗╖╓╗╣╣╣╜ ╟╣╣╬   ╣╣╣  ╣╣╣  ╟╣╣╦╓    ╣╣╣╣╣
 ╙   ╓╦╖    ╬╬╣╣   ╓╗╗╖            ╙╝╣╣╣╣╝╜   ╘╝╝╜   ╝╝╝  ╝╝╝   ╙╣╣╣    ╟╣╣╣
   ╩╬╬╬╬╬╬╦╦╬╬╣╣╗╣╣╣╣╣╣╣╝                                             ╫╣╣╣╣
      ╙╬╬╬╬╬╬╬╣╣╣╣╣╣╝╜
          ╙╬╬╬╣╣╣╜
             ╙
        
 Version information:
  ml-agents: 1.2.0.dev0,
  ml-agents-envs: 1.2.0.dev0,
  Communicator API: 1.5.0,
  PyTorch: 2.2.2+cu121
[INFO] Hyperparameters for behavior name Football: 
	trainer_type:	sac
	hyperparameters:	
	  learning_rate:	0.0003
	  learning_rate_schedule:	constant
	  batch_size:	1024
	  buffer_size:	500000
	  buffer_init_steps:	5000
	  tau:	0.005
	  steps_per_update:	20.0
	  save_replay_buffer:	False
	  init_entcoef:	1.0
	  reward_signal_steps_per_update:	20.0
	checkpoint_interval:	500000
	network_settings:	
	  normalize:	True
	  hidden_units:	256
	  num_layers:	2
	  vis_encode_type:	simple
	  memory:	None
	  goal_conditioning_type:	hyper
	  deterministic:	False
	reward_signals:	
	  extrinsic:	
	    gamma:	0.99
	    strength:	1.0
	    network_settings:	
	      normalize:	False
	      hidden_units:	128
	      num_layers:	2
	      vis_encode_type:	simple
	      memory:	None
	      goal_conditioning_type:	hyper
	      deterministic:	False
	init_path:	None
	keep_checkpoints:	10
	even_checkpoints:	False
	max_steps:	1600000
	time_horizon:	1000
	summary_freq:	10000
	threaded:	False
	self_play:	
	  save_steps:	50000
	  team_change:	100000
	  swap_steps:	200000
	  window:	10
	  play_against_latest_model_ratio:	0.5
	  initial_elo:	1200.0
	behavioral_cloning:	None
[INFO] Football. Step: 10000. Time Elapsed: 46.023 s. Mean Reward: 1.390. Std of Reward: 2.944. Training. ELO: 1197.261.
[INFO] Football. Step: 20000. Time Elapsed: 117.513 s. Mean Reward: 1.782. Std of Reward: 3.035. Training. ELO: 1196.076.
[INFO] Football. Step: 30000. Time Elapsed: 188.286 s. Mean Reward: 1.805. Std of Reward: 2.989. Training. ELO: 1198.156.
[INFO] Football. Step: 40000. Time Elapsed: 259.433 s. Mean Reward: 1.603. Std of Reward: 3.004. Training. ELO: 1195.052.
[INFO] Football. Step: 50000. Time Elapsed: 330.584 s. Mean Reward: 1.132. Std of Reward: 2.958. Training. ELO: 1194.471.
[INFO] Football. Step: 60000. Time Elapsed: 403.265 s. Mean Reward: 2.237. Std of Reward: 2.946. Training. ELO: 1193.190.
[INFO] Football. Step: 70000. Time Elapsed: 473.058 s. Mean Reward: 2.165. Std of Reward: 2.992. Training. ELO: 1194.970.
[INFO] Football. Step: 80000. Time Elapsed: 545.000 s. Mean Reward: 1.647. Std of Reward: 3.063. Training. ELO: 1197.248.
[INFO] Football. Step: 90000. Time Elapsed: 617.638 s. Mean Reward: 1.428. Std of Reward: 3.009. Training. ELO: 1194.570.
[INFO] Football. Step: 100000. Time Elapsed: 688.286 s. Mean Reward: 2.144. Std of Reward: 2.965. Training. ELO: 1196.986.
[INFO] Football. Step: 110000. Time Elapsed: 762.407 s. Mean Reward: 0.921. Std of Reward: 2.935. Training. ELO: 1197.711.
[INFO] Football. Step: 120000. Time Elapsed: 835.604 s. Mean Reward: 1.335. Std of Reward: 2.968. Training. ELO: 1197.711.
[INFO] Football. Step: 130000. Time Elapsed: 909.243 s. Mean Reward: 1.806. Std of Reward: 3.004. Training. ELO: 1197.711.
[INFO] Football. Step: 140000. Time Elapsed: 981.780 s. Mean Reward: 1.627. Std of Reward: 2.979. Training. ELO: 1197.711.
[INFO] Football. Step: 150000. Time Elapsed: 1056.934 s. Mean Reward: 1.228. Std of Reward: 2.980. Training. ELO: 1197.711.
[INFO] Football. Step: 160000. Time Elapsed: 1129.771 s. Mean Reward: 1.553. Std of Reward: 2.985. Training. ELO: 1197.711.
[INFO] Football. Step: 170000. Time Elapsed: 1204.890 s. Mean Reward: 1.201. Std of Reward: 2.887. Training. ELO: 1197.711.
[INFO] Football. Step: 180000. Time Elapsed: 1275.957 s. Mean Reward: 1.619. Std of Reward: 2.966. Training. ELO: 1197.711.
[INFO] Football. Step: 190000. Time Elapsed: 1350.531 s. Mean Reward: 1.531. Std of Reward: 3.002. Training. ELO: 1197.711.
[INFO] Football. Step: 200000. Time Elapsed: 1422.475 s. Mean Reward: 1.327. Std of Reward: 2.963. Training. ELO: 1197.711.
[INFO] Football. Step: 210000. Time Elapsed: 1500.577 s. Mean Reward: 1.244. Std of Reward: 2.944. Training. ELO: 1195.498.
[INFO] Football. Step: 220000. Time Elapsed: 1572.189 s. Mean Reward: 1.986. Std of Reward: 3.039. Training. ELO: 1194.754.
[INFO] Football. Step: 230000. Time Elapsed: 1642.117 s. Mean Reward: 2.525. Std of Reward: 2.935. Training. ELO: 1195.503.
[INFO] Football. Step: 240000. Time Elapsed: 1714.260 s. Mean Reward: 1.653. Std of Reward: 3.032. Training. ELO: 1199.770.
[INFO] Football. Step: 250000. Time Elapsed: 1786.698 s. Mean Reward: 2.350. Std of Reward: 2.969. Training. ELO: 1199.660.
[INFO] Football. Step: 260000. Time Elapsed: 1861.779 s. Mean Reward: 1.469. Std of Reward: 2.998. Training. ELO: 1200.019.
[INFO] Football. Step: 270000. Time Elapsed: 1930.738 s. Mean Reward: 2.236. Std of Reward: 2.934. Training. ELO: 1200.973.
[INFO] Football. Step: 280000. Time Elapsed: 2008.480 s. Mean Reward: 2.116. Std of Reward: 2.977. Training. ELO: 1202.614.
[INFO] Football. Step: 290000. Time Elapsed: 2078.074 s. Mean Reward: 1.495. Std of Reward: 2.982. Training. ELO: 1202.799.
[INFO] Football. Step: 300000. Time Elapsed: 2120.325 s. Mean Reward: 1.727. Std of Reward: 2.988. Training. ELO: 1198.985.
[INFO] Football. Step: 310000. Time Elapsed: 2163.434 s. Mean Reward: 1.991. Std of Reward: 3.011. Training. ELO: 1201.406.
[INFO] Football. Step: 320000. Time Elapsed: 2205.891 s. Mean Reward: 2.495. Std of Reward: 2.911. Training. ELO: 1201.414.
[INFO] Football. Step: 330000. Time Elapsed: 2247.304 s. Mean Reward: 2.305. Std of Reward: 2.978. Training. ELO: 1201.414.
[INFO] Football. Step: 340000. Time Elapsed: 2290.562 s. Mean Reward: 1.665. Std of Reward: 2.951. Training. ELO: 1201.414.
[INFO] Football. Step: 350000. Time Elapsed: 2333.238 s. Mean Reward: 1.466. Std of Reward: 2.974. Training. ELO: 1201.414.
[INFO] Football. Step: 360000. Time Elapsed: 2374.074 s. Mean Reward: 1.729. Std of Reward: 3.018. Training. ELO: 1201.414.
[INFO] Football. Step: 370000. Time Elapsed: 2416.426 s. Mean Reward: 1.805. Std of Reward: 3.017. Training. ELO: 1201.414.
[INFO] Football. Step: 380000. Time Elapsed: 2458.725 s. Mean Reward: 1.378. Std of Reward: 2.964. Training. ELO: 1201.414.
[INFO] Football. Step: 390000. Time Elapsed: 2501.987 s. Mean Reward: 1.331. Std of Reward: 3.000. Training. ELO: 1201.414.
[INFO] Football. Step: 400000. Time Elapsed: 2542.472 s. Mean Reward: 2.436. Std of Reward: 2.929. Training. ELO: 1201.414.
[INFO] Football. Step: 410000. Time Elapsed: 2585.771 s. Mean Reward: 1.695. Std of Reward: 2.982. Training. ELO: 1201.414.
[INFO] Football. Step: 420000. Time Elapsed: 2629.077 s. Mean Reward: 2.056. Std of Reward: 3.017. Training. ELO: 1201.414.
[INFO] Football. Step: 430000. Time Elapsed: 2670.577 s. Mean Reward: 1.780. Std of Reward: 3.008. Training. ELO: 1201.414.
[INFO] Football. Step: 440000. Time Elapsed: 2713.015 s. Mean Reward: 1.602. Std of Reward: 3.005. Training. ELO: 1201.414.
[INFO] Football. Step: 450000. Time Elapsed: 2754.743 s. Mean Reward: 2.799. Std of Reward: 2.884. Training. ELO: 1201.414.
[INFO] Football. Step: 460000. Time Elapsed: 2797.972 s. Mean Reward: 1.496. Std of Reward: 2.948. Training. ELO: 1201.414.
[INFO] Football. Step: 470000. Time Elapsed: 2838.115 s. Mean Reward: 1.040. Std of Reward: 2.901. Training. ELO: 1201.414.
[INFO] Football. Step: 480000. Time Elapsed: 2880.320 s. Mean Reward: 2.062. Std of Reward: 2.969. Training. ELO: 1201.414.
[INFO] Football. Step: 490000. Time Elapsed: 2922.094 s. Mean Reward: 2.127. Std of Reward: 2.963. Training. ELO: 1201.414.
[INFO] Football. Step: 500000. Time Elapsed: 2964.481 s. Mean Reward: 2.246. Std of Reward: 2.959. Training. ELO: 1201.414.
[INFO] Exported C:\Users\Admin\Documents\GitHub\GraduationProject\GraduationProject\results\Football_SAC_01\Football\Football-499945.onnx
[INFO] Football. Step: 510000. Time Elapsed: 3007.514 s. Mean Reward: 2.403. Std of Reward: 2.951. Training. ELO: 1201.414.
[INFO] Football. Step: 520000. Time Elapsed: 3050.369 s. Mean Reward: 2.712. Std of Reward: 2.874. Training. ELO: 1201.414.
[INFO] Football. Step: 530000. Time Elapsed: 3091.954 s. Mean Reward: 2.557. Std of Reward: 2.926. Training. ELO: 1201.414.
[INFO] Football. Step: 540000. Time Elapsed: 3132.953 s. Mean Reward: 2.130. Std of Reward: 3.003. Training. ELO: 1201.414.
[INFO] Football. Step: 550000. Time Elapsed: 3176.251 s. Mean Reward: 1.235. Std of Reward: 2.945. Training. ELO: 1201.414.
[INFO] Football. Step: 560000. Time Elapsed: 3217.585 s. Mean Reward: 2.308. Std of Reward: 2.932. Training. ELO: 1201.414.
[INFO] Football. Step: 570000. Time Elapsed: 3260.123 s. Mean Reward: 1.661. Std of Reward: 2.974. Training. ELO: 1201.414.
[INFO] Football. Step: 580000. Time Elapsed: 3300.646 s. Mean Reward: 1.906. Std of Reward: 3.005. Training. ELO: 1201.414.
[INFO] Football. Step: 590000. Time Elapsed: 3344.756 s. Mean Reward: 2.899. Std of Reward: 2.820. Training. ELO: 1201.414.
[INFO] Football. Step: 600000. Time Elapsed: 3385.896 s. Mean Reward: 1.817. Std of Reward: 3.021. Training. ELO: 1201.414.
[INFO] Football. Step: 610000. Time Elapsed: 3428.844 s. Mean Reward: 1.869. Std of Reward: 2.996. Training. ELO: 1201.801.
[INFO] Football. Step: 620000. Time Elapsed: 3471.208 s. Mean Reward: 1.735. Std of Reward: 3.007. Training. ELO: 1202.966.
[INFO] Football. Step: 630000. Time Elapsed: 3510.704 s. Mean Reward: 0.945. Std of Reward: 2.901. Training. ELO: 1198.696.
[INFO] Football. Step: 640000. Time Elapsed: 3553.506 s. Mean Reward: 1.788. Std of Reward: 3.044. Training. ELO: 1196.864.
[INFO] Football. Step: 650000. Time Elapsed: 3596.397 s. Mean Reward: 1.512. Std of Reward: 2.980. Training. ELO: 1197.325.
[INFO] Football. Step: 660000. Time Elapsed: 3636.537 s. Mean Reward: 2.542. Std of Reward: 2.896. Training. ELO: 1199.738.
[INFO] Football. Step: 670000. Time Elapsed: 3680.701 s. Mean Reward: 2.397. Std of Reward: 2.953. Training. ELO: 1201.748.
[INFO] Football. Step: 680000. Time Elapsed: 3723.993 s. Mean Reward: 2.270. Std of Reward: 2.980. Training. ELO: 1204.624.
[INFO] Football. Step: 690000. Time Elapsed: 3764.987 s. Mean Reward: 2.060. Std of Reward: 3.013. Training. ELO: 1209.178.
[INFO] Football. Step: 700000. Time Elapsed: 3806.438 s. Mean Reward: 1.916. Std of Reward: 3.009. Training. ELO: 1207.891.
[INFO] Football. Step: 710000. Time Elapsed: 3849.718 s. Mean Reward: 2.152. Std of Reward: 2.962. Training. ELO: 1208.216.
[INFO] Football. Step: 720000. Time Elapsed: 3891.481 s. Mean Reward: 1.605. Std of Reward: 3.021. Training. ELO: 1206.230.
[INFO] Football. Step: 730000. Time Elapsed: 3933.786 s. Mean Reward: 0.985. Std of Reward: 2.875. Training. ELO: 1202.867.
[INFO] Football. Step: 740000. Time Elapsed: 3976.740 s. Mean Reward: 1.385. Std of Reward: 2.978. Training. ELO: 1198.639.
[INFO] Football. Step: 750000. Time Elapsed: 4018.942 s. Mean Reward: 2.535. Std of Reward: 2.938. Training. ELO: 1200.175.
[INFO] Football. Step: 760000. Time Elapsed: 4061.976 s. Mean Reward: 1.374. Std of Reward: 3.016. Training. ELO: 1201.818.
[INFO] Football. Step: 770000. Time Elapsed: 4100.514 s. Mean Reward: 1.995. Std of Reward: 2.998. Training. ELO: 1202.415.
[INFO] Football. Step: 780000. Time Elapsed: 4145.317 s. Mean Reward: 2.251. Std of Reward: 2.969. Training. ELO: 1203.625.
[INFO] Football. Step: 790000. Time Elapsed: 4187.555 s. Mean Reward: 1.469. Std of Reward: 3.025. Training. ELO: 1203.884.
[INFO] Football. Step: 800000. Time Elapsed: 4228.368 s. Mean Reward: 2.560. Std of Reward: 2.975. Training. ELO: 1205.738.
[INFO] Football. Step: 810000. Time Elapsed: 4270.752 s. Mean Reward: 2.254. Std of Reward: 2.965. Training. ELO: 1209.024.
[INFO] Football. Step: 820000. Time Elapsed: 4311.999 s. Mean Reward: 1.846. Std of Reward: 3.038. Training. ELO: 1209.075.
[INFO] Football. Step: 830000. Time Elapsed: 4356.948 s. Mean Reward: 2.398. Std of Reward: 2.976. Training. ELO: 1209.075.
[INFO] Football. Step: 840000. Time Elapsed: 4399.005 s. Mean Reward: 1.415. Std of Reward: 2.993. Training. ELO: 1209.075.
[INFO] Football. Step: 850000. Time Elapsed: 4442.007 s. Mean Reward: 2.805. Std of Reward: 2.844. Training. ELO: 1209.075.
[INFO] Football. Step: 860000. Time Elapsed: 4483.471 s. Mean Reward: 1.653. Std of Reward: 2.960. Training. ELO: 1209.075.
[INFO] Football. Step: 870000. Time Elapsed: 4525.837 s. Mean Reward: 2.262. Std of Reward: 2.960. Training. ELO: 1209.075.
[INFO] Football. Step: 880000. Time Elapsed: 4569.833 s. Mean Reward: 1.566. Std of Reward: 3.054. Training. ELO: 1209.075.
[INFO] Football. Step: 890000. Time Elapsed: 4637.308 s. Mean Reward: 1.538. Std of Reward: 2.981. Training. ELO: 1209.075.
[INFO] Football. Step: 900000. Time Elapsed: 4710.217 s. Mean Reward: 2.821. Std of Reward: 2.847. Training. ELO: 1209.075.
[INFO] Football. Step: 910000. Time Elapsed: 4786.913 s. Mean Reward: 1.710. Std of Reward: 3.038. Training. ELO: 1209.203.
[INFO] Football. Step: 920000. Time Elapsed: 4862.417 s. Mean Reward: 2.665. Std of Reward: 2.942. Training. ELO: 1211.383.
[INFO] Football. Step: 930000. Time Elapsed: 4939.159 s. Mean Reward: 2.360. Std of Reward: 2.958. Training. ELO: 1218.252.
[INFO] Football. Step: 940000. Time Elapsed: 5011.644 s. Mean Reward: 2.947. Std of Reward: 2.767. Training. ELO: 1220.725.
[INFO] Football. Step: 950000. Time Elapsed: 5086.330 s. Mean Reward: 1.736. Std of Reward: 2.943. Training. ELO: 1222.815.
[INFO] Football. Step: 960000. Time Elapsed: 5158.557 s. Mean Reward: 2.364. Std of Reward: 2.941. Training. ELO: 1223.288.
[INFO] Football. Step: 970000. Time Elapsed: 5231.135 s. Mean Reward: 1.982. Std of Reward: 2.991. Training. ELO: 1223.470.
[INFO] Football. Step: 980000. Time Elapsed: 5307.209 s. Mean Reward: 2.256. Std of Reward: 2.974. Training. ELO: 1225.256.
[INFO] Football. Step: 990000. Time Elapsed: 5378.289 s. Mean Reward: 2.795. Std of Reward: 2.869. Training. ELO: 1227.996.
[INFO] Football. Step: 1000000. Time Elapsed: 5453.947 s. Mean Reward: 3.237. Std of Reward: 2.661. Training. ELO: 1234.081.
[INFO] Exported C:\Users\Admin\Documents\GitHub\GraduationProject\GraduationProject\results\Football_SAC_01\Football\Football-999990.onnx
[INFO] Football. Step: 1010000. Time Elapsed: 5524.975 s. Mean Reward: 1.713. Std of Reward: 3.011. Training. ELO: 1235.426.
[INFO] Football. Step: 1020000. Time Elapsed: 5605.598 s. Mean Reward: 1.801. Std of Reward: 3.011. Training. ELO: 1235.376.
[INFO] Football. Step: 1030000. Time Elapsed: 5676.781 s. Mean Reward: 2.530. Std of Reward: 2.963. Training. ELO: 1235.376.
[INFO] Football. Step: 1040000. Time Elapsed: 5751.898 s. Mean Reward: 1.805. Std of Reward: 3.045. Training. ELO: 1235.376.
[INFO] Football. Step: 1050000. Time Elapsed: 5822.707 s. Mean Reward: 1.726. Std of Reward: 3.005. Training. ELO: 1235.376.
[INFO] Football. Step: 1060000. Time Elapsed: 5896.976 s. Mean Reward: 0.901. Std of Reward: 2.885. Training. ELO: 1235.376.
[INFO] Football. Step: 1070000. Time Elapsed: 5973.852 s. Mean Reward: 1.977. Std of Reward: 3.002. Training. ELO: 1235.376.
[INFO] Football. Step: 1080000. Time Elapsed: 6046.845 s. Mean Reward: 2.119. Std of Reward: 2.998. Training. ELO: 1235.376.
[INFO] Football. Step: 1090000. Time Elapsed: 6119.546 s. Mean Reward: 1.356. Std of Reward: 2.961. Training. ELO: 1235.376.
[INFO] Football. Step: 1100000. Time Elapsed: 6195.673 s. Mean Reward: 1.286. Std of Reward: 2.950. Training. ELO: 1235.376.
[INFO] Football. Step: 1110000. Time Elapsed: 6272.858 s. Mean Reward: 1.984. Std of Reward: 2.993. Training. ELO: 1235.376.
[INFO] Football. Step: 1120000. Time Elapsed: 6347.263 s. Mean Reward: 1.576. Std of Reward: 3.001. Training. ELO: 1235.376.
[INFO] Football. Step: 1130000. Time Elapsed: 6419.650 s. Mean Reward: 1.792. Std of Reward: 2.957. Training. ELO: 1235.376.
[INFO] Football. Step: 1140000. Time Elapsed: 6495.231 s. Mean Reward: 0.975. Std of Reward: 2.859. Training. ELO: 1235.376.
[INFO] Football. Step: 1150000. Time Elapsed: 6571.228 s. Mean Reward: 2.194. Std of Reward: 3.004. Training. ELO: 1235.376.
[INFO] Football. Step: 1160000. Time Elapsed: 6644.669 s. Mean Reward: 0.648. Std of Reward: 2.740. Training. ELO: 1235.376.
[INFO] Football. Step: 1170000. Time Elapsed: 6717.678 s. Mean Reward: 1.699. Std of Reward: 3.024. Training. ELO: 1235.376.
[INFO] Football. Step: 1180000. Time Elapsed: 6792.745 s. Mean Reward: 1.332. Std of Reward: 2.925. Training. ELO: 1235.376.
[INFO] Football. Step: 1190000. Time Elapsed: 6865.463 s. Mean Reward: 2.521. Std of Reward: 2.956. Training. ELO: 1235.376.
[INFO] Football. Step: 1200000. Time Elapsed: 6940.035 s. Mean Reward: 1.923. Std of Reward: 2.969. Training. ELO: 1235.376.
[INFO] Football. Step: 1210000. Time Elapsed: 7015.333 s. Mean Reward: 2.286. Std of Reward: 2.982. Training. ELO: 1235.884.
[INFO] Football. Step: 1220000. Time Elapsed: 7090.309 s. Mean Reward: 2.171. Std of Reward: 3.005. Training. ELO: 1237.404.
[INFO] Football. Step: 1230000. Time Elapsed: 7165.010 s. Mean Reward: 2.379. Std of Reward: 2.969. Training. ELO: 1240.865.
[INFO] Football. Step: 1240000. Time Elapsed: 7239.853 s. Mean Reward: 1.823. Std of Reward: 2.998. Training. ELO: 1241.806.
[INFO] Football. Step: 1250000. Time Elapsed: 7314.142 s. Mean Reward: 1.506. Std of Reward: 2.969. Training. ELO: 1240.439.
[INFO] Football. Step: 1260000. Time Elapsed: 7386.806 s. Mean Reward: 2.140. Std of Reward: 2.988. Training. ELO: 1239.124.
[INFO] Football. Step: 1270000. Time Elapsed: 7465.106 s. Mean Reward: 1.342. Std of Reward: 2.943. Training. ELO: 1237.629.
[INFO] Football. Step: 1280000. Time Elapsed: 7538.344 s. Mean Reward: 2.269. Std of Reward: 3.005. Training. ELO: 1237.799.
[INFO] Football. Step: 1290000. Time Elapsed: 7613.276 s. Mean Reward: 2.261. Std of Reward: 2.983. Training. ELO: 1238.872.
[INFO] Football. Step: 1300000. Time Elapsed: 7685.980 s. Mean Reward: 2.008. Std of Reward: 2.997. Training. ELO: 1242.171.
[INFO] Football. Step: 1310000. Time Elapsed: 7758.853 s. Mean Reward: 2.213. Std of Reward: 2.984. Training. ELO: 1240.548.
[INFO] Football. Step: 1320000. Time Elapsed: 7835.044 s. Mean Reward: 2.040. Std of Reward: 2.998. Training. ELO: 1244.023.
[INFO] Football. Step: 1330000. Time Elapsed: 7908.481 s. Mean Reward: 1.610. Std of Reward: 2.971. Training. ELO: 1240.858.
[INFO] Football. Step: 1340000. Time Elapsed: 7979.109 s. Mean Reward: 1.852. Std of Reward: 3.039. Training. ELO: 1241.407.
[INFO] Football. Step: 1350000. Time Elapsed: 8054.455 s. Mean Reward: 2.250. Std of Reward: 2.938. Training. ELO: 1239.919.
[INFO] Football. Step: 1360000. Time Elapsed: 8127.802 s. Mean Reward: 2.896. Std of Reward: 2.803. Training. ELO: 1246.950.
[INFO] Football. Step: 1370000. Time Elapsed: 8199.951 s. Mean Reward: 2.324. Std of Reward: 2.979. Training. ELO: 1247.084.
[INFO] Football. Step: 1380000. Time Elapsed: 8276.531 s. Mean Reward: 2.581. Std of Reward: 2.902. Training. ELO: 1251.838.
[INFO] Football. Step: 1390000. Time Elapsed: 8349.313 s. Mean Reward: 2.923. Std of Reward: 2.827. Training. ELO: 1255.201.
[INFO] Football. Step: 1400000. Time Elapsed: 8423.984 s. Mean Reward: 1.796. Std of Reward: 3.019. Training. ELO: 1257.898.
[INFO] Football. Step: 1410000. Time Elapsed: 8501.168 s. Mean Reward: 2.143. Std of Reward: 2.985. Training. ELO: 1254.247.
[INFO] Football. Step: 1420000. Time Elapsed: 8575.895 s. Mean Reward: 1.974. Std of Reward: 2.955. Training. ELO: 1254.030.
[INFO] Football. Step: 1430000. Time Elapsed: 8651.087 s. Mean Reward: 2.335. Std of Reward: 2.958. Training. ELO: 1254.030.
[INFO] Football. Step: 1440000. Time Elapsed: 8724.187 s. Mean Reward: 1.850. Std of Reward: 3.001. Training. ELO: 1254.030.
[INFO] Football. Step: 1450000. Time Elapsed: 8798.855 s. Mean Reward: 1.482. Std of Reward: 2.967. Training. ELO: 1254.030.
[INFO] Football. Step: 1460000. Time Elapsed: 8871.879 s. Mean Reward: 1.492. Std of Reward: 2.985. Training. ELO: 1254.030.
[INFO] Football. Step: 1470000. Time Elapsed: 8946.662 s. Mean Reward: 1.501. Std of Reward: 2.977. Training. ELO: 1254.030.
[INFO] Football. Step: 1480000. Time Elapsed: 9022.037 s. Mean Reward: 2.383. Std of Reward: 2.971. Training. ELO: 1254.030.
[INFO] Football. Step: 1490000. Time Elapsed: 9096.064 s. Mean Reward: 1.726. Std of Reward: 2.984. Training. ELO: 1254.030.
[INFO] Football. Step: 1500000. Time Elapsed: 9167.830 s. Mean Reward: 1.528. Std of Reward: 3.014. Training. ELO: 1254.030.
[INFO] Exported C:\Users\Admin\Documents\GitHub\GraduationProject\GraduationProject\results\Football_SAC_01\Football\Football-1499670.onnx
[INFO] Football. Step: 1510000. Time Elapsed: 9249.327 s. Mean Reward: 1.807. Std of Reward: 3.002. Training. ELO: 1254.030.
[INFO] Football. Step: 1520000. Time Elapsed: 9324.891 s. Mean Reward: 1.327. Std of Reward: 2.967. Training. ELO: 1254.030.
[INFO] Football. Step: 1530000. Time Elapsed: 9398.884 s. Mean Reward: 1.217. Std of Reward: 2.958. Training. ELO: 1254.030.
[INFO] Football. Step: 1540000. Time Elapsed: 9471.654 s. Mean Reward: 2.201. Std of Reward: 2.987. Training. ELO: 1254.030.
[INFO] Football. Step: 1550000. Time Elapsed: 9542.269 s. Mean Reward: 1.612. Std of Reward: 3.010. Training. ELO: 1254.030.
[INFO] Football. Step: 1560000. Time Elapsed: 9617.333 s. Mean Reward: 2.795. Std of Reward: 2.862. Training. ELO: 1254.030.
[INFO] Football. Step: 1570000. Time Elapsed: 9692.417 s. Mean Reward: 2.487. Std of Reward: 2.927. Training. ELO: 1254.030.
[INFO] Football. Step: 1580000. Time Elapsed: 9765.402 s. Mean Reward: 1.984. Std of Reward: 3.023. Training. ELO: 1254.030.
[INFO] Football. Step: 1590000. Time Elapsed: 9842.476 s. Mean Reward: 1.941. Std of Reward: 3.019. Training. ELO: 1254.030.
[INFO] Football. Step: 1600000. Time Elapsed: 9918.495 s. Mean Reward: 1.983. Std of Reward: 2.966. Training. ELO: 1254.030.
[INFO] Exported C:\Users\Admin\Documents\GitHub\GraduationProject\GraduationProject\results\Football_SAC_01\Football\Football-1600061.onnx
[INFO] Copied C:\Users\Admin\Documents\GitHub\GraduationProject\GraduationProject\results\Football_SAC_01\Football\Football-1600061.onnx to C:\Users\Admin\Documents\GitHub\GraduationProject\GraduationProject\results\Football_SAC_01\Football.onnx.
