10:34:12 [INFO] ──────────────────────────────────────────────────────────────────────
10:34:12 [INFO] KIEM TRA TRUOC KHI CHAY
10:34:12 [INFO] ──────────────────────────────────────────────────────────────────────
10:34:12 [INFO] mlagents-learn : C:\Users\Admin\miniconda3\envs\mlagents\Scripts\mlagents-learn.exe
10:34:12 [INFO] trainer plugins: default,a2c,dqn,mappo
10:34:12 [WARN] [ctf_poca] CANH BAO: Khong cat duoi 1,5M: MAPPO chi giai duoc cau do tu ~1,28M buoc.
10:34:12 [WARN] [ctf_mappo] CANH BAO: Khong cat duoi 1,5M: day la lan chay chua PHAT HIEN CHINH cua do an.
10:34:12 [WARN] [fb_sac] CANH BAO: SAC + self_play: ML-Agents khong ho tro chinh thuc. Neu trainer bao loi, xem muc 'SAC tren Football' trong ke hoach.
10:34:12 [WARN] --force: se GHI DE 5 thu muc run-id da co (ctr01, ctr_poca_v1, FB01, Football_POCA_01, Football_SAC_01)
10:34:12 [INFO] Ket qua kiem tra: OK
10:34:12 [INFO] ──────────────────────────────────────────────────────────────────────
10:34:12 [INFO] Se chay 9 job, tong 180,000 buoc (ngan sach: reduced)
10:34:12 [INFO] Che do: build | num-envs 1 | time-scale 20.0

10:34:12 [INFO] ======================================================================
10:34:12 [INFO] [1/9]  ctr_ppo   PPO @ crossroad
10:34:12 [INFO]         run-id  : ctr01
10:34:12 [INFO]         config  : ctr_ppo.yaml
10:34:12 [INFO]         steps   : 20,000
10:34:12 [INFO] ======================================================================
10:34:12 [INFO] cmd: C:\Users\Admin\miniconda3\envs\mlagents\Scripts\mlagents-learn.exe C:\Users\Admin\Documents\GitHub\GraduationProject\GraduationProject\training_logs\_config_override\ctr01_20000.yaml --run-id ctr01 --results-dir C:\Users\Admin\Documents\GitHub\GraduationProject\GraduationProject\results --force --env C:\Users\Admin\Documents\GitHub\GraduationProject\GraduationProject\Builds\CrossTheRoad\CrossTheRoad.exe --no-graphics --time-scale 20.0

10:34:12 [INFO] ======================================================================
10:34:12 [INFO] [2/9]  ctr_sac   SAC @ crossroad
10:34:12 [INFO]         run-id  : CrossTheRoad_SAC_01
10:34:12 [INFO]         config  : ctr_sac.yaml
10:34:12 [INFO]         steps   : 20,000
10:34:12 [INFO] ======================================================================
10:34:12 [INFO] cmd: C:\Users\Admin\miniconda3\envs\mlagents\Scripts\mlagents-learn.exe C:\Users\Admin\Documents\GitHub\GraduationProject\GraduationProject\training_logs\_config_override\CrossTheRoad_SAC_01_20000.yaml --run-id CrossTheRoad_SAC_01 --results-dir C:\Users\Admin\Documents\GitHub\GraduationProject\GraduationProject\results --force --env C:\Users\Admin\Documents\GitHub\GraduationProject\GraduationProject\Builds\CrossTheRoad\CrossTheRoad.exe --no-graphics --time-scale 20.0

10:34:12 [INFO] ======================================================================
10:34:12 [INFO] [3/9]  ctr_poca   MA-POCA @ crossroad
10:34:12 [INFO]         run-id  : ctr_poca_v1
10:34:12 [INFO]         config  : ctr_poca.yaml
10:34:12 [INFO]         steps   : 20,000
10:34:12 [INFO] ======================================================================
10:34:12 [INFO] cmd: C:\Users\Admin\miniconda3\envs\mlagents\Scripts\mlagents-learn.exe C:\Users\Admin\Documents\GitHub\GraduationProject\GraduationProject\training_logs\_config_override\ctr_poca_v1_20000.yaml --run-id ctr_poca_v1 --results-dir C:\Users\Admin\Documents\GitHub\GraduationProject\GraduationProject\results --force --env C:\Users\Admin\Documents\GitHub\GraduationProject\GraduationProject\Builds\CrossTheRoad\CrossTheRoad.exe --no-graphics --time-scale 20.0

10:34:12 [INFO] ======================================================================
10:34:12 [INFO] [4/9]  ctr_mappo   MAPPO @ crossroad
10:34:12 [INFO]         run-id  : ctr_mappo_v1
10:34:12 [INFO]         config  : ctr_mappo.yaml
10:34:12 [INFO]         steps   : 20,000
10:34:12 [INFO] ======================================================================
10:34:12 [INFO] cmd: C:\Users\Admin\miniconda3\envs\mlagents\Scripts\mlagents-learn.exe C:\Users\Admin\Documents\GitHub\GraduationProject\GraduationProject\training_logs\_config_override\ctr_mappo_v1_20000.yaml --run-id ctr_mappo_v1 --results-dir C:\Users\Admin\Documents\GitHub\GraduationProject\GraduationProject\results --force --env C:\Users\Admin\Documents\GitHub\GraduationProject\GraduationProject\Builds\CrossTheRoad\CrossTheRoad.exe --no-graphics --time-scale 20.0

10:34:12 [INFO] ======================================================================
10:34:12 [INFO] [5/9]  ctf_poca   MA-POCA @ capture
10:34:12 [INFO]         run-id  : ctf_poca_v2
10:34:12 [INFO]         config  : ctf_poca.yaml
10:34:12 [INFO]         steps   : 20,000
10:34:12 [INFO] ======================================================================
10:34:12 [INFO] cmd: C:\Users\Admin\miniconda3\envs\mlagents\Scripts\mlagents-learn.exe C:\Users\Admin\Documents\GitHub\GraduationProject\GraduationProject\training_logs\_config_override\ctf_poca_v2_20000.yaml --run-id ctf_poca_v2 --results-dir C:\Users\Admin\Documents\GitHub\GraduationProject\GraduationProject\results --force --env C:\Users\Admin\Documents\GitHub\GraduationProject\GraduationProject\Builds\CaptureTheFlag\CaptureTheFlag.exe --no-graphics --time-scale 20.0

10:34:12 [INFO] ======================================================================
10:34:12 [INFO] [6/9]  ctf_mappo   MAPPO @ capture
10:34:12 [INFO]         run-id  : ctf_mappo_v2
10:34:12 [INFO]         config  : ctf_mappo.yaml
10:34:12 [INFO]         steps   : 20,000
10:34:12 [INFO] ======================================================================
10:34:12 [INFO] cmd: C:\Users\Admin\miniconda3\envs\mlagents\Scripts\mlagents-learn.exe C:\Users\Admin\Documents\GitHub\GraduationProject\GraduationProject\training_logs\_config_override\ctf_mappo_v2_20000.yaml --run-id ctf_mappo_v2 --results-dir C:\Users\Admin\Documents\GitHub\GraduationProject\GraduationProject\results --force --env C:\Users\Admin\Documents\GitHub\GraduationProject\GraduationProject\Builds\CaptureTheFlag\CaptureTheFlag.exe --no-graphics --time-scale 20.0

10:34:12 [INFO] ======================================================================
10:34:12 [INFO] [7/9]  fb_ppo   PPO @ football
10:34:12 [INFO]         run-id  : FB01
10:34:12 [INFO]         config  : football_ppo.yaml
10:34:12 [INFO]         steps   : 20,000
10:34:12 [INFO] ======================================================================
10:34:12 [INFO] cmd: C:\Users\Admin\miniconda3\envs\mlagents\Scripts\mlagents-learn.exe C:\Users\Admin\Documents\GitHub\GraduationProject\GraduationProject\training_logs\_config_override\FB01_20000.yaml --run-id FB01 --results-dir C:\Users\Admin\Documents\GitHub\GraduationProject\GraduationProject\results --force --env C:\Users\Admin\Documents\GitHub\GraduationProject\GraduationProject\Builds\Football\Football.exe --no-graphics --time-scale 20.0

10:34:12 [INFO] ======================================================================
10:34:12 [INFO] [8/9]  fb_poca   MA-POCA @ football
10:34:12 [INFO]         run-id  : Football_POCA_01
10:34:12 [INFO]         config  : football_poca.yaml
10:34:12 [INFO]         steps   : 20,000
10:34:12 [INFO] ======================================================================
10:34:12 [INFO] cmd: C:\Users\Admin\miniconda3\envs\mlagents\Scripts\mlagents-learn.exe C:\Users\Admin\Documents\GitHub\GraduationProject\GraduationProject\training_logs\_config_override\Football_POCA_01_20000.yaml --run-id Football_POCA_01 --results-dir C:\Users\Admin\Documents\GitHub\GraduationProject\GraduationProject\results --force --env C:\Users\Admin\Documents\GitHub\GraduationProject\GraduationProject\Builds\Football\Football.exe --no-graphics --time-scale 20.0

10:34:12 [INFO] ======================================================================
10:34:12 [INFO] [9/9]  fb_sac   SAC @ football
10:34:12 [INFO]         run-id  : Football_SAC_01
10:34:12 [INFO]         config  : football_sac.yaml
10:34:12 [INFO]         steps   : 20,000
10:34:12 [INFO] ======================================================================
10:34:12 [INFO] cmd: C:\Users\Admin\miniconda3\envs\mlagents\Scripts\mlagents-learn.exe C:\Users\Admin\Documents\GitHub\GraduationProject\GraduationProject\training_logs\_config_override\Football_SAC_01_20000.yaml --run-id Football_SAC_01 --results-dir C:\Users\Admin\Documents\GitHub\GraduationProject\GraduationProject\results --force --env C:\Users\Admin\Documents\GitHub\GraduationProject\GraduationProject\Builds\Football\Football.exe --no-graphics --time-scale 20.0

10:34:12 [INFO] ======================================================================
10:34:12 [INFO] TONG KET  (0:00:00)
10:34:12 [INFO]   Thanh cong : 9  ['ctr_ppo', 'ctr_sac', 'ctr_poca', 'ctr_mappo', 'ctf_poca', 'ctf_mappo', 'fb_ppo', 'fb_poca', 'fb_sac']
10:34:12 [INFO]   That bai   : 0  []
10:34:12 [INFO] ======================================================================
