12:12:43 [INFO] ──────────────────────────────────────────────────────────────────────
12:12:43 [INFO] KIEM TRA TRUOC KHI CHAY
12:12:43 [INFO] ──────────────────────────────────────────────────────────────────────
12:12:43 [INFO] mlagents-learn : C:\Users\Admin\miniconda3\envs\mlagents\Scripts\mlagents-learn.exe
12:12:43 [INFO] trainer plugins: default,a2c,dqn,mappo
12:12:43 [WARN] [ctr_sac] CANH BAO: Ngan sach cu 200K dua tren lap luan 'SAC hoi tu ~150K', do voi steps_per_update=1. Nay config da doi sang 20 (nhanh gap 12 lan nhung ton mau hon) nen 200K khong con du.
12:12:43 [WARN] [ctf_mappo] CANH BAO: Day la lan chay chua PHAT HIEN CHINH cua do an (buoc ngoat ~1,28M). Neu ha STEPS['capture'] xuong duoi 1,5M thi duong cong mat buoc ngoat.
12:12:43 [WARN] [fb_sac] CANH BAO: SAC + self_play: ML-Agents khong ho tro chinh thuc. Da chay duoc 20K buoc trong smoke test nen khong chan, nhung theo doi ky.
12:12:43 [WARN] [fb_dqn] CANH BAO: CAN BUILD RIENG 'FootballDiscrete'. Football dang la continuous(8) nhung DQN chi chay duoc action roi rac, nen phai co mot ban scene voi Behavior Parameters doi sang 8 nhanh x 3 muc. Khong dung chung build 'Football' voi PPO/SAC/POCA/MAPPO duoc.
12:12:43 [INFO] Ket qua kiem tra: OK
12:12:43 [INFO] ──────────────────────────────────────────────────────────────────────
12:12:43 [INFO] Se chay 15 job, tong 26,500,000 buoc (ngan sach: full)
12:12:43 [INFO] Che do: build | num-envs 1 | time-scale 20.0

12:12:43 [INFO] ======================================================================
12:12:43 [INFO] [1/15]  ctr_ppo   PPO @ crossroad
12:12:43 [INFO]         run-id  : ctr01
12:12:43 [INFO]         config  : ctr_ppo.yaml
12:12:43 [INFO]         steps   : 2,000,000
12:12:43 [INFO] ======================================================================
12:12:43 [INFO] cmd: C:\Users\Admin\miniconda3\envs\mlagents\Scripts\mlagents-learn.exe C:\Users\Admin\Documents\GitHub\GraduationProject\GraduationProject\training_logs\_config_override\ctr01_2000000.yaml --run-id ctr01 --results-dir C:\Users\Admin\Documents\GitHub\GraduationProject\GraduationProject\results --force --env C:\Users\Admin\Documents\GitHub\GraduationProject\GraduationProject\Builds\CrossTheRoad\CrossTheRoad.exe --no-graphics --time-scale 20.0
12:12:52 [WARN]     C:\Users\Admin\miniconda3\envs\mlagents\lib\site-packages\torch\utils\_device.py:77: UserWarning: The use of `x.T` on tensors of dimension other than 2 to reverse their shape is deprecated and it will throw an error in a future release. Consider `x.mT` to transpose batches of matrices or `x.permute(*torch.arange(x.ndim - 1, -1, -1))` to reverse the dimensions of a tensor. (Triggered internally at ..\aten\src\ATen\native\TensorShape.cpp:3641.)
12:12:59 [INFO]         10,000 / 2,000,000  (  0.5%)     625 step/s  ETA 0:53:01
12:13:09 [INFO]         20,000 / 2,000,000  (  1.0%)     761 step/s  ETA 0:43:22
12:13:22 [INFO]         30,000 / 2,000,000  (  1.5%)     769 step/s  ETA 0:42:41
12:13:33 [INFO]         40,000 / 2,000,000  (  2.0%)     807 step/s  ETA 0:40:29
12:13:43 [INFO]         50,000 / 2,000,000  (  2.5%)     836 step/s  ETA 0:38:51
12:13:53 [INFO]         60,000 / 2,000,000  (  3.0%)     854 step/s  ETA 0:37:52
12:14:04 [INFO]         70,000 / 2,000,000  (  3.5%)     867 step/s  ETA 0:37:06
12:14:14 [INFO]         80,000 / 2,000,000  (  4.0%)     876 step/s  ETA 0:36:32
12:14:25 [INFO]         90,000 / 2,000,000  (  4.5%)     883 step/s  ETA 0:36:02
12:14:36 [INFO]        100,000 / 2,000,000  (  5.0%)     888 step/s  ETA 0:35:39
12:14:46 [INFO]        110,000 / 2,000,000  (  5.5%)     892 step/s  ETA 0:35:17
12:14:57 [INFO]        120,000 / 2,000,000  (  6.0%)     896 step/s  ETA 0:34:57
12:15:08 [INFO]        130,000 / 2,000,000  (  6.5%)     898 step/s  ETA 0:34:41
12:15:18 [INFO]        140,000 / 2,000,000  (  7.0%)     901 step/s  ETA 0:34:23
12:15:29 [INFO]        150,000 / 2,000,000  (  7.5%)     902 step/s  ETA 0:34:09
12:15:40 [INFO]        160,000 / 2,000,000  (  8.0%)     903 step/s  ETA 0:33:56
12:15:51 [INFO]        170,000 / 2,000,000  (  8.5%)     904 step/s  ETA 0:33:43
12:16:02 [INFO]        180,000 / 2,000,000  (  9.0%)     906 step/s  ETA 0:33:28
12:16:12 [INFO]        190,000 / 2,000,000  (  9.5%)     908 step/s  ETA 0:33:12
12:16:23 [INFO]        200,000 / 2,000,000  ( 10.0%)     909 step/s  ETA 0:32:59
12:16:34 [INFO]        210,000 / 2,000,000  ( 10.5%)     910 step/s  ETA 0:32:46
12:16:44 [INFO]        220,000 / 2,000,000  ( 11.0%)     912 step/s  ETA 0:32:31
12:16:55 [INFO]        230,000 / 2,000,000  ( 11.5%)     913 step/s  ETA 0:32:17
12:17:05 [INFO]        240,000 / 2,000,000  ( 12.0%)     915 step/s  ETA 0:32:03
12:17:16 [INFO]        250,000 / 2,000,000  ( 12.5%)     916 step/s  ETA 0:31:50
12:17:27 [INFO]        260,000 / 2,000,000  ( 13.0%)     917 step/s  ETA 0:31:37
12:17:37 [INFO]        270,000 / 2,000,000  ( 13.5%)     918 step/s  ETA 0:31:25
12:17:48 [INFO]        280,000 / 2,000,000  ( 14.0%)     918 step/s  ETA 0:31:12
12:17:58 [INFO]        290,000 / 2,000,000  ( 14.5%)     919 step/s  ETA 0:31:00
12:18:09 [INFO]        300,000 / 2,000,000  ( 15.0%)     920 step/s  ETA 0:30:47
12:18:20 [INFO]        310,000 / 2,000,000  ( 15.5%)     921 step/s  ETA 0:30:35
12:18:31 [INFO]        320,000 / 2,000,000  ( 16.0%)     920 step/s  ETA 0:30:25
12:18:42 [INFO]        330,000 / 2,000,000  ( 16.5%)     920 step/s  ETA 0:30:15
12:18:52 [INFO]        340,000 / 2,000,000  ( 17.0%)     920 step/s  ETA 0:30:03
12:19:03 [INFO]        350,000 / 2,000,000  ( 17.5%)     921 step/s  ETA 0:29:51
12:19:14 [INFO]        360,000 / 2,000,000  ( 18.0%)     920 step/s  ETA 0:29:42
12:19:27 [INFO]        370,000 / 2,000,000  ( 18.5%)     916 step/s  ETA 0:29:39
12:19:44 [INFO]        380,000 / 2,000,000  ( 19.0%)     903 step/s  ETA 0:29:54
12:20:01 [INFO]        390,000 / 2,000,000  ( 19.5%)     890 step/s  ETA 0:30:08
12:20:18 [INFO]        400,000 / 2,000,000  ( 20.0%)     879 step/s  ETA 0:30:20
12:20:35 [INFO]        410,000 / 2,000,000  ( 20.5%)     868 step/s  ETA 0:30:32
12:20:53 [INFO]        420,000 / 2,000,000  ( 21.0%)     858 step/s  ETA 0:30:41
12:21:10 [INFO]        430,000 / 2,000,000  ( 21.5%)     848 step/s  ETA 0:30:51
12:21:28 [INFO]        440,000 / 2,000,000  ( 22.0%)     839 step/s  ETA 0:30:59
12:21:45 [INFO]        450,000 / 2,000,000  ( 22.5%)     831 step/s  ETA 0:31:06
12:22:02 [INFO]        460,000 / 2,000,000  ( 23.0%)     823 step/s  ETA 0:31:11
12:22:19 [INFO]        470,000 / 2,000,000  ( 23.5%)     816 step/s  ETA 0:31:16
12:22:36 [INFO]        480,000 / 2,000,000  ( 24.0%)     809 step/s  ETA 0:31:19
12:22:54 [INFO]        490,000 / 2,000,000  ( 24.5%)     802 step/s  ETA 0:31:22
12:23:11 [INFO]        500,000 / 2,000,000  ( 25.0%)     796 step/s  ETA 0:31:23
12:23:28 [INFO]        510,000 / 2,000,000  ( 25.5%)     791 step/s  ETA 0:31:24
12:23:45 [INFO]        520,000 / 2,000,000  ( 26.0%)     785 step/s  ETA 0:31:24
12:24:00 [INFO]        530,000 / 2,000,000  ( 26.5%)     783 step/s  ETA 0:31:18
12:24:11 [INFO]        540,000 / 2,000,000  ( 27.0%)     785 step/s  ETA 0:30:59
12:24:26 [INFO]        550,000 / 2,000,000  ( 27.5%)     783 step/s  ETA 0:30:52
12:24:43 [INFO]        560,000 / 2,000,000  ( 28.0%)     778 step/s  ETA 0:30:50
12:24:59 [INFO]        570,000 / 2,000,000  ( 28.5%)     774 step/s  ETA 0:30:47
12:25:16 [INFO]        580,000 / 2,000,000  ( 29.0%)     770 step/s  ETA 0:30:43
12:25:33 [INFO]        590,000 / 2,000,000  ( 29.5%)     766 step/s  ETA 0:30:39
12:25:50 [INFO]        600,000 / 2,000,000  ( 30.0%)     763 step/s  ETA 0:30:35
12:26:06 [INFO]        610,000 / 2,000,000  ( 30.5%)     759 step/s  ETA 0:30:30
12:26:23 [INFO]        620,000 / 2,000,000  ( 31.0%)     756 step/s  ETA 0:30:24
12:26:39 [INFO]        630,000 / 2,000,000  ( 31.5%)     754 step/s  ETA 0:30:18
12:26:56 [INFO]        640,000 / 2,000,000  ( 32.0%)     751 step/s  ETA 0:30:11
12:27:12 [INFO]        650,000 / 2,000,000  ( 32.5%)     748 step/s  ETA 0:30:04
12:27:25 [INFO]        660,000 / 2,000,000  ( 33.0%)     748 step/s  ETA 0:29:50
12:27:37 [INFO]        670,000 / 2,000,000  ( 33.5%)     750 step/s  ETA 0:29:33
12:27:53 [INFO]        680,000 / 2,000,000  ( 34.0%)     747 step/s  ETA 0:29:26
12:28:09 [INFO]        690,000 / 2,000,000  ( 34.5%)     745 step/s  ETA 0:29:18
12:28:26 [INFO]        700,000 / 2,000,000  ( 35.0%)     742 step/s  ETA 0:29:10
12:28:42 [INFO]        710,000 / 2,000,000  ( 35.5%)     740 step/s  ETA 0:29:03
12:28:59 [INFO]        720,000 / 2,000,000  ( 36.0%)     738 step/s  ETA 0:28:54
12:29:15 [INFO]        730,000 / 2,000,000  ( 36.5%)     736 step/s  ETA 0:28:46
12:29:28 [INFO]        740,000 / 2,000,000  ( 37.0%)     736 step/s  ETA 0:28:31
12:29:45 [INFO]        750,000 / 2,000,000  ( 37.5%)     734 step/s  ETA 0:28:22
12:30:01 [INFO]        760,000 / 2,000,000  ( 38.0%)     732 step/s  ETA 0:28:13
12:30:17 [INFO]        770,000 / 2,000,000  ( 38.5%)     730 step/s  ETA 0:28:04
12:30:34 [INFO]        780,000 / 2,000,000  ( 39.0%)     728 step/s  ETA 0:27:54
12:30:51 [INFO]        790,000 / 2,000,000  ( 39.5%)     726 step/s  ETA 0:27:45
12:31:06 [INFO]        800,000 / 2,000,000  ( 40.0%)     726 step/s  ETA 0:27:33
12:31:21 [INFO]        810,000 / 2,000,000  ( 40.5%)     725 step/s  ETA 0:27:21
12:31:37 [INFO]        820,000 / 2,000,000  ( 41.0%)     723 step/s  ETA 0:27:12
12:31:54 [INFO]        830,000 / 2,000,000  ( 41.5%)     721 step/s  ETA 0:27:02
12:32:10 [INFO]        840,000 / 2,000,000  ( 42.0%)     720 step/s  ETA 0:26:51
12:32:27 [INFO]        850,000 / 2,000,000  ( 42.5%)     718 step/s  ETA 0:26:41
12:32:43 [INFO]        860,000 / 2,000,000  ( 43.0%)     717 step/s  ETA 0:26:30
12:32:59 [INFO]        870,000 / 2,000,000  ( 43.5%)     715 step/s  ETA 0:26:19
12:33:16 [INFO]        880,000 / 2,000,000  ( 44.0%)     714 step/s  ETA 0:26:08
12:33:32 [INFO]        890,000 / 2,000,000  ( 44.5%)     712 step/s  ETA 0:25:57
12:33:47 [INFO]        900,000 / 2,000,000  ( 45.0%)     712 step/s  ETA 0:25:44
12:34:02 [INFO]        910,000 / 2,000,000  ( 45.5%)     712 step/s  ETA 0:25:31
12:34:18 [INFO]        920,000 / 2,000,000  ( 46.0%)     710 step/s  ETA 0:25:20
12:34:35 [INFO]        930,000 / 2,000,000  ( 46.5%)     709 step/s  ETA 0:25:09
12:34:52 [INFO]        940,000 / 2,000,000  ( 47.0%)     707 step/s  ETA 0:24:58
12:35:08 [INFO]        950,000 / 2,000,000  ( 47.5%)     706 step/s  ETA 0:24:46
12:35:25 [INFO]        960,000 / 2,000,000  ( 48.0%)     705 step/s  ETA 0:24:35
12:35:41 [INFO]        970,000 / 2,000,000  ( 48.5%)     704 step/s  ETA 0:24:23
12:35:57 [INFO]        980,000 / 2,000,000  ( 49.0%)     703 step/s  ETA 0:24:11
12:36:13 [INFO]        990,000 / 2,000,000  ( 49.5%)     702 step/s  ETA 0:23:58
12:36:30 [INFO]      1,000,000 / 2,000,000  ( 50.0%)     701 step/s  ETA 0:23:46
12:36:46 [INFO]      1,010,000 / 2,000,000  ( 50.5%)     700 step/s  ETA 0:23:34
12:37:02 [INFO]      1,020,000 / 2,000,000  ( 51.0%)     699 step/s  ETA 0:23:22
12:37:18 [INFO]      1,030,000 / 2,000,000  ( 51.5%)     698 step/s  ETA 0:23:09
12:37:33 [INFO]      1,040,000 / 2,000,000  ( 52.0%)     698 step/s  ETA 0:22:55
12:37:49 [INFO]      1,050,000 / 2,000,000  ( 52.5%)     697 step/s  ETA 0:22:43
12:38:01 [INFO]      1,060,000 / 2,000,000  ( 53.0%)     698 step/s  ETA 0:22:26
12:38:13 [INFO]      1,070,000 / 2,000,000  ( 53.5%)     700 step/s  ETA 0:22:09
12:38:22 [INFO]      1,080,000 / 2,000,000  ( 54.0%)     702 step/s  ETA 0:21:51
12:38:32 [INFO]      1,090,000 / 2,000,000  ( 54.5%)     704 step/s  ETA 0:21:33
12:38:42 [INFO]      1,100,000 / 2,000,000  ( 55.0%)     705 step/s  ETA 0:21:15
12:38:56 [INFO]      1,110,000 / 2,000,000  ( 55.5%)     706 step/s  ETA 0:21:00
12:39:08 [INFO]      1,120,000 / 2,000,000  ( 56.0%)     707 step/s  ETA 0:20:45
12:39:25 [INFO]      1,130,000 / 2,000,000  ( 56.5%)     706 step/s  ETA 0:20:33
12:39:40 [INFO]      1,140,000 / 2,000,000  ( 57.0%)     705 step/s  ETA 0:20:19
12:39:56 [INFO]      1,150,000 / 2,000,000  ( 57.5%)     704 step/s  ETA 0:20:07
12:40:13 [INFO]      1,160,000 / 2,000,000  ( 58.0%)     703 step/s  ETA 0:19:54
12:40:29 [INFO]      1,170,000 / 2,000,000  ( 58.5%)     702 step/s  ETA 0:19:42
12:40:46 [INFO]      1,180,000 / 2,000,000  ( 59.0%)     701 step/s  ETA 0:19:29
12:41:02 [INFO]      1,190,000 / 2,000,000  ( 59.5%)     700 step/s  ETA 0:19:16
12:41:19 [INFO]      1,200,000 / 2,000,000  ( 60.0%)     699 step/s  ETA 0:19:03
12:41:35 [INFO]      1,210,000 / 2,000,000  ( 60.5%)     699 step/s  ETA 0:18:50
12:41:47 [INFO]      1,220,000 / 2,000,000  ( 61.0%)     700 step/s  ETA 0:18:34
12:42:03 [INFO]      1,230,000 / 2,000,000  ( 61.5%)     699 step/s  ETA 0:18:21
12:42:20 [INFO]      1,240,000 / 2,000,000  ( 62.0%)     698 step/s  ETA 0:18:08
12:42:36 [INFO]      1,250,000 / 2,000,000  ( 62.5%)     697 step/s  ETA 0:17:55
12:42:52 [INFO]      1,260,000 / 2,000,000  ( 63.0%)     696 step/s  ETA 0:17:42
12:43:08 [INFO]      1,270,000 / 2,000,000  ( 63.5%)     696 step/s  ETA 0:17:29
12:43:25 [INFO]      1,280,000 / 2,000,000  ( 64.0%)     695 step/s  ETA 0:17:16
12:43:41 [INFO]      1,290,000 / 2,000,000  ( 64.5%)     694 step/s  ETA 0:17:02
12:43:58 [INFO]      1,300,000 / 2,000,000  ( 65.0%)     693 step/s  ETA 0:16:49
12:44:16 [INFO]      1,310,000 / 2,000,000  ( 65.5%)     692 step/s  ETA 0:16:36
12:44:33 [INFO]      1,320,000 / 2,000,000  ( 66.0%)     691 step/s  ETA 0:16:24
12:44:51 [INFO]      1,330,000 / 2,000,000  ( 66.5%)     690 step/s  ETA 0:16:11
12:45:08 [INFO]      1,340,000 / 2,000,000  ( 67.0%)     689 step/s  ETA 0:15:57
12:45:24 [INFO]      1,350,000 / 2,000,000  ( 67.5%)     688 step/s  ETA 0:15:44
12:45:41 [INFO]      1,360,000 / 2,000,000  ( 68.0%)     688 step/s  ETA 0:15:30
12:45:58 [INFO]      1,370,000 / 2,000,000  ( 68.5%)     687 step/s  ETA 0:15:17
12:46:15 [INFO]      1,380,000 / 2,000,000  ( 69.0%)     686 step/s  ETA 0:15:03
12:46:32 [INFO]      1,390,000 / 2,000,000  ( 69.5%)     685 step/s  ETA 0:14:50
12:46:49 [INFO]      1,400,000 / 2,000,000  ( 70.0%)     684 step/s  ETA 0:14:36
12:47:06 [INFO]      1,410,000 / 2,000,000  ( 70.5%)     683 step/s  ETA 0:14:23
12:47:24 [INFO]      1,420,000 / 2,000,000  ( 71.0%)     683 step/s  ETA 0:14:09
12:47:39 [INFO]      1,430,000 / 2,000,000  ( 71.5%)     682 step/s  ETA 0:13:55
12:47:56 [INFO]      1,440,000 / 2,000,000  ( 72.0%)     681 step/s  ETA 0:13:41
12:48:13 [INFO]      1,450,000 / 2,000,000  ( 72.5%)     681 step/s  ETA 0:13:28
12:48:31 [INFO]      1,460,000 / 2,000,000  ( 73.0%)     680 step/s  ETA 0:13:14
12:48:48 [INFO]      1,470,000 / 2,000,000  ( 73.5%)     679 step/s  ETA 0:13:00
12:49:04 [INFO]      1,480,000 / 2,000,000  ( 74.0%)     678 step/s  ETA 0:12:46
12:49:17 [INFO]      1,490,000 / 2,000,000  ( 74.5%)     679 step/s  ETA 0:12:30
12:49:33 [INFO]      1,500,000 / 2,000,000  ( 75.0%)     679 step/s  ETA 0:12:16
12:49:50 [INFO]      1,510,000 / 2,000,000  ( 75.5%)     678 step/s  ETA 0:12:02
12:50:06 [INFO]      1,520,000 / 2,000,000  ( 76.0%)     678 step/s  ETA 0:11:48
12:50:23 [INFO]      1,530,000 / 2,000,000  ( 76.5%)     677 step/s  ETA 0:11:34
12:50:39 [INFO]      1,540,000 / 2,000,000  ( 77.0%)     677 step/s  ETA 0:11:19
12:50:56 [INFO]      1,550,000 / 2,000,000  ( 77.5%)     676 step/s  ETA 0:11:05
12:51:12 [INFO]      1,560,000 / 2,000,000  ( 78.0%)     676 step/s  ETA 0:10:51
12:51:29 [INFO]      1,570,000 / 2,000,000  ( 78.5%)     675 step/s  ETA 0:10:37
12:51:46 [INFO]      1,580,000 / 2,000,000  ( 79.0%)     674 step/s  ETA 0:10:22
12:52:03 [INFO]      1,590,000 / 2,000,000  ( 79.5%)     674 step/s  ETA 0:10:08
12:52:19 [INFO]      1,600,000 / 2,000,000  ( 80.0%)     673 step/s  ETA 0:09:54
12:52:32 [INFO]      1,610,000 / 2,000,000  ( 80.5%)     674 step/s  ETA 0:09:38
12:52:49 [INFO]      1,620,000 / 2,000,000  ( 81.0%)     673 step/s  ETA 0:09:24
12:53:06 [INFO]      1,630,000 / 2,000,000  ( 81.5%)     673 step/s  ETA 0:09:10
12:53:23 [INFO]      1,640,000 / 2,000,000  ( 82.0%)     672 step/s  ETA 0:08:55
12:53:41 [INFO]      1,650,000 / 2,000,000  ( 82.5%)     671 step/s  ETA 0:08:41
12:53:58 [INFO]      1,660,000 / 2,000,000  ( 83.0%)     671 step/s  ETA 0:08:26
12:54:15 [INFO]      1,670,000 / 2,000,000  ( 83.5%)     670 step/s  ETA 0:08:12
12:54:32 [INFO]      1,680,000 / 2,000,000  ( 84.0%)     669 step/s  ETA 0:07:58
12:54:50 [INFO]      1,690,000 / 2,000,000  ( 84.5%)     669 step/s  ETA 0:07:43
12:55:07 [INFO]      1,700,000 / 2,000,000  ( 85.0%)     668 step/s  ETA 0:07:28
12:55:24 [INFO]      1,710,000 / 2,000,000  ( 85.5%)     668 step/s  ETA 0:07:14
12:55:41 [INFO]      1,720,000 / 2,000,000  ( 86.0%)     667 step/s  ETA 0:06:59
12:55:58 [INFO]      1,730,000 / 2,000,000  ( 86.5%)     667 step/s  ETA 0:06:45
12:56:15 [INFO]      1,740,000 / 2,000,000  ( 87.0%)     666 step/s  ETA 0:06:30
12:56:28 [INFO]      1,750,000 / 2,000,000  ( 87.5%)     667 step/s  ETA 0:06:15
12:56:39 [INFO]      1,760,000 / 2,000,000  ( 88.0%)     668 step/s  ETA 0:05:59
12:56:49 [INFO]      1,770,000 / 2,000,000  ( 88.5%)     669 step/s  ETA 0:05:43
12:56:59 [INFO]      1,780,000 / 2,000,000  ( 89.0%)     670 step/s  ETA 0:05:28
12:57:09 [INFO]      1,790,000 / 2,000,000  ( 89.5%)     671 step/s  ETA 0:05:12
12:57:19 [INFO]      1,800,000 / 2,000,000  ( 90.0%)     673 step/s  ETA 0:04:57
12:57:28 [INFO]      1,810,000 / 2,000,000  ( 90.5%)     674 step/s  ETA 0:04:41
12:57:38 [INFO]      1,820,000 / 2,000,000  ( 91.0%)     675 step/s  ETA 0:04:26
12:57:48 [INFO]      1,830,000 / 2,000,000  ( 91.5%)     676 step/s  ETA 0:04:11
12:57:58 [INFO]      1,840,000 / 2,000,000  ( 92.0%)     678 step/s  ETA 0:03:56
12:58:05 [INFO]      1,850,000 / 2,000,000  ( 92.5%)     680 step/s  ETA 0:03:40
12:58:15 [INFO]      1,860,000 / 2,000,000  ( 93.0%)     681 step/s  ETA 0:03:25
12:58:25 [INFO]      1,870,000 / 2,000,000  ( 93.5%)     682 step/s  ETA 0:03:10
12:58:35 [INFO]      1,880,000 / 2,000,000  ( 94.0%)     683 step/s  ETA 0:02:55
12:58:45 [INFO]      1,890,000 / 2,000,000  ( 94.5%)     684 step/s  ETA 0:02:40
12:58:55 [INFO]      1,900,000 / 2,000,000  ( 95.0%)     686 step/s  ETA 0:02:25
12:59:05 [INFO]      1,910,000 / 2,000,000  ( 95.5%)     687 step/s  ETA 0:02:11
12:59:15 [INFO]      1,920,000 / 2,000,000  ( 96.0%)     688 step/s  ETA 0:01:56
12:59:25 [INFO]      1,930,000 / 2,000,000  ( 96.5%)     689 step/s  ETA 0:01:41
12:59:34 [INFO]      1,940,000 / 2,000,000  ( 97.0%)     690 step/s  ETA 0:01:26
12:59:44 [INFO]      1,950,000 / 2,000,000  ( 97.5%)     691 step/s  ETA 0:01:12
12:59:54 [INFO]      1,960,000 / 2,000,000  ( 98.0%)     692 step/s  ETA 0:00:57
13:00:04 [INFO]      1,970,000 / 2,000,000  ( 98.5%)     693 step/s  ETA 0:00:43
13:00:14 [INFO]      1,980,000 / 2,000,000  ( 99.0%)     695 step/s  ETA 0:00:28
13:00:23 [INFO]      1,990,000 / 2,000,000  ( 99.5%)     696 step/s  ETA 0:00:14
13:00:33 [INFO]      2,000,000 / 2,000,000  (100.0%)     697 step/s  ETA 0:00:00
13:00:37 [INFO] --> XONG  (0:47:54, 2,000,000 steps, log: ctr01.log)

13:00:37 [INFO] ======================================================================
13:00:37 [INFO] [2/15]  ctr_sac   SAC @ crossroad
13:00:37 [INFO]         run-id  : CrossTheRoad_SAC_01
13:00:37 [INFO]         config  : ctr_sac.yaml
13:00:37 [INFO]         steps   : 2,000,000
13:00:37 [INFO] ======================================================================
13:00:37 [INFO] cmd: C:\Users\Admin\miniconda3\envs\mlagents\Scripts\mlagents-learn.exe C:\Users\Admin\Documents\GitHub\GraduationProject\GraduationProject\training_logs\_config_override\CrossTheRoad_SAC_01_2000000.yaml --run-id CrossTheRoad_SAC_01 --results-dir C:\Users\Admin\Documents\GitHub\GraduationProject\GraduationProject\results --force --env C:\Users\Admin\Documents\GitHub\GraduationProject\GraduationProject\Builds\CrossTheRoad\CrossTheRoad.exe --no-graphics --time-scale 20.0
13:00:43 [WARN]     C:\Users\Admin\miniconda3\envs\mlagents\lib\site-packages\torch\utils\_device.py:77: UserWarning: The use of `x.T` on tensors of dimension other than 2 to reverse their shape is deprecated and it will throw an error in a future release. Consider `x.mT` to transpose batches of matrices or `x.permute(*torch.arange(x.ndim - 1, -1, -1))` to reverse the dimensions of a tensor. (Triggered internally at ..\aten\src\ATen\native\TensorShape.cpp:3641.)
13:01:12 [INFO]         10,000 / 2,000,000  (  0.5%)     288 step/s  ETA 1:55:17
13:01:43 [INFO]         20,000 / 2,000,000  (  1.0%)     301 step/s  ETA 1:49:31
13:02:15 [INFO]         30,000 / 2,000,000  (  1.5%)     308 step/s  ETA 1:46:40
13:02:46 [INFO]         40,000 / 2,000,000  (  2.0%)     311 step/s  ETA 1:45:11
13:03:18 [INFO]         50,000 / 2,000,000  (  2.5%)     310 step/s  ETA 1:44:43
13:03:50 [INFO]         60,000 / 2,000,000  (  3.0%)     312 step/s  ETA 1:43:43
13:04:21 [INFO]         70,000 / 2,000,000  (  3.5%)     313 step/s  ETA 1:42:45
13:04:51 [INFO]         80,000 / 2,000,000  (  4.0%)     315 step/s  ETA 1:41:28
13:05:21 [INFO]         90,000 / 2,000,000  (  4.5%)     317 step/s  ETA 1:40:28
13:05:52 [INFO]        100,000 / 2,000,000  (  5.0%)     317 step/s  ETA 1:39:52
13:06:23 [INFO]        110,000 / 2,000,000  (  5.5%)     318 step/s  ETA 1:39:09
13:06:54 [INFO]        120,000 / 2,000,000  (  6.0%)     318 step/s  ETA 1:38:25
13:07:25 [INFO]        130,000 / 2,000,000  (  6.5%)     318 step/s  ETA 1:37:52
13:07:56 [INFO]        140,000 / 2,000,000  (  7.0%)     319 step/s  ETA 1:37:08
13:08:27 [INFO]        150,000 / 2,000,000  (  7.5%)     319 step/s  ETA 1:36:33
13:08:58 [INFO]        160,000 / 2,000,000  (  8.0%)     319 step/s  ETA 1:36:05
13:09:31 [INFO]        170,000 / 2,000,000  (  8.5%)     319 step/s  ETA 1:35:42
13:10:01 [INFO]        180,000 / 2,000,000  (  9.0%)     319 step/s  ETA 1:35:03
13:10:32 [INFO]        190,000 / 2,000,000  (  9.5%)     319 step/s  ETA 1:34:32
13:11:03 [INFO]        200,000 / 2,000,000  ( 10.0%)     319 step/s  ETA 1:33:57
13:11:35 [INFO]        210,000 / 2,000,000  ( 10.5%)     319 step/s  ETA 1:33:24
13:12:05 [INFO]        220,000 / 2,000,000  ( 11.0%)     320 step/s  ETA 1:32:45
13:12:35 [INFO]        230,000 / 2,000,000  ( 11.5%)     320 step/s  ETA 1:32:05
13:13:06 [INFO]        240,000 / 2,000,000  ( 12.0%)     321 step/s  ETA 1:31:28
13:13:37 [INFO]        250,000 / 2,000,000  ( 12.5%)     321 step/s  ETA 1:30:56
13:14:07 [INFO]        260,000 / 2,000,000  ( 13.0%)     321 step/s  ETA 1:30:19
13:14:38 [INFO]        270,000 / 2,000,000  ( 13.5%)     321 step/s  ETA 1:29:48
13:15:10 [INFO]        280,000 / 2,000,000  ( 14.0%)     321 step/s  ETA 1:29:22
13:15:42 [INFO]        290,000 / 2,000,000  ( 14.5%)     321 step/s  ETA 1:28:53
13:16:12 [INFO]        300,000 / 2,000,000  ( 15.0%)     321 step/s  ETA 1:28:20
13:16:43 [INFO]        310,000 / 2,000,000  ( 15.5%)     321 step/s  ETA 1:27:44
13:17:13 [INFO]        320,000 / 2,000,000  ( 16.0%)     321 step/s  ETA 1:27:09
13:17:44 [INFO]        330,000 / 2,000,000  ( 16.5%)     321 step/s  ETA 1:26:38
13:18:16 [INFO]        340,000 / 2,000,000  ( 17.0%)     321 step/s  ETA 1:26:07
13:18:46 [INFO]        350,000 / 2,000,000  ( 17.5%)     321 step/s  ETA 1:25:34
13:19:17 [INFO]        360,000 / 2,000,000  ( 18.0%)     321 step/s  ETA 1:25:01
13:19:48 [INFO]        370,000 / 2,000,000  ( 18.5%)     322 step/s  ETA 1:24:29
13:20:18 [INFO]        380,000 / 2,000,000  ( 19.0%)     322 step/s  ETA 1:23:55
13:20:50 [INFO]        390,000 / 2,000,000  ( 19.5%)     322 step/s  ETA 1:23:26
13:21:22 [INFO]        400,000 / 2,000,000  ( 20.0%)     321 step/s  ETA 1:22:58
13:21:53 [INFO]        410,000 / 2,000,000  ( 20.5%)     321 step/s  ETA 1:22:27
13:22:24 [INFO]        420,000 / 2,000,000  ( 21.0%)     321 step/s  ETA 1:21:56
13:22:55 [INFO]        430,000 / 2,000,000  ( 21.5%)     321 step/s  ETA 1:21:23
13:23:25 [INFO]        440,000 / 2,000,000  ( 22.0%)     322 step/s  ETA 1:20:50
13:23:56 [INFO]        450,000 / 2,000,000  ( 22.5%)     322 step/s  ETA 1:20:19
13:24:27 [INFO]        460,000 / 2,000,000  ( 23.0%)     322 step/s  ETA 1:19:46
13:24:58 [INFO]        470,000 / 2,000,000  ( 23.5%)     322 step/s  ETA 1:19:14
13:25:28 [INFO]        480,000 / 2,000,000  ( 24.0%)     322 step/s  ETA 1:18:42
13:25:58 [INFO]        490,000 / 2,000,000  ( 24.5%)     322 step/s  ETA 1:18:08
13:26:30 [INFO]        500,000 / 2,000,000  ( 25.0%)     322 step/s  ETA 1:17:37
13:27:02 [INFO]        510,000 / 2,000,000  ( 25.5%)     322 step/s  ETA 1:17:09
13:27:33 [INFO]        520,000 / 2,000,000  ( 26.0%)     322 step/s  ETA 1:16:39
13:28:04 [INFO]        530,000 / 2,000,000  ( 26.5%)     322 step/s  ETA 1:16:08
13:28:35 [INFO]        540,000 / 2,000,000  ( 27.0%)     322 step/s  ETA 1:15:35
13:29:06 [INFO]        550,000 / 2,000,000  ( 27.5%)     322 step/s  ETA 1:15:04
13:29:37 [INFO]        560,000 / 2,000,000  ( 28.0%)     322 step/s  ETA 1:14:33
13:30:08 [INFO]        570,000 / 2,000,000  ( 28.5%)     322 step/s  ETA 1:14:03
13:30:40 [INFO]        580,000 / 2,000,000  ( 29.0%)     322 step/s  ETA 1:13:33
13:31:12 [INFO]        590,000 / 2,000,000  ( 29.5%)     322 step/s  ETA 1:13:04
13:31:43 [INFO]        600,000 / 2,000,000  ( 30.0%)     322 step/s  ETA 1:12:33
13:32:14 [INFO]        610,000 / 2,000,000  ( 30.5%)     322 step/s  ETA 1:12:02
13:32:47 [INFO]        620,000 / 2,000,000  ( 31.0%)     321 step/s  ETA 1:11:35
13:33:19 [INFO]        630,000 / 2,000,000  ( 31.5%)     321 step/s  ETA 1:11:06
13:33:50 [INFO]        640,000 / 2,000,000  ( 32.0%)     321 step/s  ETA 1:10:35
13:34:23 [INFO]        650,000 / 2,000,000  ( 32.5%)     321 step/s  ETA 1:10:06
13:34:54 [INFO]        660,000 / 2,000,000  ( 33.0%)     321 step/s  ETA 1:09:35
13:35:37 [INFO]        670,000 / 2,000,000  ( 33.5%)     319 step/s  ETA 1:09:27
13:36:24 [INFO]        680,000 / 2,000,000  ( 34.0%)     317 step/s  ETA 1:09:27
13:37:16 [INFO]        690,000 / 2,000,000  ( 34.5%)     314 step/s  ETA 1:09:34
13:38:04 [INFO]        700,000 / 2,000,000  ( 35.0%)     312 step/s  ETA 1:09:33
13:38:52 [INFO]        710,000 / 2,000,000  ( 35.5%)     309 step/s  ETA 1:09:29
13:39:25 [INFO]        720,000 / 2,000,000  ( 36.0%)     309 step/s  ETA 1:08:57
13:40:01 [INFO]        730,000 / 2,000,000  ( 36.5%)     309 step/s  ETA 1:08:32
13:40:52 [INFO]        740,000 / 2,000,000  ( 37.0%)     306 step/s  ETA 1:08:31
13:41:43 [INFO]        750,000 / 2,000,000  ( 37.5%)     304 step/s  ETA 1:08:29
13:42:34 [INFO]        760,000 / 2,000,000  ( 38.0%)     302 step/s  ETA 1:08:26
13:43:26 [INFO]        770,000 / 2,000,000  ( 38.5%)     300 step/s  ETA 1:08:23
13:44:10 [INFO]        780,000 / 2,000,000  ( 39.0%)     299 step/s  ETA 1:08:07
13:44:53 [INFO]        790,000 / 2,000,000  ( 39.5%)     297 step/s  ETA 1:07:47
13:45:43 [INFO]        800,000 / 2,000,000  ( 40.0%)     296 step/s  ETA 1:07:39
13:46:34 [INFO]        810,000 / 2,000,000  ( 40.5%)     294 step/s  ETA 1:07:30
13:47:26 [INFO]        820,000 / 2,000,000  ( 41.0%)     292 step/s  ETA 1:07:22
13:48:18 [INFO]        830,000 / 2,000,000  ( 41.5%)     290 step/s  ETA 1:07:12
13:49:11 [INFO]        840,000 / 2,000,000  ( 42.0%)     288 step/s  ETA 1:07:03
13:50:01 [INFO]        850,000 / 2,000,000  ( 42.5%)     287 step/s  ETA 1:06:50
13:50:52 [INFO]        860,000 / 2,000,000  ( 43.0%)     285 step/s  ETA 1:06:35
13:51:40 [INFO]        870,000 / 2,000,000  ( 43.5%)     284 step/s  ETA 1:06:18
13:52:29 [INFO]        880,000 / 2,000,000  ( 44.0%)     283 step/s  ETA 1:06:00
13:53:11 [INFO]        890,000 / 2,000,000  ( 44.5%)     282 step/s  ETA 1:05:33
13:54:02 [INFO]        900,000 / 2,000,000  ( 45.0%)     281 step/s  ETA 1:05:17
13:54:53 [INFO]        910,000 / 2,000,000  ( 45.5%)     279 step/s  ETA 1:05:00
13:55:35 [INFO]        920,000 / 2,000,000  ( 46.0%)     279 step/s  ETA 1:04:31
13:56:20 [INFO]        930,000 / 2,000,000  ( 46.5%)     278 step/s  ETA 1:04:05
13:57:09 [INFO]        940,000 / 2,000,000  ( 47.0%)     277 step/s  ETA 1:03:45
13:57:59 [INFO]        950,000 / 2,000,000  ( 47.5%)     276 step/s  ETA 1:03:24
13:58:46 [INFO]        960,000 / 2,000,000  ( 48.0%)     275 step/s  ETA 1:02:59
13:59:27 [INFO]        970,000 / 2,000,000  ( 48.5%)     275 step/s  ETA 1:02:28
14:00:11 [INFO]        980,000 / 2,000,000  ( 49.0%)     274 step/s  ETA 1:01:59
14:00:48 [INFO]        990,000 / 2,000,000  ( 49.5%)     274 step/s  ETA 1:01:23
14:01:36 [INFO]      1,000,000 / 2,000,000  ( 50.0%)     273 step/s  ETA 1:00:58
14:02:24 [INFO]      1,010,000 / 2,000,000  ( 50.5%)     272 step/s  ETA 1:00:33
14:03:12 [INFO]      1,020,000 / 2,000,000  ( 51.0%)     272 step/s  ETA 1:00:08
14:04:03 [INFO]      1,030,000 / 2,000,000  ( 51.5%)     271 step/s  ETA 0:59:43
14:04:52 [INFO]      1,040,000 / 2,000,000  ( 52.0%)     270 step/s  ETA 0:59:18
14:05:42 [INFO]      1,050,000 / 2,000,000  ( 52.5%)     269 step/s  ETA 0:58:52
14:06:31 [INFO]      1,060,000 / 2,000,000  ( 53.0%)     268 step/s  ETA 0:58:26
14:07:19 [INFO]      1,070,000 / 2,000,000  ( 53.5%)     267 step/s  ETA 0:57:58
14:08:07 [INFO]      1,080,000 / 2,000,000  ( 54.0%)     267 step/s  ETA 0:57:29
14:08:55 [INFO]      1,090,000 / 2,000,000  ( 54.5%)     266 step/s  ETA 0:57:01
14:09:45 [INFO]      1,100,000 / 2,000,000  ( 55.0%)     265 step/s  ETA 0:56:33
14:10:36 [INFO]      1,110,000 / 2,000,000  ( 55.5%)     264 step/s  ETA 0:56:06
14:11:26 [INFO]      1,120,000 / 2,000,000  ( 56.0%)     264 step/s  ETA 0:55:38
14:12:17 [INFO]      1,130,000 / 2,000,000  ( 56.5%)     263 step/s  ETA 0:55:10
14:13:07 [INFO]      1,140,000 / 2,000,000  ( 57.0%)     262 step/s  ETA 0:54:41
14:13:59 [INFO]      1,150,000 / 2,000,000  ( 57.5%)     261 step/s  ETA 0:54:13
14:14:50 [INFO]      1,160,000 / 2,000,000  ( 58.0%)     261 step/s  ETA 0:53:44
14:15:43 [INFO]      1,170,000 / 2,000,000  ( 58.5%)     260 step/s  ETA 0:53:16
14:16:35 [INFO]      1,180,000 / 2,000,000  ( 59.0%)     259 step/s  ETA 0:52:47
14:17:28 [INFO]      1,190,000 / 2,000,000  ( 59.5%)     258 step/s  ETA 0:52:18
14:18:20 [INFO]      1,200,000 / 2,000,000  ( 60.0%)     257 step/s  ETA 0:51:48
14:19:12 [INFO]      1,210,000 / 2,000,000  ( 60.5%)     257 step/s  ETA 0:51:18
14:19:59 [INFO]      1,220,000 / 2,000,000  ( 61.0%)     256 step/s  ETA 0:50:44
14:20:53 [INFO]      1,230,000 / 2,000,000  ( 61.5%)     255 step/s  ETA 0:50:14
14:21:45 [INFO]      1,240,000 / 2,000,000  ( 62.0%)     255 step/s  ETA 0:49:43
14:22:35 [INFO]      1,250,000 / 2,000,000  ( 62.5%)     254 step/s  ETA 0:49:10
14:23:24 [INFO]      1,260,000 / 2,000,000  ( 63.0%)     254 step/s  ETA 0:48:36
14:24:13 [INFO]      1,270,000 / 2,000,000  ( 63.5%)     253 step/s  ETA 0:48:03
14:25:04 [INFO]      1,280,000 / 2,000,000  ( 64.0%)     253 step/s  ETA 0:47:29
14:25:55 [INFO]      1,290,000 / 2,000,000  ( 64.5%)     252 step/s  ETA 0:46:56
14:26:44 [INFO]      1,300,000 / 2,000,000  ( 65.0%)     252 step/s  ETA 0:46:22
14:27:34 [INFO]      1,310,000 / 2,000,000  ( 65.5%)     251 step/s  ETA 0:45:47
14:28:24 [INFO]      1,320,000 / 2,000,000  ( 66.0%)     251 step/s  ETA 0:45:13
14:29:13 [INFO]      1,330,000 / 2,000,000  ( 66.5%)     250 step/s  ETA 0:44:38
14:30:02 [INFO]      1,340,000 / 2,000,000  ( 67.0%)     250 step/s  ETA 0:44:02
14:30:51 [INFO]      1,350,000 / 2,000,000  ( 67.5%)     249 step/s  ETA 0:43:26
14:31:40 [INFO]      1,360,000 / 2,000,000  ( 68.0%)     249 step/s  ETA 0:42:50
14:32:30 [INFO]      1,370,000 / 2,000,000  ( 68.5%)     248 step/s  ETA 0:42:15
14:33:21 [INFO]      1,380,000 / 2,000,000  ( 69.0%)     248 step/s  ETA 0:41:39
14:34:11 [INFO]      1,390,000 / 2,000,000  ( 69.5%)     248 step/s  ETA 0:41:03
14:35:00 [INFO]      1,400,000 / 2,000,000  ( 70.0%)     247 step/s  ETA 0:40:26
14:35:49 [INFO]      1,410,000 / 2,000,000  ( 70.5%)     247 step/s  ETA 0:39:50
14:36:38 [INFO]      1,420,000 / 2,000,000  ( 71.0%)     246 step/s  ETA 0:39:13
14:37:27 [INFO]      1,430,000 / 2,000,000  ( 71.5%)     246 step/s  ETA 0:38:35
14:38:15 [INFO]      1,440,000 / 2,000,000  ( 72.0%)     246 step/s  ETA 0:37:58
14:38:48 [INFO]      1,450,000 / 2,000,000  ( 72.5%)     246 step/s  ETA 0:37:14
14:39:18 [INFO]      1,460,000 / 2,000,000  ( 73.0%)     247 step/s  ETA 0:36:29
14:39:48 [INFO]      1,470,000 / 2,000,000  ( 73.5%)     247 step/s  ETA 0:35:45
14:40:19 [INFO]      1,480,000 / 2,000,000  ( 74.0%)     247 step/s  ETA 0:35:01
14:40:49 [INFO]      1,490,000 / 2,000,000  ( 74.5%)     248 step/s  ETA 0:34:17
14:41:20 [INFO]      1,500,000 / 2,000,000  ( 75.0%)     248 step/s  ETA 0:33:34
14:41:51 [INFO]      1,510,000 / 2,000,000  ( 75.5%)     249 step/s  ETA 0:32:51
14:42:22 [INFO]      1,520,000 / 2,000,000  ( 76.0%)     249 step/s  ETA 0:32:07
14:42:58 [INFO]      1,530,000 / 2,000,000  ( 76.5%)     249 step/s  ETA 0:31:26
14:43:48 [INFO]      1,540,000 / 2,000,000  ( 77.0%)     249 step/s  ETA 0:30:49
14:44:39 [INFO]      1,550,000 / 2,000,000  ( 77.5%)     248 step/s  ETA 0:30:12
14:45:25 [INFO]      1,560,000 / 2,000,000  ( 78.0%)     248 step/s  ETA 0:29:33
14:46:10 [INFO]      1,570,000 / 2,000,000  ( 78.5%)     248 step/s  ETA 0:28:54
14:46:59 [INFO]      1,580,000 / 2,000,000  ( 79.0%)     248 step/s  ETA 0:28:16
14:47:48 [INFO]      1,590,000 / 2,000,000  ( 79.5%)     247 step/s  ETA 0:27:38
14:48:31 [INFO]      1,600,000 / 2,000,000  ( 80.0%)     247 step/s  ETA 0:26:58
14:49:01 [INFO]      1,610,000 / 2,000,000  ( 80.5%)     248 step/s  ETA 0:26:15
14:49:32 [INFO]      1,620,000 / 2,000,000  ( 81.0%)     248 step/s  ETA 0:25:32
14:50:03 [INFO]      1,630,000 / 2,000,000  ( 81.5%)     248 step/s  ETA 0:24:50
14:50:42 [INFO]      1,640,000 / 2,000,000  ( 82.0%)     248 step/s  ETA 0:24:09
14:51:27 [INFO]      1,650,000 / 2,000,000  ( 82.5%)     248 step/s  ETA 0:23:30
14:51:59 [INFO]      1,660,000 / 2,000,000  ( 83.0%)     248 step/s  ETA 0:22:48
14:52:48 [INFO]      1,670,000 / 2,000,000  ( 83.5%)     248 step/s  ETA 0:22:10
14:53:35 [INFO]      1,680,000 / 2,000,000  ( 84.0%)     248 step/s  ETA 0:21:31
14:54:26 [INFO]      1,690,000 / 2,000,000  ( 84.5%)     247 step/s  ETA 0:20:52
14:55:15 [INFO]      1,700,000 / 2,000,000  ( 85.0%)     247 step/s  ETA 0:20:13
14:56:03 [INFO]      1,710,000 / 2,000,000  ( 85.5%)     247 step/s  ETA 0:19:34
14:56:54 [INFO]      1,720,000 / 2,000,000  ( 86.0%)     247 step/s  ETA 0:18:55
14:57:44 [INFO]      1,730,000 / 2,000,000  ( 86.5%)     246 step/s  ETA 0:18:16
14:58:34 [INFO]      1,740,000 / 2,000,000  ( 87.0%)     246 step/s  ETA 0:17:37
14:59:24 [INFO]      1,750,000 / 2,000,000  ( 87.5%)     246 step/s  ETA 0:16:58
15:00:15 [INFO]      1,760,000 / 2,000,000  ( 88.0%)     245 step/s  ETA 0:16:18
15:00:59 [INFO]      1,770,000 / 2,000,000  ( 88.5%)     245 step/s  ETA 0:15:38
15:01:31 [INFO]      1,780,000 / 2,000,000  ( 89.0%)     245 step/s  ETA 0:14:56
15:02:13 [INFO]      1,790,000 / 2,000,000  ( 89.5%)     245 step/s  ETA 0:14:15
15:03:02 [INFO]      1,800,000 / 2,000,000  ( 90.0%)     245 step/s  ETA 0:13:36
15:03:52 [INFO]      1,810,000 / 2,000,000  ( 90.5%)     245 step/s  ETA 0:12:56
15:04:43 [INFO]      1,820,000 / 2,000,000  ( 91.0%)     244 step/s  ETA 0:12:16
15:05:33 [INFO]      1,830,000 / 2,000,000  ( 91.5%)     244 step/s  ETA 0:11:36
15:06:22 [INFO]      1,840,000 / 2,000,000  ( 92.0%)     244 step/s  ETA 0:10:56
15:07:12 [INFO]      1,850,000 / 2,000,000  ( 92.5%)     244 step/s  ETA 0:10:15
15:08:02 [INFO]      1,860,000 / 2,000,000  ( 93.0%)     243 step/s  ETA 0:09:35
15:08:51 [INFO]      1,870,000 / 2,000,000  ( 93.5%)     243 step/s  ETA 0:08:54
15:09:33 [INFO]      1,880,000 / 2,000,000  ( 94.0%)     243 step/s  ETA 0:08:13
15:10:22 [INFO]      1,890,000 / 2,000,000  ( 94.5%)     243 step/s  ETA 0:07:33
15:11:13 [INFO]      1,900,000 / 2,000,000  ( 95.0%)     242 step/s  ETA 0:06:52
15:12:04 [INFO]      1,910,000 / 2,000,000  ( 95.5%)     242 step/s  ETA 0:06:11
15:12:51 [INFO]      1,920,000 / 2,000,000  ( 96.0%)     242 step/s  ETA 0:05:30
15:13:40 [INFO]      1,930,000 / 2,000,000  ( 96.5%)     242 step/s  ETA 0:04:49
15:14:29 [INFO]      1,940,000 / 2,000,000  ( 97.0%)     242 step/s  ETA 0:04:08
15:15:17 [INFO]      1,950,000 / 2,000,000  ( 97.5%)     241 step/s  ETA 0:03:27
15:16:07 [INFO]      1,960,000 / 2,000,000  ( 98.0%)     241 step/s  ETA 0:02:45
15:16:57 [INFO]      1,970,000 / 2,000,000  ( 98.5%)     241 step/s  ETA 0:02:04
15:17:47 [INFO]      1,980,000 / 2,000,000  ( 99.0%)     241 step/s  ETA 0:01:23
15:18:37 [INFO]      1,990,000 / 2,000,000  ( 99.5%)     240 step/s  ETA 0:00:41
15:19:26 [INFO]      2,000,000 / 2,000,000  (100.0%)     240 step/s  ETA 0:00:00
15:19:29 [INFO] --> XONG  (2:18:52, 2,000,000 steps, log: CrossTheRoad_SAC_01.log)

15:19:29 [INFO] ======================================================================
15:19:29 [INFO] [3/15]  ctr_poca   MA-POCA @ crossroad
15:19:29 [INFO]         run-id  : ctr_poca_v1
15:19:29 [INFO]         config  : ctr_poca.yaml
15:19:29 [INFO]         steps   : 2,000,000
15:19:29 [INFO] ======================================================================
15:19:29 [INFO] cmd: C:\Users\Admin\miniconda3\envs\mlagents\Scripts\mlagents-learn.exe C:\Users\Admin\Documents\GitHub\GraduationProject\GraduationProject\training_logs\_config_override\ctr_poca_v1_2000000.yaml --run-id ctr_poca_v1 --results-dir C:\Users\Admin\Documents\GitHub\GraduationProject\GraduationProject\results --force --env C:\Users\Admin\Documents\GitHub\GraduationProject\GraduationProject\Builds\CrossTheRoad\CrossTheRoad.exe --no-graphics --time-scale 20.0
15:19:36 [WARN]     C:\Users\Admin\miniconda3\envs\mlagents\lib\site-packages\torch\utils\_device.py:77: UserWarning: The use of `x.T` on tensors of dimension other than 2 to reverse their shape is deprecated and it will throw an error in a future release. Consider `x.mT` to transpose batches of matrices or `x.permute(*torch.arange(x.ndim - 1, -1, -1))` to reverse the dimensions of a tensor. (Triggered internally at ..\aten\src\ATen\native\TensorShape.cpp:3641.)
15:19:50 [INFO]         10,000 / 2,000,000  (  0.5%)     489 step/s  ETA 1:07:52
15:20:09 [INFO]         20,000 / 2,000,000  (  1.0%)     498 step/s  ETA 1:06:16
15:20:28 [INFO]         30,000 / 2,000,000  (  1.5%)     510 step/s  ETA 1:04:25
15:20:48 [INFO]         40,000 / 2,000,000  (  2.0%)     511 step/s  ETA 1:03:57
15:21:08 [INFO]         50,000 / 2,000,000  (  2.5%)     509 step/s  ETA 1:03:52
15:21:28 [INFO]         60,000 / 2,000,000  (  3.0%)     506 step/s  ETA 1:03:54
15:21:51 [INFO]         70,000 / 2,000,000  (  3.5%)     496 step/s  ETA 1:04:52
15:22:12 [INFO]         80,000 / 2,000,000  (  4.0%)     491 step/s  ETA 1:05:10
15:22:33 [INFO]         90,000 / 2,000,000  (  4.5%)     490 step/s  ETA 1:05:00
15:22:48 [INFO]        100,000 / 2,000,000  (  5.0%)     503 step/s  ETA 1:03:01
15:23:01 [INFO]        110,000 / 2,000,000  (  5.5%)     519 step/s  ETA 1:00:44
15:23:15 [INFO]        120,000 / 2,000,000  (  6.0%)     533 step/s  ETA 0:58:47
15:23:28 [INFO]        130,000 / 2,000,000  (  6.5%)     544 step/s  ETA 0:57:14
15:23:47 [INFO]        140,000 / 2,000,000  (  7.0%)     542 step/s  ETA 0:57:09
15:24:10 [INFO]        150,000 / 2,000,000  (  7.5%)     535 step/s  ETA 0:57:39
15:24:32 [INFO]        160,000 / 2,000,000  (  8.0%)     528 step/s  ETA 0:58:02
15:24:54 [INFO]        170,000 / 2,000,000  (  8.5%)     523 step/s  ETA 0:58:17
15:25:17 [INFO]        180,000 / 2,000,000  (  9.0%)     518 step/s  ETA 0:58:30
15:25:38 [INFO]        190,000 / 2,000,000  (  9.5%)     515 step/s  ETA 0:58:36
15:26:00 [INFO]        200,000 / 2,000,000  ( 10.0%)     512 step/s  ETA 0:58:36
15:26:23 [INFO]        210,000 / 2,000,000  ( 10.5%)     508 step/s  ETA 0:58:43
15:26:45 [INFO]        220,000 / 2,000,000  ( 11.0%)     505 step/s  ETA 0:58:41
15:27:06 [INFO]        230,000 / 2,000,000  ( 11.5%)     504 step/s  ETA 0:58:30
15:27:26 [INFO]        240,000 / 2,000,000  ( 12.0%)     503 step/s  ETA 0:58:17
15:27:47 [INFO]        250,000 / 2,000,000  ( 12.5%)     503 step/s  ETA 0:58:02
15:28:08 [INFO]        260,000 / 2,000,000  ( 13.0%)     502 step/s  ETA 0:57:49
15:28:29 [INFO]        270,000 / 2,000,000  ( 13.5%)     500 step/s  ETA 0:57:38
15:28:52 [INFO]        280,000 / 2,000,000  ( 14.0%)     498 step/s  ETA 0:57:34
15:29:13 [INFO]        290,000 / 2,000,000  ( 14.5%)     497 step/s  ETA 0:57:22
15:29:34 [INFO]        300,000 / 2,000,000  ( 15.0%)     496 step/s  ETA 0:57:05
15:29:55 [INFO]        310,000 / 2,000,000  ( 15.5%)     496 step/s  ETA 0:56:48
15:30:15 [INFO]        320,000 / 2,000,000  ( 16.0%)     496 step/s  ETA 0:56:30
15:30:35 [INFO]        330,000 / 2,000,000  ( 16.5%)     496 step/s  ETA 0:56:07
15:30:54 [INFO]        340,000 / 2,000,000  ( 17.0%)     497 step/s  ETA 0:55:42
15:31:14 [INFO]        350,000 / 2,000,000  ( 17.5%)     496 step/s  ETA 0:55:23
15:31:34 [INFO]        360,000 / 2,000,000  ( 18.0%)     497 step/s  ETA 0:55:03
15:31:54 [INFO]        370,000 / 2,000,000  ( 18.5%)     497 step/s  ETA 0:54:39
15:32:13 [INFO]        380,000 / 2,000,000  ( 19.0%)     497 step/s  ETA 0:54:17
15:32:28 [INFO]        390,000 / 2,000,000  ( 19.5%)     501 step/s  ETA 0:53:35
15:32:49 [INFO]        400,000 / 2,000,000  ( 20.0%)     500 step/s  ETA 0:53:17
15:33:11 [INFO]        410,000 / 2,000,000  ( 20.5%)     499 step/s  ETA 0:53:05
15:33:30 [INFO]        420,000 / 2,000,000  ( 21.0%)     500 step/s  ETA 0:52:42
15:33:50 [INFO]        430,000 / 2,000,000  ( 21.5%)     500 step/s  ETA 0:52:20
15:34:09 [INFO]        440,000 / 2,000,000  ( 22.0%)     500 step/s  ETA 0:51:58
15:34:28 [INFO]        450,000 / 2,000,000  ( 22.5%)     501 step/s  ETA 0:51:36
15:34:50 [INFO]        460,000 / 2,000,000  ( 23.0%)     500 step/s  ETA 0:51:22
15:35:11 [INFO]        470,000 / 2,000,000  ( 23.5%)     499 step/s  ETA 0:51:04
15:35:32 [INFO]        480,000 / 2,000,000  ( 24.0%)     499 step/s  ETA 0:50:48
15:35:51 [INFO]        490,000 / 2,000,000  ( 24.5%)     499 step/s  ETA 0:50:24
15:36:09 [INFO]        500,000 / 2,000,000  ( 25.0%)     500 step/s  ETA 0:49:59
15:36:28 [INFO]        510,000 / 2,000,000  ( 25.5%)     501 step/s  ETA 0:49:35
15:36:41 [INFO]        520,000 / 2,000,000  ( 26.0%)     504 step/s  ETA 0:48:56
15:36:53 [INFO]        530,000 / 2,000,000  ( 26.5%)     508 step/s  ETA 0:48:14
15:37:05 [INFO]        540,000 / 2,000,000  ( 27.0%)     511 step/s  ETA 0:47:34
15:37:17 [INFO]        550,000 / 2,000,000  ( 27.5%)     515 step/s  ETA 0:46:55
15:37:32 [INFO]        560,000 / 2,000,000  ( 28.0%)     517 step/s  ETA 0:46:24
15:37:45 [INFO]        570,000 / 2,000,000  ( 28.5%)     520 step/s  ETA 0:45:47
15:37:57 [INFO]        580,000 / 2,000,000  ( 29.0%)     524 step/s  ETA 0:45:11
15:38:09 [INFO]        590,000 / 2,000,000  ( 29.5%)     527 step/s  ETA 0:44:36
15:38:21 [INFO]        600,000 / 2,000,000  ( 30.0%)     530 step/s  ETA 0:44:01
15:38:34 [INFO]        610,000 / 2,000,000  ( 30.5%)     533 step/s  ETA 0:43:28
15:38:47 [INFO]        620,000 / 2,000,000  ( 31.0%)     536 step/s  ETA 0:42:55
15:38:59 [INFO]        630,000 / 2,000,000  ( 31.5%)     539 step/s  ETA 0:42:23
15:39:11 [INFO]        640,000 / 2,000,000  ( 32.0%)     542 step/s  ETA 0:41:51
15:39:23 [INFO]        650,000 / 2,000,000  ( 32.5%)     545 step/s  ETA 0:41:18
15:39:45 [INFO]        660,000 / 2,000,000  ( 33.0%)     543 step/s  ETA 0:41:07
15:40:05 [INFO]        670,000 / 2,000,000  ( 33.5%)     542 step/s  ETA 0:40:52
15:40:24 [INFO]        680,000 / 2,000,000  ( 34.0%)     542 step/s  ETA 0:40:36
15:40:37 [INFO]        690,000 / 2,000,000  ( 34.5%)     544 step/s  ETA 0:40:05
15:40:48 [INFO]        700,000 / 2,000,000  ( 35.0%)     547 step/s  ETA 0:39:35
15:41:00 [INFO]        710,000 / 2,000,000  ( 35.5%)     550 step/s  ETA 0:39:05
15:41:12 [INFO]        720,000 / 2,000,000  ( 36.0%)     553 step/s  ETA 0:38:36
15:41:25 [INFO]        730,000 / 2,000,000  ( 36.5%)     555 step/s  ETA 0:38:08
15:41:37 [INFO]        740,000 / 2,000,000  ( 37.0%)     558 step/s  ETA 0:37:39
15:41:48 [INFO]        750,000 / 2,000,000  ( 37.5%)     560 step/s  ETA 0:37:11
15:41:57 [INFO]        760,000 / 2,000,000  ( 38.0%)     564 step/s  ETA 0:36:39
15:42:09 [INFO]        770,000 / 2,000,000  ( 38.5%)     566 step/s  ETA 0:36:12
15:42:21 [INFO]        780,000 / 2,000,000  ( 39.0%)     569 step/s  ETA 0:35:45
15:42:33 [INFO]        790,000 / 2,000,000  ( 39.5%)     571 step/s  ETA 0:35:19
15:42:45 [INFO]        800,000 / 2,000,000  ( 40.0%)     573 step/s  ETA 0:34:53
15:42:57 [INFO]        810,000 / 2,000,000  ( 40.5%)     575 step/s  ETA 0:34:27
15:43:09 [INFO]        820,000 / 2,000,000  ( 41.0%)     578 step/s  ETA 0:34:03
15:43:21 [INFO]        830,000 / 2,000,000  ( 41.5%)     580 step/s  ETA 0:33:38
15:43:34 [INFO]        840,000 / 2,000,000  ( 42.0%)     581 step/s  ETA 0:33:14
15:43:46 [INFO]        850,000 / 2,000,000  ( 42.5%)     584 step/s  ETA 0:32:50
15:44:05 [INFO]        860,000 / 2,000,000  ( 43.0%)     583 step/s  ETA 0:32:36
15:44:25 [INFO]        870,000 / 2,000,000  ( 43.5%)     582 step/s  ETA 0:32:22
15:44:45 [INFO]        880,000 / 2,000,000  ( 44.0%)     581 step/s  ETA 0:32:08
15:45:06 [INFO]        890,000 / 2,000,000  ( 44.5%)     579 step/s  ETA 0:31:56
15:45:27 [INFO]        900,000 / 2,000,000  ( 45.0%)     578 step/s  ETA 0:31:43
15:45:47 [INFO]        910,000 / 2,000,000  ( 45.5%)     577 step/s  ETA 0:31:29
15:46:03 [INFO]        920,000 / 2,000,000  ( 46.0%)     577 step/s  ETA 0:31:10
15:46:15 [INFO]        930,000 / 2,000,000  ( 46.5%)     579 step/s  ETA 0:30:46
15:46:27 [INFO]        940,000 / 2,000,000  ( 47.0%)     581 step/s  ETA 0:30:23
15:46:38 [INFO]        950,000 / 2,000,000  ( 47.5%)     583 step/s  ETA 0:30:00
15:46:50 [INFO]        960,000 / 2,000,000  ( 48.0%)     585 step/s  ETA 0:29:37
15:47:02 [INFO]        970,000 / 2,000,000  ( 48.5%)     587 step/s  ETA 0:29:15
15:47:14 [INFO]        980,000 / 2,000,000  ( 49.0%)     589 step/s  ETA 0:28:52
15:47:26 [INFO]        990,000 / 2,000,000  ( 49.5%)     590 step/s  ETA 0:28:30
15:47:38 [INFO]      1,000,000 / 2,000,000  ( 50.0%)     592 step/s  ETA 0:28:08
15:47:58 [INFO]      1,010,000 / 2,000,000  ( 50.5%)     591 step/s  ETA 0:27:54
15:48:17 [INFO]      1,020,000 / 2,000,000  ( 51.0%)     591 step/s  ETA 0:27:39
15:48:36 [INFO]      1,030,000 / 2,000,000  ( 51.5%)     590 step/s  ETA 0:27:24
15:48:55 [INFO]      1,040,000 / 2,000,000  ( 52.0%)     589 step/s  ETA 0:27:09
15:49:16 [INFO]      1,050,000 / 2,000,000  ( 52.5%)     588 step/s  ETA 0:26:56
15:49:37 [INFO]      1,060,000 / 2,000,000  ( 53.0%)     586 step/s  ETA 0:26:43
15:49:57 [INFO]      1,070,000 / 2,000,000  ( 53.5%)     585 step/s  ETA 0:26:28
15:50:18 [INFO]      1,080,000 / 2,000,000  ( 54.0%)     584 step/s  ETA 0:26:14
15:50:39 [INFO]      1,090,000 / 2,000,000  ( 54.5%)     583 step/s  ETA 0:26:01
15:51:00 [INFO]      1,100,000 / 2,000,000  ( 55.0%)     582 step/s  ETA 0:25:47
15:51:21 [INFO]      1,110,000 / 2,000,000  ( 55.5%)     581 step/s  ETA 0:25:32
15:51:40 [INFO]      1,120,000 / 2,000,000  ( 56.0%)     580 step/s  ETA 0:25:17
15:51:55 [INFO]      1,130,000 / 2,000,000  ( 56.5%)     581 step/s  ETA 0:24:57
15:52:15 [INFO]      1,140,000 / 2,000,000  ( 57.0%)     580 step/s  ETA 0:24:42
15:52:35 [INFO]      1,150,000 / 2,000,000  ( 57.5%)     579 step/s  ETA 0:24:27
15:52:54 [INFO]      1,160,000 / 2,000,000  ( 58.0%)     579 step/s  ETA 0:24:11
15:53:13 [INFO]      1,170,000 / 2,000,000  ( 58.5%)     578 step/s  ETA 0:23:55
15:53:33 [INFO]      1,180,000 / 2,000,000  ( 59.0%)     577 step/s  ETA 0:23:40
15:53:52 [INFO]      1,190,000 / 2,000,000  ( 59.5%)     577 step/s  ETA 0:23:24
15:54:11 [INFO]      1,200,000 / 2,000,000  ( 60.0%)     576 step/s  ETA 0:23:07
15:54:31 [INFO]      1,210,000 / 2,000,000  ( 60.5%)     576 step/s  ETA 0:22:52
15:54:50 [INFO]      1,220,000 / 2,000,000  ( 61.0%)     575 step/s  ETA 0:22:36
15:55:09 [INFO]      1,230,000 / 2,000,000  ( 61.5%)     575 step/s  ETA 0:22:19
15:55:28 [INFO]      1,240,000 / 2,000,000  ( 62.0%)     574 step/s  ETA 0:22:03
15:55:47 [INFO]      1,250,000 / 2,000,000  ( 62.5%)     574 step/s  ETA 0:21:46
15:56:05 [INFO]      1,260,000 / 2,000,000  ( 63.0%)     574 step/s  ETA 0:21:29
15:56:24 [INFO]      1,270,000 / 2,000,000  ( 63.5%)     574 step/s  ETA 0:21:12
15:56:37 [INFO]      1,280,000 / 2,000,000  ( 64.0%)     575 step/s  ETA 0:20:53
15:56:49 [INFO]      1,290,000 / 2,000,000  ( 64.5%)     576 step/s  ETA 0:20:32
15:57:01 [INFO]      1,300,000 / 2,000,000  ( 65.0%)     577 step/s  ETA 0:20:12
15:57:21 [INFO]      1,310,000 / 2,000,000  ( 65.5%)     577 step/s  ETA 0:19:56
15:57:40 [INFO]      1,320,000 / 2,000,000  ( 66.0%)     576 step/s  ETA 0:19:40
15:58:00 [INFO]      1,330,000 / 2,000,000  ( 66.5%)     576 step/s  ETA 0:19:24
15:58:20 [INFO]      1,340,000 / 2,000,000  ( 67.0%)     575 step/s  ETA 0:19:07
15:58:40 [INFO]      1,350,000 / 2,000,000  ( 67.5%)     574 step/s  ETA 0:18:51
15:59:00 [INFO]      1,360,000 / 2,000,000  ( 68.0%)     574 step/s  ETA 0:18:35
15:59:20 [INFO]      1,370,000 / 2,000,000  ( 68.5%)     573 step/s  ETA 0:18:19
15:59:40 [INFO]      1,380,000 / 2,000,000  ( 69.0%)     572 step/s  ETA 0:18:02
15:59:59 [INFO]      1,390,000 / 2,000,000  ( 69.5%)     572 step/s  ETA 0:17:46
16:00:18 [INFO]      1,400,000 / 2,000,000  ( 70.0%)     572 step/s  ETA 0:17:29
16:00:36 [INFO]      1,410,000 / 2,000,000  ( 70.5%)     572 step/s  ETA 0:17:12
16:00:55 [INFO]      1,420,000 / 2,000,000  ( 71.0%)     571 step/s  ETA 0:16:55
16:01:13 [INFO]      1,430,000 / 2,000,000  ( 71.5%)     571 step/s  ETA 0:16:37
16:01:32 [INFO]      1,440,000 / 2,000,000  ( 72.0%)     571 step/s  ETA 0:16:21
16:01:51 [INFO]      1,450,000 / 2,000,000  ( 72.5%)     571 step/s  ETA 0:16:03
16:02:09 [INFO]      1,460,000 / 2,000,000  ( 73.0%)     570 step/s  ETA 0:15:46
16:02:23 [INFO]      1,470,000 / 2,000,000  ( 73.5%)     571 step/s  ETA 0:15:27
16:02:41 [INFO]      1,480,000 / 2,000,000  ( 74.0%)     571 step/s  ETA 0:15:10
16:02:59 [INFO]      1,490,000 / 2,000,000  ( 74.5%)     571 step/s  ETA 0:14:53
16:03:13 [INFO]      1,500,000 / 2,000,000  ( 75.0%)     572 step/s  ETA 0:14:34
16:03:33 [INFO]      1,510,000 / 2,000,000  ( 75.5%)     571 step/s  ETA 0:14:18
16:03:52 [INFO]      1,520,000 / 2,000,000  ( 76.0%)     571 step/s  ETA 0:14:00
16:04:12 [INFO]      1,530,000 / 2,000,000  ( 76.5%)     570 step/s  ETA 0:13:44
16:04:32 [INFO]      1,540,000 / 2,000,000  ( 77.0%)     570 step/s  ETA 0:13:27
16:04:52 [INFO]      1,550,000 / 2,000,000  ( 77.5%)     569 step/s  ETA 0:13:10
16:05:12 [INFO]      1,560,000 / 2,000,000  ( 78.0%)     569 step/s  ETA 0:12:53
16:05:31 [INFO]      1,570,000 / 2,000,000  ( 78.5%)     569 step/s  ETA 0:12:36
16:05:49 [INFO]      1,580,000 / 2,000,000  ( 79.0%)     568 step/s  ETA 0:12:19
16:06:09 [INFO]      1,590,000 / 2,000,000  ( 79.5%)     568 step/s  ETA 0:12:01
16:06:30 [INFO]      1,600,000 / 2,000,000  ( 80.0%)     567 step/s  ETA 0:11:45
16:06:50 [INFO]      1,610,000 / 2,000,000  ( 80.5%)     567 step/s  ETA 0:11:28
16:07:10 [INFO]      1,620,000 / 2,000,000  ( 81.0%)     566 step/s  ETA 0:11:11
16:07:31 [INFO]      1,630,000 / 2,000,000  ( 81.5%)     566 step/s  ETA 0:10:54
16:07:50 [INFO]      1,640,000 / 2,000,000  ( 82.0%)     565 step/s  ETA 0:10:36
16:08:10 [INFO]      1,650,000 / 2,000,000  ( 82.5%)     565 step/s  ETA 0:10:19
16:08:30 [INFO]      1,660,000 / 2,000,000  ( 83.0%)     565 step/s  ETA 0:10:02
16:08:49 [INFO]      1,670,000 / 2,000,000  ( 83.5%)     564 step/s  ETA 0:09:44
16:09:09 [INFO]      1,680,000 / 2,000,000  ( 84.0%)     564 step/s  ETA 0:09:27
16:09:31 [INFO]      1,690,000 / 2,000,000  ( 84.5%)     563 step/s  ETA 0:09:10
16:09:53 [INFO]      1,700,000 / 2,000,000  ( 85.0%)     562 step/s  ETA 0:08:53
16:10:14 [INFO]      1,710,000 / 2,000,000  ( 85.5%)     562 step/s  ETA 0:08:36
16:10:32 [INFO]      1,720,000 / 2,000,000  ( 86.0%)     562 step/s  ETA 0:08:18
16:10:51 [INFO]      1,730,000 / 2,000,000  ( 86.5%)     561 step/s  ETA 0:08:00
16:11:04 [INFO]      1,740,000 / 2,000,000  ( 87.0%)     562 step/s  ETA 0:07:42
16:11:16 [INFO]      1,750,000 / 2,000,000  ( 87.5%)     563 step/s  ETA 0:07:23
16:11:29 [INFO]      1,760,000 / 2,000,000  ( 88.0%)     564 step/s  ETA 0:07:05
16:11:41 [INFO]      1,770,000 / 2,000,000  ( 88.5%)     565 step/s  ETA 0:06:46
16:11:53 [INFO]      1,780,000 / 2,000,000  ( 89.0%)     566 step/s  ETA 0:06:28
16:12:06 [INFO]      1,790,000 / 2,000,000  ( 89.5%)     567 step/s  ETA 0:06:10
16:12:17 [INFO]      1,800,000 / 2,000,000  ( 90.0%)     568 step/s  ETA 0:05:52
16:12:29 [INFO]      1,810,000 / 2,000,000  ( 90.5%)     569 step/s  ETA 0:05:33
16:12:46 [INFO]      1,820,000 / 2,000,000  ( 91.0%)     569 step/s  ETA 0:05:16
16:13:06 [INFO]      1,830,000 / 2,000,000  ( 91.5%)     569 step/s  ETA 0:04:58
16:13:26 [INFO]      1,840,000 / 2,000,000  ( 92.0%)     569 step/s  ETA 0:04:41
16:13:46 [INFO]      1,850,000 / 2,000,000  ( 92.5%)     568 step/s  ETA 0:04:24
16:14:05 [INFO]      1,860,000 / 2,000,000  ( 93.0%)     568 step/s  ETA 0:04:06
16:14:25 [INFO]      1,870,000 / 2,000,000  ( 93.5%)     567 step/s  ETA 0:03:49
16:14:43 [INFO]      1,880,000 / 2,000,000  ( 94.0%)     567 step/s  ETA 0:03:31
16:15:03 [INFO]      1,890,000 / 2,000,000  ( 94.5%)     567 step/s  ETA 0:03:13
16:15:22 [INFO]      1,900,000 / 2,000,000  ( 95.0%)     567 step/s  ETA 0:02:56
16:15:42 [INFO]      1,910,000 / 2,000,000  ( 95.5%)     566 step/s  ETA 0:02:38
16:16:02 [INFO]      1,920,000 / 2,000,000  ( 96.0%)     566 step/s  ETA 0:02:21
16:16:23 [INFO]      1,930,000 / 2,000,000  ( 96.5%)     565 step/s  ETA 0:02:03
16:16:43 [INFO]      1,940,000 / 2,000,000  ( 97.0%)     565 step/s  ETA 0:01:46
16:17:02 [INFO]      1,950,000 / 2,000,000  ( 97.5%)     565 step/s  ETA 0:01:28
16:17:23 [INFO]      1,960,000 / 2,000,000  ( 98.0%)     564 step/s  ETA 0:01:10
16:17:44 [INFO]      1,970,000 / 2,000,000  ( 98.5%)     564 step/s  ETA 0:00:53
16:18:04 [INFO]      1,980,000 / 2,000,000  ( 99.0%)     563 step/s  ETA 0:00:35
16:18:24 [INFO]      1,990,000 / 2,000,000  ( 99.5%)     563 step/s  ETA 0:00:17
16:18:40 [INFO]      2,000,000 / 2,000,000  (100.0%)     563 step/s  ETA 0:00:00
16:18:43 [INFO] --> XONG  (0:59:13, 2,000,000 steps, log: ctr_poca_v1.log)

16:18:43 [INFO] ======================================================================
16:18:43 [INFO] [4/15]  ctr_mappo   MAPPO @ crossroad
16:18:43 [INFO]         run-id  : ctr_mappo_v1
16:18:43 [INFO]         config  : ctr_mappo.yaml
16:18:43 [INFO]         steps   : 2,000,000
16:18:43 [INFO] ======================================================================
16:18:43 [INFO] cmd: C:\Users\Admin\miniconda3\envs\mlagents\Scripts\mlagents-learn.exe C:\Users\Admin\Documents\GitHub\GraduationProject\GraduationProject\training_logs\_config_override\ctr_mappo_v1_2000000.yaml --run-id ctr_mappo_v1 --results-dir C:\Users\Admin\Documents\GitHub\GraduationProject\GraduationProject\results --force --env C:\Users\Admin\Documents\GitHub\GraduationProject\GraduationProject\Builds\CrossTheRoad\CrossTheRoad.exe --no-graphics --time-scale 20.0
16:18:48 [WARN]     C:\Users\Admin\miniconda3\envs\mlagents\lib\site-packages\torch\utils\_device.py:77: UserWarning: The use of `x.T` on tensors of dimension other than 2 to reverse their shape is deprecated and it will throw an error in a future release. Consider `x.mT` to transpose batches of matrices or `x.permute(*torch.arange(x.ndim - 1, -1, -1))` to reverse the dimensions of a tensor. (Triggered internally at ..\aten\src\ATen\native\TensorShape.cpp:3641.)
16:18:57 [INFO]         10,000 / 2,000,000  (  0.5%)     703 step/s  ETA 0:47:11
16:19:09 [INFO]         20,000 / 2,000,000  (  1.0%)     761 step/s  ETA 0:43:22
16:19:20 [INFO]         30,000 / 2,000,000  (  1.5%)     793 step/s  ETA 0:41:24
16:19:32 [INFO]         40,000 / 2,000,000  (  2.0%)     805 step/s  ETA 0:40:33
16:19:44 [INFO]         50,000 / 2,000,000  (  2.5%)     813 step/s  ETA 0:39:58
16:19:56 [INFO]         60,000 / 2,000,000  (  3.0%)     821 step/s  ETA 0:39:23
16:20:07 [INFO]         70,000 / 2,000,000  (  3.5%)     828 step/s  ETA 0:38:51
16:20:20 [INFO]         80,000 / 2,000,000  (  4.0%)     824 step/s  ETA 0:38:50
16:20:39 [INFO]         90,000 / 2,000,000  (  4.5%)     773 step/s  ETA 0:41:11
16:20:59 [INFO]        100,000 / 2,000,000  (  5.0%)     732 step/s  ETA 0:43:13
16:21:20 [INFO]        110,000 / 2,000,000  (  5.5%)     700 step/s  ETA 0:44:58
16:21:41 [INFO]        120,000 / 2,000,000  (  6.0%)     675 step/s  ETA 0:46:27
16:22:05 [INFO]        130,000 / 2,000,000  (  6.5%)     644 step/s  ETA 0:48:23
16:22:25 [INFO]        140,000 / 2,000,000  (  7.0%)     630 step/s  ETA 0:49:13
16:22:46 [INFO]        150,000 / 2,000,000  (  7.5%)     616 step/s  ETA 0:50:01
16:23:08 [INFO]        160,000 / 2,000,000  (  8.0%)     603 step/s  ETA 0:50:52
16:23:33 [INFO]        170,000 / 2,000,000  (  8.5%)     586 step/s  ETA 0:52:03
16:23:58 [INFO]        180,000 / 2,000,000  (  9.0%)     571 step/s  ETA 0:53:07
16:24:23 [INFO]        190,000 / 2,000,000  (  9.5%)     558 step/s  ETA 0:54:00
16:24:48 [INFO]        200,000 / 2,000,000  ( 10.0%)     547 step/s  ETA 0:54:48
16:25:13 [INFO]        210,000 / 2,000,000  ( 10.5%)     538 step/s  ETA 0:55:26
16:25:38 [INFO]        220,000 / 2,000,000  ( 11.0%)     530 step/s  ETA 0:55:58
16:26:02 [INFO]        230,000 / 2,000,000  ( 11.5%)     523 step/s  ETA 0:56:23
16:26:26 [INFO]        240,000 / 2,000,000  ( 12.0%)     517 step/s  ETA 0:56:40
16:26:48 [INFO]        250,000 / 2,000,000  ( 12.5%)     515 step/s  ETA 0:56:40
16:27:09 [INFO]        260,000 / 2,000,000  ( 13.0%)     513 step/s  ETA 0:56:31
16:27:30 [INFO]        270,000 / 2,000,000  ( 13.5%)     512 step/s  ETA 0:56:17
16:27:50 [INFO]        280,000 / 2,000,000  ( 14.0%)     511 step/s  ETA 0:56:03
16:28:12 [INFO]        290,000 / 2,000,000  ( 14.5%)     509 step/s  ETA 0:55:59
16:28:33 [INFO]        300,000 / 2,000,000  ( 15.0%)     508 step/s  ETA 0:55:45
16:28:52 [INFO]        310,000 / 2,000,000  ( 15.5%)     509 step/s  ETA 0:55:21
16:29:11 [INFO]        320,000 / 2,000,000  ( 16.0%)     509 step/s  ETA 0:54:59
16:29:29 [INFO]        330,000 / 2,000,000  ( 16.5%)     510 step/s  ETA 0:54:31
16:29:49 [INFO]        340,000 / 2,000,000  ( 17.0%)     510 step/s  ETA 0:54:12
16:30:08 [INFO]        350,000 / 2,000,000  ( 17.5%)     511 step/s  ETA 0:53:50
16:30:28 [INFO]        360,000 / 2,000,000  ( 18.0%)     510 step/s  ETA 0:53:33
16:30:47 [INFO]        370,000 / 2,000,000  ( 18.5%)     511 step/s  ETA 0:53:10
16:31:02 [INFO]        380,000 / 2,000,000  ( 19.0%)     514 step/s  ETA 0:52:30
16:31:23 [INFO]        390,000 / 2,000,000  ( 19.5%)     513 step/s  ETA 0:52:19
16:31:43 [INFO]        400,000 / 2,000,000  ( 20.0%)     513 step/s  ETA 0:52:00
16:32:01 [INFO]        410,000 / 2,000,000  ( 20.5%)     513 step/s  ETA 0:51:37
16:32:20 [INFO]        420,000 / 2,000,000  ( 21.0%)     514 step/s  ETA 0:51:16
16:32:40 [INFO]        430,000 / 2,000,000  ( 21.5%)     514 step/s  ETA 0:50:56
16:32:59 [INFO]        440,000 / 2,000,000  ( 22.0%)     514 step/s  ETA 0:50:37
16:33:18 [INFO]        450,000 / 2,000,000  ( 22.5%)     514 step/s  ETA 0:50:14
16:33:36 [INFO]        460,000 / 2,000,000  ( 23.0%)     515 step/s  ETA 0:49:50
16:33:54 [INFO]        470,000 / 2,000,000  ( 23.5%)     515 step/s  ETA 0:49:28
16:34:13 [INFO]        480,000 / 2,000,000  ( 24.0%)     516 step/s  ETA 0:49:05
16:34:32 [INFO]        490,000 / 2,000,000  ( 24.5%)     516 step/s  ETA 0:48:46
16:34:51 [INFO]        500,000 / 2,000,000  ( 25.0%)     516 step/s  ETA 0:48:25
16:35:10 [INFO]        510,000 / 2,000,000  ( 25.5%)     516 step/s  ETA 0:48:05
16:35:29 [INFO]        520,000 / 2,000,000  ( 26.0%)     517 step/s  ETA 0:47:45
16:35:48 [INFO]        530,000 / 2,000,000  ( 26.5%)     517 step/s  ETA 0:47:25
16:36:07 [INFO]        540,000 / 2,000,000  ( 27.0%)     517 step/s  ETA 0:47:04
16:36:27 [INFO]        550,000 / 2,000,000  ( 27.5%)     517 step/s  ETA 0:46:44
16:36:45 [INFO]        560,000 / 2,000,000  ( 28.0%)     517 step/s  ETA 0:46:23
16:37:04 [INFO]        570,000 / 2,000,000  ( 28.5%)     517 step/s  ETA 0:46:03
16:37:23 [INFO]        580,000 / 2,000,000  ( 29.0%)     518 step/s  ETA 0:45:43
16:37:42 [INFO]        590,000 / 2,000,000  ( 29.5%)     518 step/s  ETA 0:45:22
16:38:01 [INFO]        600,000 / 2,000,000  ( 30.0%)     518 step/s  ETA 0:45:03
16:38:21 [INFO]        610,000 / 2,000,000  ( 30.5%)     518 step/s  ETA 0:44:44
16:38:39 [INFO]        620,000 / 2,000,000  ( 31.0%)     518 step/s  ETA 0:44:22
16:38:58 [INFO]        630,000 / 2,000,000  ( 31.5%)     518 step/s  ETA 0:44:03
16:39:17 [INFO]        640,000 / 2,000,000  ( 32.0%)     519 step/s  ETA 0:43:42
16:39:35 [INFO]        650,000 / 2,000,000  ( 32.5%)     519 step/s  ETA 0:43:21
16:39:53 [INFO]        660,000 / 2,000,000  ( 33.0%)     519 step/s  ETA 0:42:59
16:40:11 [INFO]        670,000 / 2,000,000  ( 33.5%)     520 step/s  ETA 0:42:37
16:40:29 [INFO]        680,000 / 2,000,000  ( 34.0%)     521 step/s  ETA 0:42:15
16:40:47 [INFO]        690,000 / 2,000,000  ( 34.5%)     521 step/s  ETA 0:41:54
16:41:06 [INFO]        700,000 / 2,000,000  ( 35.0%)     521 step/s  ETA 0:41:34
16:41:24 [INFO]        710,000 / 2,000,000  ( 35.5%)     521 step/s  ETA 0:41:14
16:41:43 [INFO]        720,000 / 2,000,000  ( 36.0%)     522 step/s  ETA 0:40:53
16:42:01 [INFO]        730,000 / 2,000,000  ( 36.5%)     522 step/s  ETA 0:40:32
16:42:16 [INFO]        740,000 / 2,000,000  ( 37.0%)     524 step/s  ETA 0:40:05
16:42:35 [INFO]        750,000 / 2,000,000  ( 37.5%)     524 step/s  ETA 0:39:47
16:42:54 [INFO]        760,000 / 2,000,000  ( 38.0%)     524 step/s  ETA 0:39:27
16:43:13 [INFO]        770,000 / 2,000,000  ( 38.5%)     524 step/s  ETA 0:39:08
16:43:32 [INFO]        780,000 / 2,000,000  ( 39.0%)     524 step/s  ETA 0:38:48
16:43:49 [INFO]        790,000 / 2,000,000  ( 39.5%)     524 step/s  ETA 0:38:27
16:44:07 [INFO]        800,000 / 2,000,000  ( 40.0%)     525 step/s  ETA 0:38:06
16:44:25 [INFO]        810,000 / 2,000,000  ( 40.5%)     525 step/s  ETA 0:37:45
16:44:43 [INFO]        820,000 / 2,000,000  ( 41.0%)     526 step/s  ETA 0:37:25
16:45:00 [INFO]        830,000 / 2,000,000  ( 41.5%)     526 step/s  ETA 0:37:03
16:45:18 [INFO]        840,000 / 2,000,000  ( 42.0%)     526 step/s  ETA 0:36:43
16:45:36 [INFO]        850,000 / 2,000,000  ( 42.5%)     527 step/s  ETA 0:36:22
16:45:53 [INFO]        860,000 / 2,000,000  ( 43.0%)     527 step/s  ETA 0:36:01
16:46:11 [INFO]        870,000 / 2,000,000  ( 43.5%)     528 step/s  ETA 0:35:40
16:46:29 [INFO]        880,000 / 2,000,000  ( 44.0%)     528 step/s  ETA 0:35:20
16:46:47 [INFO]        890,000 / 2,000,000  ( 44.5%)     529 step/s  ETA 0:35:00
16:47:04 [INFO]        900,000 / 2,000,000  ( 45.0%)     529 step/s  ETA 0:34:39
16:47:22 [INFO]        910,000 / 2,000,000  ( 45.5%)     529 step/s  ETA 0:34:18
16:47:40 [INFO]        920,000 / 2,000,000  ( 46.0%)     530 step/s  ETA 0:33:59
16:47:57 [INFO]        930,000 / 2,000,000  ( 46.5%)     530 step/s  ETA 0:33:38
16:48:15 [INFO]        940,000 / 2,000,000  ( 47.0%)     530 step/s  ETA 0:33:19
16:48:33 [INFO]        950,000 / 2,000,000  ( 47.5%)     531 step/s  ETA 0:32:59
16:48:51 [INFO]        960,000 / 2,000,000  ( 48.0%)     531 step/s  ETA 0:32:39
16:49:09 [INFO]        970,000 / 2,000,000  ( 48.5%)     531 step/s  ETA 0:32:19
16:49:27 [INFO]        980,000 / 2,000,000  ( 49.0%)     531 step/s  ETA 0:31:59
16:49:46 [INFO]        990,000 / 2,000,000  ( 49.5%)     531 step/s  ETA 0:31:41
16:50:05 [INFO]      1,000,000 / 2,000,000  ( 50.0%)     531 step/s  ETA 0:31:22
16:50:24 [INFO]      1,010,000 / 2,000,000  ( 50.5%)     531 step/s  ETA 0:31:03
16:50:43 [INFO]      1,020,000 / 2,000,000  ( 51.0%)     531 step/s  ETA 0:30:44
16:51:01 [INFO]      1,030,000 / 2,000,000  ( 51.5%)     531 step/s  ETA 0:30:25
16:51:22 [INFO]      1,040,000 / 2,000,000  ( 52.0%)     531 step/s  ETA 0:30:08
16:51:40 [INFO]      1,050,000 / 2,000,000  ( 52.5%)     531 step/s  ETA 0:29:48
16:52:00 [INFO]      1,060,000 / 2,000,000  ( 53.0%)     531 step/s  ETA 0:29:31
16:52:19 [INFO]      1,070,000 / 2,000,000  ( 53.5%)     531 step/s  ETA 0:29:12
16:52:37 [INFO]      1,080,000 / 2,000,000  ( 54.0%)     531 step/s  ETA 0:28:52
16:52:55 [INFO]      1,090,000 / 2,000,000  ( 54.5%)     531 step/s  ETA 0:28:33
16:53:14 [INFO]      1,100,000 / 2,000,000  ( 55.0%)     531 step/s  ETA 0:28:14
16:53:30 [INFO]      1,110,000 / 2,000,000  ( 55.5%)     532 step/s  ETA 0:27:53
16:53:49 [INFO]      1,120,000 / 2,000,000  ( 56.0%)     532 step/s  ETA 0:27:35
16:54:08 [INFO]      1,130,000 / 2,000,000  ( 56.5%)     532 step/s  ETA 0:27:16
16:54:27 [INFO]      1,140,000 / 2,000,000  ( 57.0%)     532 step/s  ETA 0:26:57
16:54:46 [INFO]      1,150,000 / 2,000,000  ( 57.5%)     532 step/s  ETA 0:26:38
16:55:05 [INFO]      1,160,000 / 2,000,000  ( 58.0%)     531 step/s  ETA 0:26:20
16:55:23 [INFO]      1,170,000 / 2,000,000  ( 58.5%)     532 step/s  ETA 0:26:00
16:55:40 [INFO]      1,180,000 / 2,000,000  ( 59.0%)     532 step/s  ETA 0:25:41
16:55:58 [INFO]      1,190,000 / 2,000,000  ( 59.5%)     532 step/s  ETA 0:25:21
16:56:16 [INFO]      1,200,000 / 2,000,000  ( 60.0%)     533 step/s  ETA 0:25:02
16:56:33 [INFO]      1,210,000 / 2,000,000  ( 60.5%)     533 step/s  ETA 0:24:42
16:56:51 [INFO]      1,220,000 / 2,000,000  ( 61.0%)     533 step/s  ETA 0:24:23
16:57:09 [INFO]      1,230,000 / 2,000,000  ( 61.5%)     533 step/s  ETA 0:24:03
16:57:27 [INFO]      1,240,000 / 2,000,000  ( 62.0%)     534 step/s  ETA 0:23:44
16:57:46 [INFO]      1,250,000 / 2,000,000  ( 62.5%)     534 step/s  ETA 0:23:25
16:58:04 [INFO]      1,260,000 / 2,000,000  ( 63.0%)     534 step/s  ETA 0:23:06
16:58:25 [INFO]      1,270,000 / 2,000,000  ( 63.5%)     533 step/s  ETA 0:22:49
16:58:46 [INFO]      1,280,000 / 2,000,000  ( 64.0%)     532 step/s  ETA 0:22:32
16:59:04 [INFO]      1,290,000 / 2,000,000  ( 64.5%)     533 step/s  ETA 0:22:12
16:59:23 [INFO]      1,300,000 / 2,000,000  ( 65.0%)     533 step/s  ETA 0:21:53
16:59:41 [INFO]      1,310,000 / 2,000,000  ( 65.5%)     533 step/s  ETA 0:21:34
16:59:56 [INFO]      1,320,000 / 2,000,000  ( 66.0%)     534 step/s  ETA 0:21:13
17:00:07 [INFO]      1,330,000 / 2,000,000  ( 66.5%)     535 step/s  ETA 0:20:51
17:00:19 [INFO]      1,340,000 / 2,000,000  ( 67.0%)     537 step/s  ETA 0:20:29
17:00:30 [INFO]      1,350,000 / 2,000,000  ( 67.5%)     538 step/s  ETA 0:20:07
17:00:41 [INFO]      1,360,000 / 2,000,000  ( 68.0%)     540 step/s  ETA 0:19:45
17:00:53 [INFO]      1,370,000 / 2,000,000  ( 68.5%)     541 step/s  ETA 0:19:23
17:01:04 [INFO]      1,380,000 / 2,000,000  ( 69.0%)     543 step/s  ETA 0:19:01
17:01:16 [INFO]      1,390,000 / 2,000,000  ( 69.5%)     544 step/s  ETA 0:18:40
17:01:27 [INFO]      1,400,000 / 2,000,000  ( 70.0%)     546 step/s  ETA 0:18:19
17:01:40 [INFO]      1,410,000 / 2,000,000  ( 70.5%)     547 step/s  ETA 0:17:58
17:01:52 [INFO]      1,420,000 / 2,000,000  ( 71.0%)     548 step/s  ETA 0:17:37
17:02:04 [INFO]      1,430,000 / 2,000,000  ( 71.5%)     550 step/s  ETA 0:17:16
17:02:18 [INFO]      1,440,000 / 2,000,000  ( 72.0%)     551 step/s  ETA 0:16:57
17:02:31 [INFO]      1,450,000 / 2,000,000  ( 72.5%)     552 step/s  ETA 0:16:36
17:02:43 [INFO]      1,460,000 / 2,000,000  ( 73.0%)     553 step/s  ETA 0:16:16
17:02:55 [INFO]      1,470,000 / 2,000,000  ( 73.5%)     554 step/s  ETA 0:15:56
17:03:05 [INFO]      1,480,000 / 2,000,000  ( 74.0%)     556 step/s  ETA 0:15:35
17:03:18 [INFO]      1,490,000 / 2,000,000  ( 74.5%)     557 step/s  ETA 0:15:15
17:03:30 [INFO]      1,500,000 / 2,000,000  ( 75.0%)     558 step/s  ETA 0:14:55
17:03:43 [INFO]      1,510,000 / 2,000,000  ( 75.5%)     559 step/s  ETA 0:14:36
17:03:54 [INFO]      1,520,000 / 2,000,000  ( 76.0%)     561 step/s  ETA 0:14:16
17:04:06 [INFO]      1,530,000 / 2,000,000  ( 76.5%)     562 step/s  ETA 0:13:56
17:04:19 [INFO]      1,540,000 / 2,000,000  ( 77.0%)     563 step/s  ETA 0:13:37
17:04:31 [INFO]      1,550,000 / 2,000,000  ( 77.5%)     564 step/s  ETA 0:13:17
17:04:43 [INFO]      1,560,000 / 2,000,000  ( 78.0%)     565 step/s  ETA 0:12:58
17:04:56 [INFO]      1,570,000 / 2,000,000  ( 78.5%)     566 step/s  ETA 0:12:39
17:05:08 [INFO]      1,580,000 / 2,000,000  ( 79.0%)     567 step/s  ETA 0:12:20
17:05:21 [INFO]      1,590,000 / 2,000,000  ( 79.5%)     568 step/s  ETA 0:12:01
17:05:35 [INFO]      1,600,000 / 2,000,000  ( 80.0%)     569 step/s  ETA 0:11:43
17:05:47 [INFO]      1,610,000 / 2,000,000  ( 80.5%)     570 step/s  ETA 0:11:24
17:05:58 [INFO]      1,620,000 / 2,000,000  ( 81.0%)     571 step/s  ETA 0:11:05
17:06:10 [INFO]      1,630,000 / 2,000,000  ( 81.5%)     573 step/s  ETA 0:10:46
17:06:21 [INFO]      1,640,000 / 2,000,000  ( 82.0%)     574 step/s  ETA 0:10:27
17:06:33 [INFO]      1,650,000 / 2,000,000  ( 82.5%)     575 step/s  ETA 0:10:08
17:06:44 [INFO]      1,660,000 / 2,000,000  ( 83.0%)     576 step/s  ETA 0:09:50
17:07:00 [INFO]      1,670,000 / 2,000,000  ( 83.5%)     576 step/s  ETA 0:09:32
17:07:14 [INFO]      1,680,000 / 2,000,000  ( 84.0%)     577 step/s  ETA 0:09:14
17:07:33 [INFO]      1,690,000 / 2,000,000  ( 84.5%)     577 step/s  ETA 0:08:57
17:07:52 [INFO]      1,700,000 / 2,000,000  ( 85.0%)     576 step/s  ETA 0:08:40
17:08:10 [INFO]      1,710,000 / 2,000,000  ( 85.5%)     576 step/s  ETA 0:08:23
17:08:28 [INFO]      1,720,000 / 2,000,000  ( 86.0%)     576 step/s  ETA 0:08:06
17:08:50 [INFO]      1,730,000 / 2,000,000  ( 86.5%)     575 step/s  ETA 0:07:49
17:09:11 [INFO]      1,740,000 / 2,000,000  ( 87.0%)     575 step/s  ETA 0:07:32
17:09:30 [INFO]      1,750,000 / 2,000,000  ( 87.5%)     574 step/s  ETA 0:07:15
17:09:48 [INFO]      1,760,000 / 2,000,000  ( 88.0%)     574 step/s  ETA 0:06:58
17:10:07 [INFO]      1,770,000 / 2,000,000  ( 88.5%)     574 step/s  ETA 0:06:40
17:10:26 [INFO]      1,780,000 / 2,000,000  ( 89.0%)     574 step/s  ETA 0:06:23
17:10:46 [INFO]      1,790,000 / 2,000,000  ( 89.5%)     573 step/s  ETA 0:06:06
17:11:05 [INFO]      1,800,000 / 2,000,000  ( 90.0%)     573 step/s  ETA 0:05:49
17:11:24 [INFO]      1,810,000 / 2,000,000  ( 90.5%)     573 step/s  ETA 0:05:31
17:11:43 [INFO]      1,820,000 / 2,000,000  ( 91.0%)     572 step/s  ETA 0:05:14
17:12:02 [INFO]      1,830,000 / 2,000,000  ( 91.5%)     572 step/s  ETA 0:04:57
17:12:22 [INFO]      1,840,000 / 2,000,000  ( 92.0%)     572 step/s  ETA 0:04:39
17:12:40 [INFO]      1,850,000 / 2,000,000  ( 92.5%)     572 step/s  ETA 0:04:22
17:12:54 [INFO]      1,860,000 / 2,000,000  ( 93.0%)     572 step/s  ETA 0:04:04
17:13:12 [INFO]      1,870,000 / 2,000,000  ( 93.5%)     572 step/s  ETA 0:03:47
17:13:32 [INFO]      1,880,000 / 2,000,000  ( 94.0%)     572 step/s  ETA 0:03:29
17:13:50 [INFO]      1,890,000 / 2,000,000  ( 94.5%)     571 step/s  ETA 0:03:12
17:14:10 [INFO]      1,900,000 / 2,000,000  ( 95.0%)     571 step/s  ETA 0:02:55
17:14:31 [INFO]      1,910,000 / 2,000,000  ( 95.5%)     571 step/s  ETA 0:02:37
17:14:52 [INFO]      1,920,000 / 2,000,000  ( 96.0%)     570 step/s  ETA 0:02:20
17:15:11 [INFO]      1,930,000 / 2,000,000  ( 96.5%)     570 step/s  ETA 0:02:02
17:15:29 [INFO]      1,940,000 / 2,000,000  ( 97.0%)     570 step/s  ETA 0:01:45
17:15:47 [INFO]      1,950,000 / 2,000,000  ( 97.5%)     569 step/s  ETA 0:01:27
17:16:04 [INFO]      1,960,000 / 2,000,000  ( 98.0%)     569 step/s  ETA 0:01:10
17:16:20 [INFO]      1,970,000 / 2,000,000  ( 98.5%)     570 step/s  ETA 0:00:52
17:16:31 [INFO]      1,980,000 / 2,000,000  ( 99.0%)     571 step/s  ETA 0:00:35
17:16:42 [INFO]      1,990,000 / 2,000,000  ( 99.5%)     572 step/s  ETA 0:00:17
17:16:53 [INFO]      2,000,000 / 2,000,000  (100.0%)     573 step/s  ETA 0:00:00
17:16:56 [INFO] --> XONG  (0:58:13, 2,000,000 steps, log: ctr_mappo_v1.log)

17:16:56 [INFO] ======================================================================
17:16:56 [INFO] [5/15]  ctr_dqn   DQN @ crossroad
17:16:56 [INFO]         run-id  : ctr_dqn_v1
17:16:56 [INFO]         config  : ctr_dqn.yaml
17:16:56 [INFO]         steps   : 2,000,000
17:16:56 [INFO] ======================================================================
17:16:56 [INFO] cmd: C:\Users\Admin\miniconda3\envs\mlagents\Scripts\mlagents-learn.exe C:\Users\Admin\Documents\GitHub\GraduationProject\GraduationProject\training_logs\_config_override\ctr_dqn_v1_2000000.yaml --run-id ctr_dqn_v1 --results-dir C:\Users\Admin\Documents\GitHub\GraduationProject\GraduationProject\results --force --env C:\Users\Admin\Documents\GitHub\GraduationProject\GraduationProject\Builds\CrossTheRoad\CrossTheRoad.exe --no-graphics --time-scale 20.0
17:17:01 [WARN]     C:\Users\Admin\miniconda3\envs\mlagents\lib\site-packages\torch\utils\_device.py:77: UserWarning: The use of `x.T` on tensors of dimension other than 2 to reverse their shape is deprecated and it will throw an error in a future release. Consider `x.mT` to transpose batches of matrices or `x.permute(*torch.arange(x.ndim - 1, -1, -1))` to reverse the dimensions of a tensor. (Triggered internally at ..\aten\src\ATen\native\TensorShape.cpp:3641.)
17:17:25 [INFO]         10,000 / 2,000,000  (  0.5%)     348 step/s  ETA 1:35:24
17:17:56 [INFO]         20,000 / 2,000,000  (  1.0%)     335 step/s  ETA 1:38:35
17:18:38 [INFO]         30,000 / 2,000,000  (  1.5%)     296 step/s  ETA 1:51:01
17:19:20 [INFO]         40,000 / 2,000,000  (  2.0%)     278 step/s  ETA 1:57:21
17:20:03 [INFO]         50,000 / 2,000,000  (  2.5%)     268 step/s  ETA 2:01:25
17:20:46 [INFO]         60,000 / 2,000,000  (  3.0%)     261 step/s  ETA 2:03:46
17:21:29 [INFO]         70,000 / 2,000,000  (  3.5%)     256 step/s  ETA 2:05:25
17:22:12 [INFO]         80,000 / 2,000,000  (  4.0%)     253 step/s  ETA 2:06:25
17:22:55 [INFO]         90,000 / 2,000,000  (  4.5%)     251 step/s  ETA 2:06:51
17:23:38 [INFO]        100,000 / 2,000,000  (  5.0%)     249 step/s  ETA 2:07:17
17:24:21 [INFO]        110,000 / 2,000,000  (  5.5%)     247 step/s  ETA 2:07:29
17:25:06 [INFO]        120,000 / 2,000,000  (  6.0%)     245 step/s  ETA 2:07:46
17:25:49 [INFO]        130,000 / 2,000,000  (  6.5%)     244 step/s  ETA 2:07:39
17:26:30 [INFO]        140,000 / 2,000,000  (  7.0%)     244 step/s  ETA 2:07:02
17:27:12 [INFO]        150,000 / 2,000,000  (  7.5%)     243 step/s  ETA 2:06:38
17:27:54 [INFO]        160,000 / 2,000,000  (  8.0%)     243 step/s  ETA 2:06:02
17:28:38 [INFO]        170,000 / 2,000,000  (  8.5%)     242 step/s  ETA 2:06:00
17:29:20 [INFO]        180,000 / 2,000,000  (  9.0%)     242 step/s  ETA 2:05:20
17:30:03 [INFO]        190,000 / 2,000,000  (  9.5%)     241 step/s  ETA 2:04:59
17:30:46 [INFO]        200,000 / 2,000,000  ( 10.0%)     241 step/s  ETA 2:04:24
17:31:30 [INFO]        210,000 / 2,000,000  ( 10.5%)     240 step/s  ETA 2:04:10
17:32:12 [INFO]        220,000 / 2,000,000  ( 11.0%)     240 step/s  ETA 2:03:30
17:32:55 [INFO]        230,000 / 2,000,000  ( 11.5%)     240 step/s  ETA 2:02:56
17:33:38 [INFO]        240,000 / 2,000,000  ( 12.0%)     240 step/s  ETA 2:02:25
17:34:21 [INFO]        250,000 / 2,000,000  ( 12.5%)     239 step/s  ETA 2:01:56
17:35:06 [INFO]        260,000 / 2,000,000  ( 13.0%)     239 step/s  ETA 2:01:31
17:35:48 [INFO]        270,000 / 2,000,000  ( 13.5%)     238 step/s  ETA 2:00:53
17:36:33 [INFO]        280,000 / 2,000,000  ( 14.0%)     238 step/s  ETA 2:00:27
17:37:07 [INFO]        290,000 / 2,000,000  ( 14.5%)     240 step/s  ETA 1:58:58
17:37:33 [INFO]        300,000 / 2,000,000  ( 15.0%)     242 step/s  ETA 1:56:51
17:38:13 [INFO]        310,000 / 2,000,000  ( 15.5%)     243 step/s  ETA 1:55:58
17:38:15 [WARN]     Traceback (most recent call last):
17:38:15 [WARN]     BrokenPipeError: [WinError 109] The pipe has been ended
17:38:15 [WARN]     Traceback (most recent call last):
17:38:15 [WARN]         raise EOFError
17:38:15 [WARN]     EOFError
17:38:15 [WARN]     Traceback (most recent call last):
17:38:15 [WARN]     BrokenPipeError: [WinError 109] The pipe has been ended
17:38:15 [WARN]     Traceback (most recent call last):
17:38:15 [WARN]         raise EOFError
17:38:15 [WARN]     EOFError
17:38:15 [WARN]     Traceback (most recent call last):
17:38:15 [WARN]     BrokenPipeError: [WinError 232] The pipe is being closed
17:38:15 [ERROR] --> THAT BAI  (0:21:18, 310,000 steps, log: ctr_dqn_v1.log)
17:38:15 [ERROR]     xem chi tiet: C:\Users\Admin\Documents\GitHub\GraduationProject\GraduationProject\training_logs\ctr_dqn_v1.log
17:38:15 [WARN] Job that bai — van chay tiep cac job con lai.

17:38:15 [INFO] ======================================================================
17:38:15 [INFO] [6/15]  ctf_ppo   PPO @ capture
17:38:15 [INFO]         run-id  : ctf_ppo_v1
17:38:15 [INFO]         config  : ctf_ppo.yaml
17:38:15 [INFO]         steps   : 1,700,000
17:38:15 [INFO] ======================================================================
17:38:15 [INFO] cmd: C:\Users\Admin\miniconda3\envs\mlagents\Scripts\mlagents-learn.exe C:\Users\Admin\Documents\GitHub\GraduationProject\GraduationProject\training_logs\_config_override\ctf_ppo_v1_1700000.yaml --run-id ctf_ppo_v1 --results-dir C:\Users\Admin\Documents\GitHub\GraduationProject\GraduationProject\results --force --env C:\Users\Admin\Documents\GitHub\GraduationProject\GraduationProject\Builds\CaptureTheFlag\CaptureTheFlag.exe --no-graphics --time-scale 20.0
17:38:15 [ERROR] --> THAT BAI  (0:00:00, 0 steps, log: ctf_ppo_v1.log)
17:38:15 [ERROR]     xem chi tiet: C:\Users\Admin\Documents\GitHub\GraduationProject\GraduationProject\training_logs\ctf_ppo_v1.log
17:38:15 [WARN] Job that bai — van chay tiep cac job con lai.

17:38:15 [INFO] ======================================================================
17:38:15 [INFO] [7/15]  ctf_sac   SAC @ capture
17:38:15 [INFO]         run-id  : ctf_sac_v1
17:38:15 [INFO]         config  : ctf_sac.yaml
17:38:15 [INFO]         steps   : 1,700,000
17:38:15 [INFO] ======================================================================
17:38:15 [INFO] cmd: C:\Users\Admin\miniconda3\envs\mlagents\Scripts\mlagents-learn.exe C:\Users\Admin\Documents\GitHub\GraduationProject\GraduationProject\training_logs\_config_override\ctf_sac_v1_1700000.yaml --run-id ctf_sac_v1 --results-dir C:\Users\Admin\Documents\GitHub\GraduationProject\GraduationProject\results --force --env C:\Users\Admin\Documents\GitHub\GraduationProject\GraduationProject\Builds\CaptureTheFlag\CaptureTheFlag.exe --no-graphics --time-scale 20.0
17:38:15 [ERROR] --> THAT BAI  (0:00:00, 0 steps, log: ctf_sac_v1.log)
17:38:15 [ERROR]     xem chi tiet: C:\Users\Admin\Documents\GitHub\GraduationProject\GraduationProject\training_logs\ctf_sac_v1.log
17:38:15 [WARN] Job that bai — van chay tiep cac job con lai.

17:38:15 [INFO] ======================================================================
17:38:15 [INFO] [8/15]  ctf_poca   MA-POCA @ capture
17:38:15 [INFO]         run-id  : ctf_poca_v2
17:38:15 [INFO]         config  : ctf_poca.yaml
17:38:15 [INFO]         steps   : 1,700,000
17:38:15 [INFO] ======================================================================
