08:47:49 [INFO] --resume: bo qua 4 job da co ket qua
08:47:49 [INFO] ──────────────────────────────────────────────────────────────────────
08:47:49 [INFO] KIEM TRA TRUOC KHI CHAY
08:47:49 [INFO] ──────────────────────────────────────────────────────────────────────
08:47:49 [INFO] mlagents-learn : C:\Users\Admin\miniconda3\envs\mlagents\Scripts\mlagents-learn.exe
08:47:49 [INFO] trainer plugins: default,a2c,dqn,mappo
08:47:49 [WARN] [ctf_mappo] CANH BAO: Day la lan chay chua PHAT HIEN CHINH cua do an (buoc ngoat ~1,28M). Neu ha STEPS['capture'] xuong duoi 1,5M thi duong cong mat buoc ngoat.
08:47:49 [WARN] [fb_sac] CANH BAO: SAC + self_play: ML-Agents khong ho tro chinh thuc. Da chay duoc 20K buoc trong smoke test nen khong chan, nhung theo doi ky.
08:47:49 [WARN] [fb_dqn] CANH BAO: CAN BUILD RIENG 'FootballDiscrete'. Football dang la continuous(8) nhung DQN chi chay duoc action roi rac, nen phai co mot ban scene voi Behavior Parameters doi sang 8 nhanh x 3 muc. Khong dung chung build 'Football' voi PPO/SAC/POCA/MAPPO duoc.
08:47:49 [WARN] --force: se GHI DE 1 thu muc run-id da co (ctr_dqn_v1)
08:47:49 [INFO] Ket qua kiem tra: OK
08:47:49 [INFO] ──────────────────────────────────────────────────────────────────────
08:47:49 [INFO] Se chay 11 job, tong 18,500,000 buoc (ngan sach: full)
08:47:49 [INFO] Che do: build | num-envs 1 | time-scale 20.0

08:47:49 [INFO] ======================================================================
08:47:49 [INFO] [1/11]  ctr_dqn   DQN @ crossroad
08:47:49 [INFO]         run-id  : ctr_dqn_v1
08:47:49 [INFO]         config  : ctr_dqn.yaml
08:47:49 [INFO]         steps   : 2,000,000
08:47:49 [INFO] ======================================================================
08:47:49 [INFO] cmd: C:\Users\Admin\miniconda3\envs\mlagents\Scripts\mlagents-learn.exe C:\Users\Admin\Documents\GitHub\GraduationProject\GraduationProject\training_logs\_config_override\ctr_dqn_v1_2000000.yaml --run-id ctr_dqn_v1 --results-dir C:\Users\Admin\Documents\GitHub\GraduationProject\GraduationProject\results --force --env C:\Users\Admin\Documents\GitHub\GraduationProject\GraduationProject\Builds\CrossTheRoad\CrossTheRoad.exe --no-graphics --time-scale 20.0
08:48:01 [WARN]     C:\Users\Admin\miniconda3\envs\mlagents\lib\site-packages\torch\utils\_device.py:77: UserWarning: The use of `x.T` on tensors of dimension other than 2 to reverse their shape is deprecated and it will throw an error in a future release. Consider `x.mT` to transpose batches of matrices or `x.permute(*torch.arange(x.ndim - 1, -1, -1))` to reverse the dimensions of a tensor. (Triggered internally at ..\aten\src\ATen\native\TensorShape.cpp:3641.)
08:48:26 [INFO]         10,000 / 2,000,000  (  0.5%)     273 step/s  ETA 2:01:24
08:48:53 [INFO]         20,000 / 2,000,000  (  1.0%)     314 step/s  ETA 1:45:04
08:49:20 [INFO]         30,000 / 2,000,000  (  1.5%)     328 step/s  ETA 1:39:59
08:49:47 [INFO]         40,000 / 2,000,000  (  2.0%)     338 step/s  ETA 1:36:41
08:50:14 [INFO]         50,000 / 2,000,000  (  2.5%)     344 step/s  ETA 1:34:31
08:50:42 [INFO]         60,000 / 2,000,000  (  3.0%)     348 step/s  ETA 1:33:00
08:51:09 [INFO]         70,000 / 2,000,000  (  3.5%)     349 step/s  ETA 1:32:05
08:51:37 [INFO]         80,000 / 2,000,000  (  4.0%)     351 step/s  ETA 1:31:04
08:52:10 [INFO]         90,000 / 2,000,000  (  4.5%)     344 step/s  ETA 1:32:29
08:52:55 [INFO]        100,000 / 2,000,000  (  5.0%)     327 step/s  ETA 1:36:50
08:53:38 [INFO]        110,000 / 2,000,000  (  5.5%)     315 step/s  ETA 1:40:00
08:54:22 [INFO]        120,000 / 2,000,000  (  6.0%)     305 step/s  ETA 1:42:42
08:55:05 [INFO]        130,000 / 2,000,000  (  6.5%)     298 step/s  ETA 1:44:29
08:55:49 [INFO]        140,000 / 2,000,000  (  7.0%)     292 step/s  ETA 1:46:20
08:56:33 [INFO]        150,000 / 2,000,000  (  7.5%)     286 step/s  ETA 1:47:46
08:57:19 [INFO]        160,000 / 2,000,000  (  8.0%)     281 step/s  ETA 1:49:10
08:58:05 [INFO]        170,000 / 2,000,000  (  8.5%)     276 step/s  ETA 1:50:34
08:58:51 [INFO]        180,000 / 2,000,000  (  9.0%)     272 step/s  ETA 1:51:38
08:59:37 [INFO]        190,000 / 2,000,000  (  9.5%)     268 step/s  ETA 1:52:27
09:00:24 [INFO]        200,000 / 2,000,000  ( 10.0%)     265 step/s  ETA 1:53:11
09:01:09 [INFO]        210,000 / 2,000,000  ( 10.5%)     262 step/s  ETA 1:53:39
09:01:53 [INFO]        220,000 / 2,000,000  ( 11.0%)     261 step/s  ETA 1:53:49
09:02:39 [INFO]        230,000 / 2,000,000  ( 11.5%)     259 step/s  ETA 1:54:07
09:03:23 [INFO]        240,000 / 2,000,000  ( 12.0%)     257 step/s  ETA 1:54:08
09:04:07 [INFO]        250,000 / 2,000,000  ( 12.5%)     256 step/s  ETA 1:54:08
09:04:52 [INFO]        260,000 / 2,000,000  ( 13.0%)     254 step/s  ETA 1:54:05
09:05:36 [INFO]        270,000 / 2,000,000  ( 13.5%)     253 step/s  ETA 1:53:55
09:06:20 [INFO]        280,000 / 2,000,000  ( 14.0%)     252 step/s  ETA 1:53:46
09:07:04 [INFO]        290,000 / 2,000,000  ( 14.5%)     251 step/s  ETA 1:53:30
09:07:50 [INFO]        300,000 / 2,000,000  ( 15.0%)     250 step/s  ETA 1:53:27
09:08:35 [INFO]        310,000 / 2,000,000  ( 15.5%)     249 step/s  ETA 1:53:11
09:09:18 [INFO]        320,000 / 2,000,000  ( 16.0%)     248 step/s  ETA 1:52:45
09:10:03 [INFO]        330,000 / 2,000,000  ( 16.5%)     247 step/s  ETA 1:52:30
09:10:48 [INFO]        340,000 / 2,000,000  ( 17.0%)     247 step/s  ETA 1:52:12
09:11:32 [INFO]        350,000 / 2,000,000  ( 17.5%)     246 step/s  ETA 1:51:50
09:12:17 [INFO]        360,000 / 2,000,000  ( 18.0%)     245 step/s  ETA 1:51:26
09:13:01 [INFO]        370,000 / 2,000,000  ( 18.5%)     245 step/s  ETA 1:51:02
09:13:46 [INFO]        380,000 / 2,000,000  ( 19.0%)     244 step/s  ETA 1:50:37
09:14:30 [INFO]        390,000 / 2,000,000  ( 19.5%)     244 step/s  ETA 1:50:09
09:15:14 [INFO]        400,000 / 2,000,000  ( 20.0%)     243 step/s  ETA 1:49:38
09:15:58 [INFO]        410,000 / 2,000,000  ( 20.5%)     243 step/s  ETA 1:49:08
09:16:41 [INFO]        420,000 / 2,000,000  ( 21.0%)     242 step/s  ETA 1:48:36
09:17:27 [INFO]        430,000 / 2,000,000  ( 21.5%)     242 step/s  ETA 1:48:11
09:18:14 [INFO]        440,000 / 2,000,000  ( 22.0%)     241 step/s  ETA 1:47:51
09:19:00 [INFO]        450,000 / 2,000,000  ( 22.5%)     241 step/s  ETA 1:47:23
09:19:45 [INFO]        460,000 / 2,000,000  ( 23.0%)     240 step/s  ETA 1:46:55
09:20:31 [INFO]        470,000 / 2,000,000  ( 23.5%)     240 step/s  ETA 1:46:25
09:21:15 [INFO]        480,000 / 2,000,000  ( 24.0%)     239 step/s  ETA 1:45:51
09:21:59 [INFO]        490,000 / 2,000,000  ( 24.5%)     239 step/s  ETA 1:45:18
09:22:44 [INFO]        500,000 / 2,000,000  ( 25.0%)     239 step/s  ETA 1:44:46
09:23:30 [INFO]        510,000 / 2,000,000  ( 25.5%)     238 step/s  ETA 1:44:14
09:24:18 [INFO]        520,000 / 2,000,000  ( 26.0%)     238 step/s  ETA 1:43:50
09:25:06 [INFO]        530,000 / 2,000,000  ( 26.5%)     237 step/s  ETA 1:43:23
09:25:52 [INFO]        540,000 / 2,000,000  ( 27.0%)     237 step/s  ETA 1:42:52
09:26:38 [INFO]        550,000 / 2,000,000  ( 27.5%)     236 step/s  ETA 1:42:20
09:27:24 [INFO]        560,000 / 2,000,000  ( 28.0%)     236 step/s  ETA 1:41:45
09:28:10 [INFO]        570,000 / 2,000,000  ( 28.5%)     235 step/s  ETA 1:41:13
09:28:56 [INFO]        580,000 / 2,000,000  ( 29.0%)     235 step/s  ETA 1:40:39
09:29:42 [INFO]        590,000 / 2,000,000  ( 29.5%)     235 step/s  ETA 1:40:05
09:30:29 [INFO]        600,000 / 2,000,000  ( 30.0%)     234 step/s  ETA 1:39:33
09:31:14 [INFO]        610,000 / 2,000,000  ( 30.5%)     234 step/s  ETA 1:38:56
09:31:59 [INFO]        620,000 / 2,000,000  ( 31.0%)     234 step/s  ETA 1:38:17
09:32:46 [INFO]        630,000 / 2,000,000  ( 31.5%)     234 step/s  ETA 1:37:44
09:33:34 [INFO]        640,000 / 2,000,000  ( 32.0%)     233 step/s  ETA 1:37:14
09:34:19 [INFO]        650,000 / 2,000,000  ( 32.5%)     233 step/s  ETA 1:36:34
09:35:08 [INFO]        660,000 / 2,000,000  ( 33.0%)     232 step/s  ETA 1:36:03
09:35:54 [INFO]        670,000 / 2,000,000  ( 33.5%)     232 step/s  ETA 1:35:27
09:36:42 [INFO]        680,000 / 2,000,000  ( 34.0%)     232 step/s  ETA 1:34:53
09:37:28 [INFO]        690,000 / 2,000,000  ( 34.5%)     232 step/s  ETA 1:34:16
09:38:14 [INFO]        700,000 / 2,000,000  ( 35.0%)     231 step/s  ETA 1:33:38
09:39:02 [INFO]        710,000 / 2,000,000  ( 35.5%)     231 step/s  ETA 1:33:03
09:39:48 [INFO]        720,000 / 2,000,000  ( 36.0%)     231 step/s  ETA 1:32:24
09:40:35 [INFO]        730,000 / 2,000,000  ( 36.5%)     231 step/s  ETA 1:31:47
09:41:19 [INFO]        740,000 / 2,000,000  ( 37.0%)     231 step/s  ETA 1:31:06
09:42:04 [INFO]        750,000 / 2,000,000  ( 37.5%)     230 step/s  ETA 1:30:25
09:42:49 [INFO]        760,000 / 2,000,000  ( 38.0%)     230 step/s  ETA 1:29:44
09:43:34 [INFO]        770,000 / 2,000,000  ( 38.5%)     230 step/s  ETA 1:29:03
09:44:18 [INFO]        780,000 / 2,000,000  ( 39.0%)     230 step/s  ETA 1:28:20
09:45:01 [INFO]        790,000 / 2,000,000  ( 39.5%)     230 step/s  ETA 1:27:36
09:45:46 [INFO]        800,000 / 2,000,000  ( 40.0%)     230 step/s  ETA 1:26:54
09:46:29 [INFO]        810,000 / 2,000,000  ( 40.5%)     230 step/s  ETA 1:26:11
09:47:13 [INFO]        820,000 / 2,000,000  ( 41.0%)     230 step/s  ETA 1:25:28
09:47:56 [INFO]        830,000 / 2,000,000  ( 41.5%)     230 step/s  ETA 1:24:44
09:48:40 [INFO]        840,000 / 2,000,000  ( 42.0%)     230 step/s  ETA 1:24:02
09:49:24 [INFO]        850,000 / 2,000,000  ( 42.5%)     230 step/s  ETA 1:23:18
09:50:06 [INFO]        860,000 / 2,000,000  ( 43.0%)     230 step/s  ETA 1:22:33
09:50:53 [INFO]        870,000 / 2,000,000  ( 43.5%)     230 step/s  ETA 1:21:55
09:51:40 [INFO]        880,000 / 2,000,000  ( 44.0%)     230 step/s  ETA 1:21:15
09:52:28 [INFO]        890,000 / 2,000,000  ( 44.5%)     229 step/s  ETA 1:20:37
09:53:13 [INFO]        900,000 / 2,000,000  ( 45.0%)     229 step/s  ETA 1:19:56
09:53:57 [INFO]        910,000 / 2,000,000  ( 45.5%)     229 step/s  ETA 1:19:12
09:54:39 [INFO]        920,000 / 2,000,000  ( 46.0%)     229 step/s  ETA 1:18:26
09:55:21 [INFO]        930,000 / 2,000,000  ( 46.5%)     230 step/s  ETA 1:17:41
09:56:05 [INFO]        940,000 / 2,000,000  ( 47.0%)     229 step/s  ETA 1:16:59
09:56:53 [INFO]        950,000 / 2,000,000  ( 47.5%)     229 step/s  ETA 1:16:20
09:57:40 [INFO]        960,000 / 2,000,000  ( 48.0%)     229 step/s  ETA 1:15:40
09:58:28 [INFO]        970,000 / 2,000,000  ( 48.5%)     229 step/s  ETA 1:15:01
09:59:13 [INFO]        980,000 / 2,000,000  ( 49.0%)     229 step/s  ETA 1:14:19
09:59:59 [INFO]        990,000 / 2,000,000  ( 49.5%)     229 step/s  ETA 1:13:37
10:00:42 [INFO]      1,000,000 / 2,000,000  ( 50.0%)     229 step/s  ETA 1:12:53
10:01:26 [INFO]      1,010,000 / 2,000,000  ( 50.5%)     229 step/s  ETA 1:12:09
10:02:08 [INFO]      1,020,000 / 2,000,000  ( 51.0%)     229 step/s  ETA 1:11:24
10:02:51 [INFO]      1,030,000 / 2,000,000  ( 51.5%)     229 step/s  ETA 1:10:40
10:03:35 [INFO]      1,040,000 / 2,000,000  ( 52.0%)     229 step/s  ETA 1:09:56
10:04:19 [INFO]      1,050,000 / 2,000,000  ( 52.5%)     229 step/s  ETA 1:09:12
10:05:03 [INFO]      1,060,000 / 2,000,000  ( 53.0%)     229 step/s  ETA 1:08:29
10:05:47 [INFO]      1,070,000 / 2,000,000  ( 53.5%)     229 step/s  ETA 1:07:46
10:06:33 [INFO]      1,080,000 / 2,000,000  ( 54.0%)     229 step/s  ETA 1:07:04
10:07:17 [INFO]      1,090,000 / 2,000,000  ( 54.5%)     229 step/s  ETA 1:06:21
10:08:02 [INFO]      1,100,000 / 2,000,000  ( 55.0%)     229 step/s  ETA 1:05:37
10:08:49 [INFO]      1,110,000 / 2,000,000  ( 55.5%)     228 step/s  ETA 1:04:57
10:09:35 [INFO]      1,120,000 / 2,000,000  ( 56.0%)     228 step/s  ETA 1:04:14
10:10:18 [INFO]      1,130,000 / 2,000,000  ( 56.5%)     228 step/s  ETA 1:03:29
10:11:01 [INFO]      1,140,000 / 2,000,000  ( 57.0%)     228 step/s  ETA 1:02:45
10:11:44 [INFO]      1,150,000 / 2,000,000  ( 57.5%)     228 step/s  ETA 1:02:01
10:12:27 [INFO]      1,160,000 / 2,000,000  ( 58.0%)     228 step/s  ETA 1:01:17
10:13:12 [INFO]      1,170,000 / 2,000,000  ( 58.5%)     228 step/s  ETA 1:00:34
10:13:58 [INFO]      1,180,000 / 2,000,000  ( 59.0%)     228 step/s  ETA 0:59:52
10:14:43 [INFO]      1,190,000 / 2,000,000  ( 59.5%)     228 step/s  ETA 0:59:09
10:15:28 [INFO]      1,200,000 / 2,000,000  ( 60.0%)     228 step/s  ETA 0:58:26
10:16:14 [INFO]      1,210,000 / 2,000,000  ( 60.5%)     228 step/s  ETA 0:57:43
10:16:59 [INFO]      1,220,000 / 2,000,000  ( 61.0%)     228 step/s  ETA 0:57:00
10:17:43 [INFO]      1,230,000 / 2,000,000  ( 61.5%)     228 step/s  ETA 0:56:16
10:18:28 [INFO]      1,240,000 / 2,000,000  ( 62.0%)     228 step/s  ETA 0:55:33
10:19:14 [INFO]      1,250,000 / 2,000,000  ( 62.5%)     228 step/s  ETA 0:54:50
10:19:58 [INFO]      1,260,000 / 2,000,000  ( 63.0%)     228 step/s  ETA 0:54:07
10:20:43 [INFO]      1,270,000 / 2,000,000  ( 63.5%)     228 step/s  ETA 0:53:24
10:21:28 [INFO]      1,280,000 / 2,000,000  ( 64.0%)     228 step/s  ETA 0:52:40
10:22:11 [INFO]      1,290,000 / 2,000,000  ( 64.5%)     228 step/s  ETA 0:51:56
10:22:56 [INFO]      1,300,000 / 2,000,000  ( 65.0%)     228 step/s  ETA 0:51:13
10:23:44 [INFO]      1,310,000 / 2,000,000  ( 65.5%)     228 step/s  ETA 0:50:31
10:24:32 [INFO]      1,320,000 / 2,000,000  ( 66.0%)     227 step/s  ETA 0:49:49
10:25:18 [INFO]      1,330,000 / 2,000,000  ( 66.5%)     227 step/s  ETA 0:49:06
10:26:03 [INFO]      1,340,000 / 2,000,000  ( 67.0%)     227 step/s  ETA 0:48:23
10:26:51 [INFO]      1,350,000 / 2,000,000  ( 67.5%)     227 step/s  ETA 0:47:40
10:27:36 [INFO]      1,360,000 / 2,000,000  ( 68.0%)     227 step/s  ETA 0:46:57
10:28:24 [INFO]      1,370,000 / 2,000,000  ( 68.5%)     227 step/s  ETA 0:46:15
10:29:11 [INFO]      1,380,000 / 2,000,000  ( 69.0%)     227 step/s  ETA 0:45:32
10:29:59 [INFO]      1,390,000 / 2,000,000  ( 69.5%)     227 step/s  ETA 0:44:50
10:30:43 [INFO]      1,400,000 / 2,000,000  ( 70.0%)     227 step/s  ETA 0:44:06
10:31:27 [INFO]      1,410,000 / 2,000,000  ( 70.5%)     227 step/s  ETA 0:43:21
10:32:11 [INFO]      1,420,000 / 2,000,000  ( 71.0%)     227 step/s  ETA 0:42:37
10:32:56 [INFO]      1,430,000 / 2,000,000  ( 71.5%)     227 step/s  ETA 0:41:54
10:33:42 [INFO]      1,440,000 / 2,000,000  ( 72.0%)     227 step/s  ETA 0:41:10
10:34:27 [INFO]      1,450,000 / 2,000,000  ( 72.5%)     227 step/s  ETA 0:40:26
10:35:11 [INFO]      1,460,000 / 2,000,000  ( 73.0%)     227 step/s  ETA 0:39:42
10:35:56 [INFO]      1,470,000 / 2,000,000  ( 73.5%)     227 step/s  ETA 0:38:58
10:36:43 [INFO]      1,480,000 / 2,000,000  ( 74.0%)     227 step/s  ETA 0:38:15
10:37:30 [INFO]      1,490,000 / 2,000,000  ( 74.5%)     226 step/s  ETA 0:37:32
10:38:15 [INFO]      1,500,000 / 2,000,000  ( 75.0%)     226 step/s  ETA 0:36:48
10:38:59 [INFO]      1,510,000 / 2,000,000  ( 75.5%)     226 step/s  ETA 0:36:04
10:39:43 [INFO]      1,520,000 / 2,000,000  ( 76.0%)     226 step/s  ETA 0:35:20
10:40:29 [INFO]      1,530,000 / 2,000,000  ( 76.5%)     226 step/s  ETA 0:34:36
10:41:14 [INFO]      1,540,000 / 2,000,000  ( 77.0%)     226 step/s  ETA 0:33:52
10:41:59 [INFO]      1,550,000 / 2,000,000  ( 77.5%)     226 step/s  ETA 0:33:08
10:42:43 [INFO]      1,560,000 / 2,000,000  ( 78.0%)     226 step/s  ETA 0:32:24
10:43:27 [INFO]      1,570,000 / 2,000,000  ( 78.5%)     226 step/s  ETA 0:31:40
10:44:17 [INFO]      1,580,000 / 2,000,000  ( 79.0%)     226 step/s  ETA 0:30:57
10:45:07 [INFO]      1,590,000 / 2,000,000  ( 79.5%)     226 step/s  ETA 0:30:14
10:45:50 [INFO]      1,600,000 / 2,000,000  ( 80.0%)     226 step/s  ETA 0:29:30
10:46:35 [INFO]      1,610,000 / 2,000,000  ( 80.5%)     226 step/s  ETA 0:28:46
10:47:21 [INFO]      1,620,000 / 2,000,000  ( 81.0%)     226 step/s  ETA 0:28:02
10:48:06 [INFO]      1,630,000 / 2,000,000  ( 81.5%)     226 step/s  ETA 0:27:18
10:48:50 [INFO]      1,640,000 / 2,000,000  ( 82.0%)     226 step/s  ETA 0:26:33
10:49:38 [INFO]      1,650,000 / 2,000,000  ( 82.5%)     226 step/s  ETA 0:25:50
10:50:23 [INFO]      1,660,000 / 2,000,000  ( 83.0%)     226 step/s  ETA 0:25:06
10:51:06 [INFO]      1,670,000 / 2,000,000  ( 83.5%)     226 step/s  ETA 0:24:21
10:51:51 [INFO]      1,680,000 / 2,000,000  ( 84.0%)     226 step/s  ETA 0:23:37
10:52:36 [INFO]      1,690,000 / 2,000,000  ( 84.5%)     226 step/s  ETA 0:22:53
10:53:21 [INFO]      1,700,000 / 2,000,000  ( 85.0%)     226 step/s  ETA 0:22:09
10:54:06 [INFO]      1,710,000 / 2,000,000  ( 85.5%)     226 step/s  ETA 0:21:25
10:54:50 [INFO]      1,720,000 / 2,000,000  ( 86.0%)     226 step/s  ETA 0:20:40
10:55:34 [INFO]      1,730,000 / 2,000,000  ( 86.5%)     226 step/s  ETA 0:19:56
10:56:18 [INFO]      1,740,000 / 2,000,000  ( 87.0%)     226 step/s  ETA 0:19:11
10:57:03 [INFO]      1,750,000 / 2,000,000  ( 87.5%)     226 step/s  ETA 0:18:27
10:57:47 [INFO]      1,760,000 / 2,000,000  ( 88.0%)     226 step/s  ETA 0:17:43
10:58:31 [INFO]      1,770,000 / 2,000,000  ( 88.5%)     226 step/s  ETA 0:16:58
10:59:14 [INFO]      1,780,000 / 2,000,000  ( 89.0%)     226 step/s  ETA 0:16:14
10:59:59 [INFO]      1,790,000 / 2,000,000  ( 89.5%)     226 step/s  ETA 0:15:30
11:00:44 [INFO]      1,800,000 / 2,000,000  ( 90.0%)     226 step/s  ETA 0:14:46
11:01:30 [INFO]      1,810,000 / 2,000,000  ( 90.5%)     226 step/s  ETA 0:14:01
11:02:14 [INFO]      1,820,000 / 2,000,000  ( 91.0%)     226 step/s  ETA 0:13:17
11:03:00 [INFO]      1,830,000 / 2,000,000  ( 91.5%)     226 step/s  ETA 0:12:33
11:03:44 [INFO]      1,840,000 / 2,000,000  ( 92.0%)     226 step/s  ETA 0:11:49
11:04:27 [INFO]      1,850,000 / 2,000,000  ( 92.5%)     226 step/s  ETA 0:11:04
11:05:10 [INFO]      1,860,000 / 2,000,000  ( 93.0%)     226 step/s  ETA 0:10:20
11:05:53 [INFO]      1,870,000 / 2,000,000  ( 93.5%)     226 step/s  ETA 0:09:35
11:06:37 [INFO]      1,880,000 / 2,000,000  ( 94.0%)     226 step/s  ETA 0:08:51
11:07:21 [INFO]      1,890,000 / 2,000,000  ( 94.5%)     226 step/s  ETA 0:08:07
11:08:07 [INFO]      1,900,000 / 2,000,000  ( 95.0%)     226 step/s  ETA 0:07:23
11:08:53 [INFO]      1,910,000 / 2,000,000  ( 95.5%)     226 step/s  ETA 0:06:38
11:09:39 [INFO]      1,920,000 / 2,000,000  ( 96.0%)     226 step/s  ETA 0:05:54
11:10:25 [INFO]      1,930,000 / 2,000,000  ( 96.5%)     226 step/s  ETA 0:05:10
11:11:10 [INFO]      1,940,000 / 2,000,000  ( 97.0%)     226 step/s  ETA 0:04:26
11:11:56 [INFO]      1,950,000 / 2,000,000  ( 97.5%)     226 step/s  ETA 0:03:41
11:12:40 [INFO]      1,960,000 / 2,000,000  ( 98.0%)     226 step/s  ETA 0:02:57
11:13:25 [INFO]      1,970,000 / 2,000,000  ( 98.5%)     225 step/s  ETA 0:02:13
11:14:08 [INFO]      1,980,000 / 2,000,000  ( 99.0%)     226 step/s  ETA 0:01:28
11:14:54 [INFO]      1,990,000 / 2,000,000  ( 99.5%)     226 step/s  ETA 0:00:44
11:15:37 [INFO]      2,000,000 / 2,000,000  (100.0%)     226 step/s  ETA 0:00:00
11:15:41 [INFO] --> XONG  (2:27:52, 2,000,000 steps, log: ctr_dqn_v1.log)

11:15:41 [INFO] ======================================================================
11:15:41 [INFO] [2/11]  ctf_ppo   PPO @ capture
11:15:41 [INFO]         run-id  : ctf_ppo_v1
11:15:41 [INFO]         config  : ctf_ppo.yaml
11:15:41 [INFO]         steps   : 1,700,000
11:15:41 [INFO] ======================================================================
11:15:41 [INFO] cmd: C:\Users\Admin\miniconda3\envs\mlagents\Scripts\mlagents-learn.exe C:\Users\Admin\Documents\GitHub\GraduationProject\GraduationProject\training_logs\_config_override\ctf_ppo_v1_1700000.yaml --run-id ctf_ppo_v1 --results-dir C:\Users\Admin\Documents\GitHub\GraduationProject\GraduationProject\results --force --env C:\Users\Admin\Documents\GitHub\GraduationProject\GraduationProject\Builds\CaptureTheFlag\CaptureTheFlag.exe --no-graphics --time-scale 20.0
11:15:53 [WARN]     C:\Users\Admin\miniconda3\envs\mlagents\lib\site-packages\torch\utils\_device.py:77: UserWarning: The use of `x.T` on tensors of dimension other than 2 to reverse their shape is deprecated and it will throw an error in a future release. Consider `x.mT` to transpose batches of matrices or `x.permute(*torch.arange(x.ndim - 1, -1, -1))` to reverse the dimensions of a tensor. (Triggered internally at ..\aten\src\ATen\native\TensorShape.cpp:3641.)
11:16:10 [INFO]         20,000 / 1,700,000  (  1.2%)     692 step/s  ETA 0:40:27
11:16:44 [INFO]         40,000 / 1,700,000  (  2.4%)     638 step/s  ETA 0:43:22
11:17:17 [INFO]         60,000 / 1,700,000  (  3.5%)     629 step/s  ETA 0:43:27
11:17:49 [INFO]         80,000 / 1,700,000  (  4.7%)     629 step/s  ETA 0:42:57
11:18:21 [INFO]        100,000 / 1,700,000  (  5.9%)     626 step/s  ETA 0:42:36
11:18:55 [INFO]        120,000 / 1,700,000  (  7.1%)     619 step/s  ETA 0:42:34
11:19:29 [INFO]        140,000 / 1,700,000  (  8.2%)     615 step/s  ETA 0:42:14
11:20:02 [INFO]        160,000 / 1,700,000  (  9.4%)     613 step/s  ETA 0:41:54
11:20:36 [INFO]        180,000 / 1,700,000  ( 10.6%)     610 step/s  ETA 0:41:30
11:21:11 [INFO]        200,000 / 1,700,000  ( 11.8%)     607 step/s  ETA 0:41:11
11:21:45 [INFO]        220,000 / 1,700,000  ( 12.9%)     605 step/s  ETA 0:40:48
11:22:18 [INFO]        240,000 / 1,700,000  ( 14.1%)     604 step/s  ETA 0:40:15
11:22:53 [INFO]        260,000 / 1,700,000  ( 15.3%)     602 step/s  ETA 0:39:51
11:23:27 [INFO]        280,000 / 1,700,000  ( 16.5%)     601 step/s  ETA 0:39:23
11:24:01 [INFO]        300,000 / 1,700,000  ( 17.6%)     601 step/s  ETA 0:38:50
11:24:35 [INFO]        320,000 / 1,700,000  ( 18.8%)     599 step/s  ETA 0:38:22
11:25:09 [INFO]        340,000 / 1,700,000  ( 20.0%)     599 step/s  ETA 0:37:49
11:25:44 [INFO]        360,000 / 1,700,000  ( 21.2%)     598 step/s  ETA 0:37:22
11:26:20 [INFO]        380,000 / 1,700,000  ( 22.4%)     595 step/s  ETA 0:36:57
11:26:53 [INFO]        400,000 / 1,700,000  ( 23.5%)     596 step/s  ETA 0:36:21
11:27:15 [INFO]        420,000 / 1,700,000  ( 24.7%)     606 step/s  ETA 0:35:13
11:27:49 [INFO]        440,000 / 1,700,000  ( 25.9%)     604 step/s  ETA 0:34:44
11:28:25 [INFO]        460,000 / 1,700,000  ( 27.1%)     602 step/s  ETA 0:34:19
11:28:59 [INFO]        480,000 / 1,700,000  ( 28.2%)     601 step/s  ETA 0:33:48
11:29:33 [INFO]        500,000 / 1,700,000  ( 29.4%)     601 step/s  ETA 0:33:17
11:30:10 [INFO]        520,000 / 1,700,000  ( 30.6%)     599 step/s  ETA 0:32:50
11:30:44 [INFO]        540,000 / 1,700,000  ( 31.8%)     598 step/s  ETA 0:32:20
11:31:20 [INFO]        560,000 / 1,700,000  ( 32.9%)     597 step/s  ETA 0:31:50
11:31:56 [INFO]        580,000 / 1,700,000  ( 34.1%)     595 step/s  ETA 0:31:23
11:32:32 [INFO]        600,000 / 1,700,000  ( 35.3%)     594 step/s  ETA 0:30:52
11:33:08 [INFO]        620,000 / 1,700,000  ( 36.5%)     592 step/s  ETA 0:30:23
11:33:44 [INFO]        640,000 / 1,700,000  ( 37.6%)     591 step/s  ETA 0:29:53
11:34:19 [INFO]        660,000 / 1,700,000  ( 38.8%)     590 step/s  ETA 0:29:21
11:34:55 [INFO]        680,000 / 1,700,000  ( 40.0%)     589 step/s  ETA 0:28:50
11:35:31 [INFO]        700,000 / 1,700,000  ( 41.2%)     588 step/s  ETA 0:28:20
11:36:07 [INFO]        720,000 / 1,700,000  ( 42.4%)     587 step/s  ETA 0:27:48
11:36:42 [INFO]        740,000 / 1,700,000  ( 43.5%)     587 step/s  ETA 0:27:15
11:37:18 [INFO]        760,000 / 1,700,000  ( 44.7%)     586 step/s  ETA 0:26:43
11:37:53 [INFO]        780,000 / 1,700,000  ( 45.9%)     586 step/s  ETA 0:26:10
11:38:27 [INFO]        800,000 / 1,700,000  ( 47.1%)     586 step/s  ETA 0:25:36
11:39:03 [INFO]        820,000 / 1,700,000  ( 48.2%)     585 step/s  ETA 0:25:03
11:39:38 [INFO]        840,000 / 1,700,000  ( 49.4%)     585 step/s  ETA 0:24:30
11:40:14 [INFO]        860,000 / 1,700,000  ( 50.6%)     584 step/s  ETA 0:23:58
11:40:50 [INFO]        880,000 / 1,700,000  ( 51.8%)     583 step/s  ETA 0:23:26
11:41:26 [INFO]        900,000 / 1,700,000  ( 52.9%)     583 step/s  ETA 0:22:53
11:42:02 [INFO]        920,000 / 1,700,000  ( 54.1%)     582 step/s  ETA 0:22:19
11:42:37 [INFO]        940,000 / 1,700,000  ( 55.3%)     582 step/s  ETA 0:21:46
11:43:13 [INFO]        960,000 / 1,700,000  ( 56.5%)     581 step/s  ETA 0:21:13
11:43:50 [INFO]        980,000 / 1,700,000  ( 57.6%)     580 step/s  ETA 0:20:40
11:44:26 [INFO]      1,000,000 / 1,700,000  ( 58.8%)     580 step/s  ETA 0:20:07
11:45:06 [INFO]      1,020,000 / 1,700,000  ( 60.0%)     578 step/s  ETA 0:19:36
11:45:44 [INFO]      1,040,000 / 1,700,000  ( 61.2%)     577 step/s  ETA 0:19:03
11:46:20 [INFO]      1,060,000 / 1,700,000  ( 62.4%)     576 step/s  ETA 0:18:30
11:46:57 [INFO]      1,080,000 / 1,700,000  ( 63.5%)     576 step/s  ETA 0:17:57
11:47:33 [INFO]      1,100,000 / 1,700,000  ( 64.7%)     575 step/s  ETA 0:17:22
11:47:57 [INFO]      1,120,000 / 1,700,000  ( 65.9%)     579 step/s  ETA 0:16:42
11:48:33 [INFO]      1,140,000 / 1,700,000  ( 67.1%)     578 step/s  ETA 0:16:08
11:49:10 [INFO]      1,160,000 / 1,700,000  ( 68.2%)     578 step/s  ETA 0:15:34
11:49:46 [INFO]      1,180,000 / 1,700,000  ( 69.4%)     577 step/s  ETA 0:15:01
11:50:24 [INFO]      1,200,000 / 1,700,000  ( 70.6%)     576 step/s  ETA 0:14:27
11:51:00 [INFO]      1,220,000 / 1,700,000  ( 71.8%)     576 step/s  ETA 0:13:53
11:51:36 [INFO]      1,240,000 / 1,700,000  ( 72.9%)     576 step/s  ETA 0:13:19
11:52:11 [INFO]      1,260,000 / 1,700,000  ( 74.1%)     575 step/s  ETA 0:12:44
11:52:48 [INFO]      1,280,000 / 1,700,000  ( 75.3%)     575 step/s  ETA 0:12:10
11:53:26 [INFO]      1,300,000 / 1,700,000  ( 76.5%)     574 step/s  ETA 0:11:36
11:54:03 [INFO]      1,320,000 / 1,700,000  ( 77.6%)     574 step/s  ETA 0:11:02
11:54:42 [INFO]      1,340,000 / 1,700,000  ( 78.8%)     573 step/s  ETA 0:10:28
11:55:18 [INFO]      1,360,000 / 1,700,000  ( 80.0%)     572 step/s  ETA 0:09:54
11:55:54 [INFO]      1,380,000 / 1,700,000  ( 81.2%)     572 step/s  ETA 0:09:19
11:56:31 [INFO]      1,400,000 / 1,700,000  ( 82.4%)     571 step/s  ETA 0:08:44
11:57:08 [INFO]      1,420,000 / 1,700,000  ( 83.5%)     571 step/s  ETA 0:08:10
11:57:45 [INFO]      1,440,000 / 1,700,000  ( 84.7%)     571 step/s  ETA 0:07:35
11:58:23 [INFO]      1,460,000 / 1,700,000  ( 85.9%)     570 step/s  ETA 0:07:01
11:58:59 [INFO]      1,480,000 / 1,700,000  ( 87.1%)     570 step/s  ETA 0:06:26
11:59:39 [INFO]      1,500,000 / 1,700,000  ( 88.2%)     569 step/s  ETA 0:05:51
12:00:18 [INFO]      1,520,000 / 1,700,000  ( 89.4%)     568 step/s  ETA 0:05:16
12:00:54 [INFO]      1,540,000 / 1,700,000  ( 90.6%)     568 step/s  ETA 0:04:41
12:01:30 [INFO]      1,560,000 / 1,700,000  ( 91.8%)     567 step/s  ETA 0:04:06
12:02:06 [INFO]      1,580,000 / 1,700,000  ( 92.9%)     567 step/s  ETA 0:03:31
12:02:42 [INFO]      1,600,000 / 1,700,000  ( 94.1%)     567 step/s  ETA 0:02:56
12:03:19 [INFO]      1,620,000 / 1,700,000  ( 95.3%)     567 step/s  ETA 0:02:21
12:03:56 [INFO]      1,640,000 / 1,700,000  ( 96.5%)     566 step/s  ETA 0:01:45
12:04:34 [INFO]      1,660,000 / 1,700,000  ( 97.6%)     566 step/s  ETA 0:01:10
12:05:10 [INFO]      1,680,000 / 1,700,000  ( 98.8%)     566 step/s  ETA 0:00:35
12:05:47 [INFO]      1,700,000 / 1,700,000  (100.0%)     566 step/s  ETA 0:00:00
12:05:53 [INFO] --> XONG  (0:50:11, 1,700,000 steps, log: ctf_ppo_v1.log)

12:05:53 [INFO] ======================================================================
12:05:53 [INFO] [3/11]  ctf_sac   SAC @ capture
12:05:53 [INFO]         run-id  : ctf_sac_v1
12:05:53 [INFO]         config  : ctf_sac.yaml
12:05:53 [INFO]         steps   : 1,700,000
12:05:53 [INFO] ======================================================================
12:05:53 [INFO] cmd: C:\Users\Admin\miniconda3\envs\mlagents\Scripts\mlagents-learn.exe C:\Users\Admin\Documents\GitHub\GraduationProject\GraduationProject\training_logs\_config_override\ctf_sac_v1_1700000.yaml --run-id ctf_sac_v1 --results-dir C:\Users\Admin\Documents\GitHub\GraduationProject\GraduationProject\results --force --env C:\Users\Admin\Documents\GitHub\GraduationProject\GraduationProject\Builds\CaptureTheFlag\CaptureTheFlag.exe --no-graphics --time-scale 20.0
12:06:00 [WARN]     C:\Users\Admin\miniconda3\envs\mlagents\lib\site-packages\torch\utils\_device.py:77: UserWarning: The use of `x.T` on tensors of dimension other than 2 to reverse their shape is deprecated and it will throw an error in a future release. Consider `x.mT` to transpose batches of matrices or `x.permute(*torch.arange(x.ndim - 1, -1, -1))` to reverse the dimensions of a tensor. (Triggered internally at ..\aten\src\ATen\native\TensorShape.cpp:3641.)
12:09:38 [INFO]         20,000 / 1,700,000  (  1.2%)      89 step/s  ETA 5:14:44
12:14:01 [INFO]         40,000 / 1,700,000  (  2.4%)      82 step/s  ETA 5:37:23
12:18:25 [INFO]         60,000 / 1,700,000  (  3.5%)      80 step/s  ETA 5:42:28
12:22:53 [INFO]         80,000 / 1,700,000  (  4.7%)      78 step/s  ETA 5:44:23
12:27:01 [INFO]        100,000 / 1,700,000  (  5.9%)      79 step/s  ETA 5:38:15
12:31:34 [INFO]        120,000 / 1,700,000  (  7.1%)      78 step/s  ETA 5:38:06
12:36:19 [INFO]        140,000 / 1,700,000  (  8.2%)      77 step/s  ETA 5:39:07
12:40:50 [INFO]        160,000 / 1,700,000  (  9.4%)      76 step/s  ETA 5:36:25
12:44:49 [INFO]        180,000 / 1,700,000  ( 10.6%)      77 step/s  ETA 5:28:46
12:49:11 [INFO]        200,000 / 1,700,000  ( 11.8%)      77 step/s  ETA 5:24:48
12:53:48 [INFO]        220,000 / 1,700,000  ( 12.9%)      77 step/s  ETA 5:22:19
12:58:23 [INFO]        240,000 / 1,700,000  ( 14.1%)      76 step/s  ETA 5:19:25
13:02:51 [INFO]        260,000 / 1,700,000  ( 15.3%)      76 step/s  ETA 5:15:33
13:07:11 [INFO]        280,000 / 1,700,000  ( 16.5%)      76 step/s  ETA 5:10:53
13:11:32 [INFO]        300,000 / 1,700,000  ( 17.6%)      76 step/s  ETA 5:06:21
13:15:50 [INFO]        320,000 / 1,700,000  ( 18.8%)      76 step/s  ETA 5:01:41
13:19:46 [INFO]        340,000 / 1,700,000  ( 20.0%)      77 step/s  ETA 4:55:33
13:24:08 [INFO]        360,000 / 1,700,000  ( 21.2%)      77 step/s  ETA 4:51:18
13:28:30 [INFO]        380,000 / 1,700,000  ( 22.4%)      77 step/s  ETA 4:47:00
13:32:49 [INFO]        400,000 / 1,700,000  ( 23.5%)      77 step/s  ETA 4:42:33
13:36:46 [INFO]        420,000 / 1,700,000  ( 24.7%)      77 step/s  ETA 4:36:59
13:41:06 [INFO]        440,000 / 1,700,000  ( 25.9%)      77 step/s  ETA 4:32:39
13:45:44 [INFO]        460,000 / 1,700,000  ( 27.1%)      77 step/s  ETA 4:29:10
13:50:17 [INFO]        480,000 / 1,700,000  ( 28.2%)      77 step/s  ETA 4:25:22
13:54:52 [INFO]        500,000 / 1,700,000  ( 29.4%)      76 step/s  ETA 4:21:34
13:59:37 [INFO]        520,000 / 1,700,000  ( 30.6%)      76 step/s  ETA 4:18:04
14:04:30 [INFO]        540,000 / 1,700,000  ( 31.8%)      76 step/s  ETA 4:14:47
14:09:45 [INFO]        560,000 / 1,700,000  ( 32.9%)      75 step/s  ETA 4:12:10
14:13:56 [INFO]        580,000 / 1,700,000  ( 34.1%)      75 step/s  ETA 4:07:16
14:18:29 [INFO]        600,000 / 1,700,000  ( 35.3%)      75 step/s  ETA 4:03:06
14:23:02 [INFO]        620,000 / 1,700,000  ( 36.5%)      75 step/s  ETA 3:58:54
14:27:36 [INFO]        640,000 / 1,700,000  ( 37.6%)      75 step/s  ETA 3:54:43
14:31:47 [INFO]        660,000 / 1,700,000  ( 38.8%)      75 step/s  ETA 3:49:54
14:36:45 [INFO]        680,000 / 1,700,000  ( 40.0%)      75 step/s  ETA 3:46:17
14:41:24 [INFO]        700,000 / 1,700,000  ( 41.2%)      75 step/s  ETA 3:42:10
14:46:14 [INFO]        720,000 / 1,700,000  ( 42.4%)      75 step/s  ETA 3:38:15
14:50:28 [INFO]        740,000 / 1,700,000  ( 43.5%)      75 step/s  ETA 3:33:30
14:55:12 [INFO]        760,000 / 1,700,000  ( 44.7%)      75 step/s  ETA 3:29:24
15:00:12 [INFO]        780,000 / 1,700,000  ( 45.9%)      75 step/s  ETA 3:25:36
15:04:59 [INFO]        800,000 / 1,700,000  ( 47.1%)      74 step/s  ETA 3:21:29
15:09:09 [INFO]        820,000 / 1,700,000  ( 48.2%)      75 step/s  ETA 3:16:40
15:13:45 [INFO]        840,000 / 1,700,000  ( 49.4%)      75 step/s  ETA 3:12:20
15:18:17 [INFO]        860,000 / 1,700,000  ( 50.6%)      74 step/s  ETA 3:07:55
15:22:56 [INFO]        880,000 / 1,700,000  ( 51.8%)      74 step/s  ETA 3:03:37
15:27:14 [INFO]        900,000 / 1,700,000  ( 52.9%)      74 step/s  ETA 2:58:58
15:31:45 [INFO]        920,000 / 1,700,000  ( 54.1%)      74 step/s  ETA 2:54:32
15:36:28 [INFO]        940,000 / 1,700,000  ( 55.3%)      74 step/s  ETA 2:50:15
15:41:09 [INFO]        960,000 / 1,700,000  ( 56.5%)      74 step/s  ETA 2:45:56
15:45:24 [INFO]        980,000 / 1,700,000  ( 57.6%)      74 step/s  ETA 2:41:16
15:50:06 [INFO]      1,000,000 / 1,700,000  ( 58.8%)      74 step/s  ETA 2:36:57
15:55:06 [INFO]      1,020,000 / 1,700,000  ( 60.0%)      74 step/s  ETA 2:32:48
16:00:17 [INFO]      1,040,000 / 1,700,000  ( 61.2%)      74 step/s  ETA 2:28:45
16:05:21 [INFO]      1,060,000 / 1,700,000  ( 62.4%)      74 step/s  ETA 2:24:34
16:09:48 [INFO]      1,080,000 / 1,700,000  ( 63.5%)      74 step/s  ETA 2:20:01
16:14:23 [INFO]      1,100,000 / 1,700,000  ( 64.7%)      74 step/s  ETA 2:15:32
16:18:54 [INFO]      1,120,000 / 1,700,000  ( 65.9%)      74 step/s  ETA 2:11:01
16:23:11 [INFO]      1,140,000 / 1,700,000  ( 67.1%)      74 step/s  ETA 2:06:23
16:27:56 [INFO]      1,160,000 / 1,700,000  ( 68.2%)      74 step/s  ETA 2:01:59
16:32:52 [INFO]      1,180,000 / 1,700,000  ( 69.4%)      74 step/s  ETA 1:57:39
16:38:06 [INFO]      1,200,000 / 1,700,000  ( 70.6%)      73 step/s  ETA 1:53:25
16:42:41 [INFO]      1,220,000 / 1,700,000  ( 71.8%)      73 step/s  ETA 1:48:54
16:47:35 [INFO]      1,240,000 / 1,700,000  ( 72.9%)      73 step/s  ETA 1:44:30
16:52:25 [INFO]      1,260,000 / 1,700,000  ( 74.1%)      73 step/s  ETA 1:40:03
16:57:19 [INFO]      1,280,000 / 1,700,000  ( 75.3%)      73 step/s  ETA 1:35:37
17:01:41 [INFO]      1,300,000 / 1,700,000  ( 76.5%)      73 step/s  ETA 1:31:01
17:06:16 [INFO]      1,320,000 / 1,700,000  ( 77.6%)      73 step/s  ETA 1:26:28
17:11:10 [INFO]      1,340,000 / 1,700,000  ( 78.8%)      73 step/s  ETA 1:22:01
17:15:36 [INFO]      1,360,000 / 1,700,000  ( 80.0%)      73 step/s  ETA 1:17:25
17:19:45 [INFO]      1,380,000 / 1,700,000  ( 81.2%)      73 step/s  ETA 1:12:46
17:25:15 [INFO]      1,400,000 / 1,700,000  ( 82.4%)      73 step/s  ETA 1:08:26
17:30:14 [INFO]      1,420,000 / 1,700,000  ( 83.5%)      73 step/s  ETA 1:03:57
