16:11:43 [INFO] ──────────────────────────────────────────────────────────────────────
16:11:43 [INFO] KIEM TRA TRUOC KHI CHAY
16:11:43 [INFO] ──────────────────────────────────────────────────────────────────────
16:11:43 [INFO] mlagents-learn : C:\Users\Admin\miniconda3\envs\mlagents\Scripts\mlagents-learn.exe
16:11:43 [INFO] trainer plugins: default,a2c,dqn,mappo
16:11:43 [WARN] [ctf_sac] CANH BAO: Chay lai sau khi them curriculum handoff_required vao ctf_sac.yaml (lan v1 thieu, nen hoc thang bai kho va ket o reward 0,183).
16:11:43 [WARN] [fb_dqn] CANH BAO: Chay lai CO self-play (da sua get_policy trong plugin DQN) va voi exploration_decay_steps 2M -> 400K. Lan v1 khong co ELO va ket thuc o epsilon 0,621. | CAN BUILD RIENG 'FootballDiscrete'. Football dang la continuous(8) nhung DQN chi chay duoc action roi rac, nen phai co mot ban scene voi Behavior Parameters doi sang 8 nhanh x 3 muc. Khong dung chung build 'Football' voi PPO/SAC/POCA/MAPPO duoc.
16:11:43 [WARN] [ctr_dqn] CANH BAO: Chay lai voi exploration_final_eps 0,05 -> 0,01 va decay 500K -> 1M. Lan v1 dat 0,336 va khong hoi tu.
16:11:43 [WARN] [ctf_dqn] CANH BAO: Chay lai sau khi them curriculum handoff_required va ha exploration_final_eps ve 0,01. Lan v1 dat 0,800 nhung o dieu kien khac ba thuat toan kia nen khong dem so sanh duoc.
16:11:43 [WARN] --force: se GHI DE 4 thu muc run-id da co (ctf_sac_v2, football_dqn_v2, ctr_dqn_v2, ctf_dqn_v2)
16:11:43 [INFO] Ket qua kiem tra: OK
16:11:43 [INFO] ──────────────────────────────────────────────────────────────────────
16:11:43 [INFO] Se chay 4 job, tong 7,000,000 buoc (ngan sach: full)
16:11:43 [INFO] Che do: build | num-envs 1 | time-scale 20.0

16:11:43 [INFO] ======================================================================
16:11:43 [INFO] [1/4]  ctf_sac   SAC @ capture
16:11:43 [INFO]         run-id  : ctf_sac_v2
16:11:43 [INFO]         config  : ctf_sac.yaml
16:11:43 [INFO]         steps   : 1,700,000
16:11:43 [INFO] ======================================================================
16:11:43 [INFO] cmd: C:\Users\Admin\miniconda3\envs\mlagents\Scripts\mlagents-learn.exe C:\Users\Admin\Documents\GitHub\GraduationProject\GraduationProject\training_logs\_config_override\ctf_sac_v2_1700000.yaml --run-id ctf_sac_v2 --results-dir C:\Users\Admin\Documents\GitHub\GraduationProject\GraduationProject\results --force --env C:\Users\Admin\Documents\GitHub\GraduationProject\GraduationProject\Builds\CaptureTheFlag\CaptureTheFlag.exe --no-graphics --time-scale 20.0
16:11:50 [WARN]     C:\Users\Admin\miniconda3\envs\mlagents\lib\site-packages\torch\utils\_device.py:77: UserWarning: The use of `x.T` on tensors of dimension other than 2 to reverse their shape is deprecated and it will throw an error in a future release. Consider `x.mT` to transpose batches of matrices or `x.permute(*torch.arange(x.ndim - 1, -1, -1))` to reverse the dimensions of a tensor. (Triggered internally at ..\aten\src\ATen\native\TensorShape.cpp:3641.)
16:15:04 [INFO]         20,000 / 1,700,000  (  1.2%)       0 step/s  ETA 0:00:00
16:19:14 [INFO]         40,000 / 1,700,000  (  2.4%)      44 step/s  ETA 10:23:45
16:23:37 [INFO]         60,000 / 1,700,000  (  3.5%)      56 step/s  ETA 8:07:20
16:27:57 [INFO]         80,000 / 1,700,000  (  4.7%)      62 step/s  ETA 7:18:16
16:31:58 [INFO]        100,000 / 1,700,000  (  5.9%)      66 step/s  ETA 6:44:53
16:36:26 [INFO]        120,000 / 1,700,000  (  7.1%)      67 step/s  ETA 6:30:25
16:41:22 [INFO]        140,000 / 1,700,000  (  8.2%)      67 step/s  ETA 6:25:25
16:45:53 [INFO]        160,000 / 1,700,000  (  9.4%)      68 step/s  ETA 6:15:40
16:49:54 [INFO]        180,000 / 1,700,000  ( 10.6%)      70 step/s  ETA 6:02:37
16:54:25 [INFO]        200,000 / 1,700,000  ( 11.8%)      70 step/s  ETA 5:55:49
16:58:53 [INFO]        220,000 / 1,700,000  ( 12.9%)      71 step/s  ETA 5:49:00
17:03:19 [INFO]        240,000 / 1,700,000  ( 14.1%)      71 step/s  ETA 5:42:23
17:07:23 [INFO]        260,000 / 1,700,000  ( 15.3%)      72 step/s  ETA 5:33:58
17:11:50 [INFO]        280,000 / 1,700,000  ( 16.5%)      72 step/s  ETA 5:28:18
17:16:15 [INFO]        300,000 / 1,700,000  ( 17.6%)      72 step/s  ETA 5:22:35
17:20:11 [INFO]        320,000 / 1,700,000  ( 18.8%)      73 step/s  ETA 5:14:56
