08:47:24 [INFO] --resume: bo qua 4 job da co ket qua
08:47:24 [INFO] ──────────────────────────────────────────────────────────────────────
08:47:24 [INFO] KIEM TRA TRUOC KHI CHAY
08:47:24 [INFO] ──────────────────────────────────────────────────────────────────────
08:47:24 [INFO] mlagents-learn : C:\Users\Admin\miniconda3\envs\mlagents\Scripts\mlagents-learn.exe
08:47:24 [INFO] trainer plugins: default,a2c,dqn,mappo
08:47:24 [WARN] [ctf_mappo] CANH BAO: Day la lan chay chua PHAT HIEN CHINH cua do an (buoc ngoat ~1,28M). Neu ha STEPS['capture'] xuong duoi 1,5M thi duong cong mat buoc ngoat.
08:47:24 [WARN] [fb_sac] CANH BAO: SAC + self_play: ML-Agents khong ho tro chinh thuc. Da chay duoc 20K buoc trong smoke test nen khong chan, nhung theo doi ky.
08:47:24 [WARN] [fb_dqn] CANH BAO: CAN BUILD RIENG 'FootballDiscrete'. Football dang la continuous(8) nhung DQN chi chay duoc action roi rac, nen phai co mot ban scene voi Behavior Parameters doi sang 8 nhanh x 3 muc. Khong dung chung build 'Football' voi PPO/SAC/POCA/MAPPO duoc.
08:47:24 [WARN] --force: se GHI DE 1 thu muc run-id da co (ctr_dqn_v1)
08:47:24 [INFO] Ket qua kiem tra: OK
08:47:24 [INFO] ──────────────────────────────────────────────────────────────────────
08:47:24 [INFO] Se chay 11 job, tong 18,500,000 buoc (ngan sach: full)
08:47:24 [INFO] Che do: build | num-envs 1 | time-scale 20.0

08:47:24 [INFO] ======================================================================
08:47:24 [INFO] [1/11]  ctr_dqn   DQN @ crossroad
08:47:24 [INFO]         run-id  : ctr_dqn_v1
08:47:24 [INFO]         config  : ctr_dqn.yaml
08:47:24 [INFO]         steps   : 2,000,000
08:47:24 [INFO] ======================================================================
08:47:24 [INFO] cmd: C:\Users\Admin\miniconda3\envs\mlagents\Scripts\mlagents-learn.exe C:\Users\Admin\Documents\GitHub\GraduationProject\GraduationProject\training_logs\_config_override\ctr_dqn_v1_2000000.yaml --run-id ctr_dqn_v1 --results-dir C:\Users\Admin\Documents\GitHub\GraduationProject\GraduationProject\results --force --env C:\Users\Admin\Documents\GitHub\GraduationProject\GraduationProject\Builds\CrossTheRoad\CrossTheRoad.exe --no-graphics --time-scale 20.0

08:47:24 [INFO] ======================================================================
08:47:24 [INFO] [2/11]  ctf_ppo   PPO @ capture
08:47:24 [INFO]         run-id  : ctf_ppo_v1
08:47:24 [INFO]         config  : ctf_ppo.yaml
08:47:24 [INFO]         steps   : 1,700,000
08:47:24 [INFO] ======================================================================
08:47:24 [INFO] cmd: C:\Users\Admin\miniconda3\envs\mlagents\Scripts\mlagents-learn.exe C:\Users\Admin\Documents\GitHub\GraduationProject\GraduationProject\training_logs\_config_override\ctf_ppo_v1_1700000.yaml --run-id ctf_ppo_v1 --results-dir C:\Users\Admin\Documents\GitHub\GraduationProject\GraduationProject\results --force --env C:\Users\Admin\Documents\GitHub\GraduationProject\GraduationProject\Builds\CaptureTheFlag\CaptureTheFlag.exe --no-graphics --time-scale 20.0

08:47:24 [INFO] ======================================================================
08:47:24 [INFO] [3/11]  ctf_sac   SAC @ capture
08:47:24 [INFO]         run-id  : ctf_sac_v1
08:47:24 [INFO]         config  : ctf_sac.yaml
08:47:24 [INFO]         steps   : 1,700,000
08:47:24 [INFO] ======================================================================
08:47:24 [INFO] cmd: C:\Users\Admin\miniconda3\envs\mlagents\Scripts\mlagents-learn.exe C:\Users\Admin\Documents\GitHub\GraduationProject\GraduationProject\training_logs\_config_override\ctf_sac_v1_1700000.yaml --run-id ctf_sac_v1 --results-dir C:\Users\Admin\Documents\GitHub\GraduationProject\GraduationProject\results --force --env C:\Users\Admin\Documents\GitHub\GraduationProject\GraduationProject\Builds\CaptureTheFlag\CaptureTheFlag.exe --no-graphics --time-scale 20.0

08:47:24 [INFO] ======================================================================
08:47:24 [INFO] [4/11]  ctf_poca   MA-POCA @ capture
08:47:24 [INFO]         run-id  : ctf_poca_v2
08:47:24 [INFO]         config  : ctf_poca.yaml
08:47:24 [INFO]         steps   : 1,700,000
08:47:24 [INFO] ======================================================================
08:47:24 [INFO] cmd: C:\Users\Admin\miniconda3\envs\mlagents\Scripts\mlagents-learn.exe C:\Users\Admin\Documents\GitHub\GraduationProject\GraduationProject\training_logs\_config_override\ctf_poca_v2_1700000.yaml --run-id ctf_poca_v2 --results-dir C:\Users\Admin\Documents\GitHub\GraduationProject\GraduationProject\results --force --env C:\Users\Admin\Documents\GitHub\GraduationProject\GraduationProject\Builds\CaptureTheFlag\CaptureTheFlag.exe --no-graphics --time-scale 20.0

08:47:24 [INFO] ======================================================================
08:47:24 [INFO] [5/11]  ctf_mappo   MAPPO @ capture
08:47:24 [INFO]         run-id  : ctf_mappo_v2
08:47:24 [INFO]         config  : ctf_mappo.yaml
08:47:24 [INFO]         steps   : 1,700,000
08:47:24 [INFO] ======================================================================
08:47:24 [INFO] cmd: C:\Users\Admin\miniconda3\envs\mlagents\Scripts\mlagents-learn.exe C:\Users\Admin\Documents\GitHub\GraduationProject\GraduationProject\training_logs\_config_override\ctf_mappo_v2_1700000.yaml --run-id ctf_mappo_v2 --results-dir C:\Users\Admin\Documents\GitHub\GraduationProject\GraduationProject\results --force --env C:\Users\Admin\Documents\GitHub\GraduationProject\GraduationProject\Builds\CaptureTheFlag\CaptureTheFlag.exe --no-graphics --time-scale 20.0

08:47:24 [INFO] ======================================================================
08:47:24 [INFO] [6/11]  ctf_dqn   DQN @ capture
08:47:24 [INFO]         run-id  : ctf_dqn_v1
08:47:24 [INFO]         config  : ctf_dqn.yaml
08:47:24 [INFO]         steps   : 1,700,000
08:47:24 [INFO] ======================================================================
08:47:24 [INFO] cmd: C:\Users\Admin\miniconda3\envs\mlagents\Scripts\mlagents-learn.exe C:\Users\Admin\Documents\GitHub\GraduationProject\GraduationProject\training_logs\_config_override\ctf_dqn_v1_1700000.yaml --run-id ctf_dqn_v1 --results-dir C:\Users\Admin\Documents\GitHub\GraduationProject\GraduationProject\results --force --env C:\Users\Admin\Documents\GitHub\GraduationProject\GraduationProject\Builds\CaptureTheFlag\CaptureTheFlag.exe --no-graphics --time-scale 20.0

08:47:24 [INFO] ======================================================================
08:47:24 [INFO] [7/11]  fb_ppo   PPO @ football
08:47:24 [INFO]         run-id  : FB01
08:47:24 [INFO]         config  : football_ppo.yaml
08:47:24 [INFO]         steps   : 1,600,000
08:47:24 [INFO] ======================================================================
08:47:24 [INFO] cmd: C:\Users\Admin\miniconda3\envs\mlagents\Scripts\mlagents-learn.exe C:\Users\Admin\Documents\GitHub\GraduationProject\GraduationProject\training_logs\_config_override\FB01_1600000.yaml --run-id FB01 --results-dir C:\Users\Admin\Documents\GitHub\GraduationProject\GraduationProject\results --force --env C:\Users\Admin\Documents\GitHub\GraduationProject\GraduationProject\Builds\Football\Football.exe --no-graphics --time-scale 20.0

08:47:24 [INFO] ======================================================================
08:47:24 [INFO] [8/11]  fb_sac   SAC @ football
08:47:24 [INFO]         run-id  : Football_SAC_01
08:47:24 [INFO]         config  : football_sac.yaml
08:47:24 [INFO]         steps   : 1,600,000
08:47:24 [INFO] ======================================================================
08:47:24 [INFO] cmd: C:\Users\Admin\miniconda3\envs\mlagents\Scripts\mlagents-learn.exe C:\Users\Admin\Documents\GitHub\GraduationProject\GraduationProject\training_logs\_config_override\Football_SAC_01_1600000.yaml --run-id Football_SAC_01 --results-dir C:\Users\Admin\Documents\GitHub\GraduationProject\GraduationProject\results --force --env C:\Users\Admin\Documents\GitHub\GraduationProject\GraduationProject\Builds\Football\Football.exe --no-graphics --time-scale 20.0

08:47:24 [INFO] ======================================================================
08:47:24 [INFO] [9/11]  fb_poca   MA-POCA @ football
08:47:24 [INFO]         run-id  : Football_POCA_01
08:47:24 [INFO]         config  : football_poca.yaml
08:47:24 [INFO]         steps   : 1,600,000
08:47:24 [INFO] ======================================================================
08:47:24 [INFO] cmd: C:\Users\Admin\miniconda3\envs\mlagents\Scripts\mlagents-learn.exe C:\Users\Admin\Documents\GitHub\GraduationProject\GraduationProject\training_logs\_config_override\Football_POCA_01_1600000.yaml --run-id Football_POCA_01 --results-dir C:\Users\Admin\Documents\GitHub\GraduationProject\GraduationProject\results --force --env C:\Users\Admin\Documents\GitHub\GraduationProject\GraduationProject\Builds\Football\Football.exe --no-graphics --time-scale 20.0

08:47:24 [INFO] ======================================================================
08:47:24 [INFO] [10/11]  fb_mappo   MAPPO @ football
08:47:24 [INFO]         run-id  : Football_MAPPO_01
08:47:24 [INFO]         config  : football_mappo.yaml
08:47:24 [INFO]         steps   : 1,600,000
08:47:24 [INFO] ======================================================================
08:47:24 [INFO] cmd: C:\Users\Admin\miniconda3\envs\mlagents\Scripts\mlagents-learn.exe C:\Users\Admin\Documents\GitHub\GraduationProject\GraduationProject\training_logs\_config_override\Football_MAPPO_01_1600000.yaml --run-id Football_MAPPO_01 --results-dir C:\Users\Admin\Documents\GitHub\GraduationProject\GraduationProject\results --force --env C:\Users\Admin\Documents\GitHub\GraduationProject\GraduationProject\Builds\Football\Football.exe --no-graphics --time-scale 20.0

08:47:24 [INFO] ======================================================================
08:47:24 [INFO] [11/11]  fb_dqn   DQN @ football
08:47:24 [INFO]         run-id  : football_dqn_v1
08:47:24 [INFO]         config  : football_dqn.yaml
08:47:24 [INFO]         steps   : 1,600,000
08:47:24 [INFO] ======================================================================
08:47:24 [INFO] cmd: C:\Users\Admin\miniconda3\envs\mlagents\Scripts\mlagents-learn.exe C:\Users\Admin\Documents\GitHub\GraduationProject\GraduationProject\training_logs\_config_override\football_dqn_v1_1600000.yaml --run-id football_dqn_v1 --results-dir C:\Users\Admin\Documents\GitHub\GraduationProject\GraduationProject\results --force --env C:\Users\Admin\Documents\GitHub\GraduationProject\GraduationProject\Builds\FootballDiscrete\FootballDiscrete.exe --no-graphics --time-scale 20.0

08:47:24 [INFO] ======================================================================
08:47:24 [INFO] TONG KET  (0:00:00)
08:47:24 [INFO]   Thanh cong : 11  ['ctr_dqn', 'ctf_ppo', 'ctf_sac', 'ctf_poca', 'ctf_mappo', 'ctf_dqn', 'fb_ppo', 'fb_sac', 'fb_poca', 'fb_mappo', 'fb_dqn']
08:47:24 [INFO]   That bai   : 0  []
08:47:24 [INFO] ======================================================================
