23:34:38 [INFO] ──────────────────────────────────────────────────────────────────────
23:34:38 [INFO] KIEM TRA TRUOC KHI CHAY
23:34:38 [INFO] ──────────────────────────────────────────────────────────────────────
23:34:38 [INFO] mlagents-learn : C:\Users\vanhu\miniconda3\envs\mlagents\Scripts\mlagents-learn.exe
23:34:39 [INFO] trainer plugins: default,a2c,dqn,mappo
23:34:39 [WARN] [fb_sac] CANH BAO: SAC + self_play: ML-Agents khong ho tro chinh thuc. Neu trainer bao loi, xem muc 'SAC tren Football' trong ke hoach.
23:34:39 [INFO] Ket qua kiem tra: OK
23:34:39 [INFO] ──────────────────────────────────────────────────────────────────────
23:34:39 [INFO] Se chay 9 job, tong 12,900,000 buoc
23:34:39 [INFO] Che do: editor | num-envs 1 | time-scale 20.0

23:34:39 [INFO] ======================================================================
23:34:39 [INFO] [1/9]  ctr_ppo   PPO @ crossroad
23:34:39 [INFO]         run-id  : ctr01
23:34:39 [INFO]         config  : ctr_ppo.yaml
23:34:39 [INFO]         steps   : 2,000,000
23:34:39 [INFO] ======================================================================
23:34:39 [INFO] >>> MO Unity Editor voi scene: Assets/CrossTheRoad/Scenes/CrossTheRoad.unity
23:34:39 [INFO] >>> Khi thay dong 'Listening on port 5004' thi BAM PLAY.
23:34:39 [INFO] cmd: C:\Users\vanhu\miniconda3\envs\mlagents\Scripts\mlagents-learn.exe C:\Program1\Code\Unity\GraduationProject\GraduationProject\config\ctr_ppo.yaml --run-id ctr01 --results-dir C:\Program1\Code\Unity\GraduationProject\GraduationProject\results --time-scale 20.0

23:34:39 [INFO] ======================================================================
23:34:39 [INFO] [2/9]  ctr_sac   SAC @ crossroad
23:34:39 [INFO]         run-id  : CrossTheRoad_SAC_01
23:34:39 [INFO]         config  : ctr_sac.yaml
23:34:39 [INFO]         steps   : 200,000
23:34:39 [INFO] ======================================================================
23:34:39 [INFO] >>> MO Unity Editor voi scene: Assets/CrossTheRoad/Scenes/CrossTheRoad.unity
23:34:39 [INFO] >>> Khi thay dong 'Listening on port 5004' thi BAM PLAY.
23:34:39 [INFO] cmd: C:\Users\vanhu\miniconda3\envs\mlagents\Scripts\mlagents-learn.exe C:\Program1\Code\Unity\GraduationProject\GraduationProject\config\ctr_sac.yaml --run-id CrossTheRoad_SAC_01 --results-dir C:\Program1\Code\Unity\GraduationProject\GraduationProject\results --time-scale 20.0

23:34:39 [INFO] ======================================================================
23:34:39 [INFO] [3/9]  ctr_poca   MA-POCA @ crossroad
23:34:39 [INFO]         run-id  : ctr_poca_v1
23:34:39 [INFO]         config  : ctr_poca.yaml
23:34:39 [INFO]         steps   : 2,000,000
23:34:39 [INFO] ======================================================================
23:34:39 [INFO] >>> MO Unity Editor voi scene: Assets/CrossTheRoad/Scenes/CrossTheRoad.unity
23:34:39 [INFO] >>> Khi thay dong 'Listening on port 5004' thi BAM PLAY.
23:34:39 [INFO] cmd: C:\Users\vanhu\miniconda3\envs\mlagents\Scripts\mlagents-learn.exe C:\Program1\Code\Unity\GraduationProject\GraduationProject\config\ctr_poca.yaml --run-id ctr_poca_v1 --results-dir C:\Program1\Code\Unity\GraduationProject\GraduationProject\results --time-scale 20.0

23:34:39 [INFO] ======================================================================
23:34:39 [INFO] [4/9]  ctr_mappo   MAPPO @ crossroad
23:34:39 [INFO]         run-id  : ctr_mappo_v1
23:34:39 [INFO]         config  : ctr_mappo.yaml
23:34:39 [INFO]         steps   : 2,000,000
23:34:39 [INFO] ======================================================================
23:34:39 [INFO] >>> MO Unity Editor voi scene: Assets/CrossTheRoad/Scenes/CrossTheRoad.unity
23:34:39 [INFO] >>> Khi thay dong 'Listening on port 5004' thi BAM PLAY.
23:34:39 [INFO] cmd: C:\Users\vanhu\miniconda3\envs\mlagents\Scripts\mlagents-learn.exe C:\Program1\Code\Unity\GraduationProject\GraduationProject\config\ctr_mappo.yaml --run-id ctr_mappo_v1 --results-dir C:\Program1\Code\Unity\GraduationProject\GraduationProject\results --time-scale 20.0
