[Licensing::Module] Trying to connect to existing licensing client channel...
Built from '6000.3/staging' branch; Version is '6000.3.14f1 (d68c3f99a318) revision 14060607'; Using compiler version '194234433'; Build Type 'Release'
[Licensing::IpcConnector] Successfully connected to: "LicenseClient-vanhu" at "2026-07-27T16:54:55.5891758Z"
OS: 'Windows 11  (10.0.22631) CoreSingleLanguage' Language: 'en' Physical Memory: 16068 MB
BatchMode: 1, IsHumanControllingUs: 0, StartBugReporterOnCrash: 0, Is64bit: 1
System  architecture: x64
Process architecture: x64
Date: 2026-07-27T16:54:55Z
[Licensing::Client] Code 10 while verifying Licensing Client signature (process Id: 130056, path: "C:/Program Files/Unity Hub/UnityLicensingClient_V1/Unity.Licensing.Client.exe")
[Licensing::Module] LicensingClient has failed validation; ignoring
[Licensing::Client] Error: HandshakeResponse reported an error:
	ResponseCode: 505
	ResponseStatus: Unsupported protocol version '1.18.1'.
[Licensing::Module] Error: Failed to handshake to channel: "LicenseClient-vanhu"
[Licensing::IpcConnector] LicenseClient-vanhu channel disconnected successfully.
[Licensing::IpcConnector] Channel LicenseClient-vanhu-6000.3.14 doesn't exist
[Licensing::Module] Successfully launched the LicensingClient (PId: 186956)

COMMAND LINE ARGUMENTS:
C:\Program Files\Unity\Hub\Editor\6000.3.14f1\Editor\Unity.exe
-batchmode
-nographics
-projectPath
C:\Program1\Code\Unity\GraduationProject\GraduationProject
-executeMethod
GraduationProject.EditorTools.TrainingAreaMultiplier.BuildAllFromCommandLine
-logFile
C:\Program1\Code\Unity\GraduationProject\GraduationProject\training_logs\unity_areas_20260727_235455.log
-areaCount
8
-areaColumns
4
Successfully changed project path to: C:\Program1\Code\Unity\GraduationProject\GraduationProject
C:/Program1/Code/Unity/GraduationProject/GraduationProject
[UnityMemory] Configuration Parameters - Can be set up in boot.config
    "memorysetup-temp-allocator-size-nav-mesh-worker=65536"
    "memorysetup-temp-allocator-size-audio-worker=65536"
    "memorysetup-temp-allocator-size-gfx=262144"
    "memorysetup-allocator-temp-initial-block-size-main=262144"
    "memorysetup-allocator-temp-initial-block-size-worker=262144"
    "memorysetup-temp-allocator-size-background-worker=32768"
    "memorysetup-temp-allocator-size-job-worker=262144"
    "memorysetup-temp-allocator-size-preload-manager=33554432"
    "memorysetup-temp-allocator-size-gi-baking-worker=262144"
    "memorysetup-temp-allocator-size-gi-baking-worker=262144"
    "memorysetup-temp-allocator-size-gi-baking-worker=262144"
    "memorysetup-temp-allocator-size-gi-baking-worker=262144"
    "memorysetup-temp-allocator-size-gi-baking-worker=262144"
    "memorysetup-bucket-allocator-granularity=16"
    "memorysetup-bucket-allocator-bucket-count=8"
    "memorysetup-bucket-allocator-block-size=33554432"
    "memorysetup-bucket-allocator-block-count=8"
    "memorysetup-main-allocator-block-size=16777216"
    "memorysetup-thread-allocator-block-size=16777216"
    "memorysetup-gfx-main-allocator-block-size=16777216"
    "memorysetup-gfx-thread-allocator-block-size=16777216"
    "memorysetup-cache-allocator-block-size=4194304"
    "memorysetup-typetree-allocator-block-size=2097152"
    "memorysetup-profiler-bucket-allocator-granularity=16"
    "memorysetup-profiler-bucket-allocator-bucket-count=8"
    "memorysetup-profiler-bucket-allocator-block-size=33554432"
    "memorysetup-profiler-bucket-allocator-block-count=8"
    "memorysetup-profiler-allocator-block-size=16777216"
    "memorysetup-profiler-editor-allocator-block-size=1048576"
    "memorysetup-temp-allocator-size-main=16777216"
    "memorysetup-job-temp-allocator-block-size=2097152"
    "memorysetup-job-temp-allocator-block-size-background=1048576"
    "memorysetup-job-temp-allocator-reduction-small-platforms=262144"
    "memorysetup-temp-allocator-size-cloud-worker=32768"
Player connection [61496]  Target information:

Player connection [61496]  * "[IP] 192.168.1.148 [Port] 55504 [Flags] 2 [Guid] 2109514927 [EditorId] 2109514927 [Version] 1048832 [Id] WindowsEditor(7,DESKTOP-NCLNVBL) [Debug] 1 [PackageName] WindowsEditor [ProjectName] Editor" 

Player connection [61496] Host joined multi-casting on [225.0.0.222:54997]...
Player connection [61496] Host joined alternative multi-casting on [225.0.0.222:34997]...
Input System module state changed to: Initialized.
[Physics::Module] Initialized fallback backend.
[Physics::Module] Id: 0xdecafbad
[Licensing::IpcConnector] Successfully connected to: "LicenseClient-vanhu-6000.3.14" at "2026-07-27T16:54:56.0838388Z"
[Package Manager] Connected to IPC stream "Upm-147300" after 0.2 seconds.
[Licensing::Module] Licensing is not yet initialized.
[Licensing::Client] Handshaking with LicensingClient:
  Version:                 1.18.1+9fbee8e
  Session Id:              9f9bb550753d46b5beb8329eaafd1417
  Correlation Id:          b6b8c8a6d5602e6a8bdddc25ad51ea0f
  External correlation Id: 1382129056092635184
  Machine Id:              DwkoCvQF5mcqgSUgdlbgxRxWakg=
[Licensing::Module] Successfully connected to LicensingClient on channel: "LicenseClient-vanhu-6000.3.14" (connect: 0.37s, validation: 0.05s, handshake: 1.05s)
[Licensing::IpcConnector] Successfully connected to: "LicenseClient-vanhu-6000.3.14-notifications" at "2026-07-27T16:54:57.1834716Z"
[Licensing::Module] Connected to LicensingClient (PId: 186956, launch time: 0.00, total connection time: 1.47s)
[Licensing::Module] Error: Access token is unavailable; failed to update
[Licensing::Client] Successfully resolved entitlement details
[Licensing::Module] License group:
  Id: 18967721460531-UnityPersXXXX
  Product: Unity Personal
  Type: Assigned
  Expiration: Unlimited
[Licensing::Client] Successfully updated license, isAsync: True, time: 0.01
[Licensing::Client] Successfully resolved entitlement details
[Licensing::Module] Licensing Background thread has ended after 1.62s
[Licensing::Module] Licensing is initialized (took 0.85s).
[Licensing::Client] Successfully resolved entitlement details
Library Redirect Path: Library/
[Physics::Module] Selected backend.
[Physics::Module] Name: PhysX
[Physics::Module] Id: 0xf2b8ea05
[Physics::Module] SDK Version: 4.1.2
[Physics::Module] Integration Version: 1.0.0
[Physics::Module] Threading Mode: Multi-Threaded
Artifact Garbage Collection - Removed 5 unused hashed content files
Refreshing native plugins compatible for Editor in 0.67 ms, found 0 plugins.
Preloading 0 native plugins for Editor in 0.00 ms.
Initialize engine version: 6000.3.14f1 (d68c3f99a318)
[Subsystems] Discovering subsystems at path C:/Program Files/Unity/Hub/Editor/6000.3.14f1/Editor/Data/Resources/UnitySubsystems
[Subsystems] Discovering subsystems at path C:/Program1/Code/Unity/GraduationProject/GraduationProject/Assets
Forcing GfxDevice: Null
GfxDevice: creating device client; kGfxThreadingModeNonThreaded
NullGfxDevice:
    Version:  NULL 1.0 [1.0]
    Renderer: Null Device
    Vendor:   Unity Technologies
Initialize mono
Mono path[0] = 'C:/Program Files/Unity/Hub/Editor/6000.3.14f1/Editor/Data/Managed'
Mono path[1] = 'C:/Program Files/Unity/Hub/Editor/6000.3.14f1/Editor/Data/MonoBleedingEdge/lib/mono/unityjit-win32'
Mono config path = 'C:/Program Files/Unity/Hub/Editor/6000.3.14f1/Editor/Data/MonoBleedingEdge/etc'
Using monoOptions --debugger-agent=transport=dt_socket,embedding=1,server=y,suspend=n,address=127.0.0.1:56300
Using cacheserver namespaces - metadata:defaultmetadata, artifacts:defaultartifacts
Using cacheserver namespaces - metadata:defaultmetadata, artifacts:defaultartifacts
ImportWorker Server TCP listen port: 0
AcceleratorClientConnectionCallback - disconnected - :0
Begin MonoManager ReloadAssembly
Registering precompiled unity dll's ...
Register platform support module: C:/Program Files/Unity/Hub/Editor/6000.3.14f1/Editor/Data/PlaybackEngines/WindowsStandaloneSupport/UnityEditor.WindowsStandalone.Extensions.dll
[Licensing::Client] Successfully resolved entitlement details
Register platform support module: C:/Program Files/Unity/Hub/Editor/6000.3.14f1/Editor/Data/PlaybackEngines/AndroidPlayer/UnityEditor.Android.Extensions.dll
[Licensing::Client] Successfully resolved entitlement details
Register platform support module: C:/Program Files/Unity/Hub/Editor/6000.3.14f1/Editor/Data/PlaybackEngines/iOSSupport/UnityEditor.iOS.Extensions.dll
Registered in 0.006517 seconds.
- Loaded All Assemblies, in  1.910 seconds
Native extension for iOS target not found
Native extension for Android target not found
Native extension for WindowsStandalone target not found
Package Manager log level set to [2]
ScheduleIndexationOnStartup MainProcess:False IndexOnStartup:True
Mono: successfully reloaded assembly
- Finished resetting the current domain, in  0.449 seconds
Domain Reload Profiling: 2357ms
	BeginReloadAssembly (153ms)
		ExecutionOrderSort (0ms)
		DisableScriptedObjects (0ms)
		BackupInstance (0ms)
		ReleaseScriptingObjects (0ms)
		CreateAndSetChildDomain (40ms)
	RebuildCommonClasses (226ms)
	RebuildNativeTypeToScriptingClass (11ms)
	initialDomainReloadingComplete (46ms)
	LoadAllAssembliesAndSetupDomain (1472ms)
		LoadAssemblies (111ms)
		RebuildTransferFunctionScriptingTraits (0ms)
		AnalyzeDomain (1469ms)
			TypeCache.Refresh (1468ms)
				TypeCache.ScanAssembly (651ms)
			BuildScriptInfoCaches (0ms)
			ResolveRequiredComponents (0ms)
	FinalizeReload (449ms)
		ReleaseScriptCaches (0ms)
		RebuildScriptCaches (0ms)
		SetupLoadedEditorAssemblies (414ms)
			LogAssemblyErrors (0ms)
			InitializePlatformSupportModulesInManaged (100ms)
			SetLoadedEditorAssemblies (5ms)
			BeforeProcessingInitializeOnLoad (75ms)
			ProcessInitializeOnLoadAttributes (120ms)
			ProcessInitializeOnLoadMethodAttributes (114ms)
			AfterProcessingInitializeOnLoad (0ms)
			EditorAssembliesLoaded (0ms)
		ExecutionOrderSort2 (0ms)
		AwakeInstancesAfterBackupRestoration (0ms)
[Licensing::Client] Successfully resolved entitlement details
Application.AssetDatabase Initial Refresh Start
[Package Manager] Restoring resolved packages state from cache
[Licensing::Client] Successfully resolved entitlement details
[Package Manager] Registered 68 packages:
  Packages from [https://packages.unity.com]:
    com.unity.ai.assistant@2.6.0-pre.1 (location: C:\Program1\Code\Unity\GraduationProject\GraduationProject\Library\PackageCache\com.unity.ai.assistant@fc16ca46e208)
    com.unity.ai.inference@2.6.1 (location: C:\Program1\Code\Unity\GraduationProject\GraduationProject\Library\PackageCache\com.unity.ai.inference@9a123aee5df7)
    com.unity.collab-proxy@2.12.4 (location: C:\Program1\Code\Unity\GraduationProject\GraduationProject\Library\PackageCache\com.unity.collab-proxy@0b1559bcd34e)
    com.unity.ml-agents@4.0.2 (location: C:\Program1\Code\Unity\GraduationProject\GraduationProject\Library\PackageCache\com.unity.ml-agents@0f918b8a6271)
    com.unity.timeline@1.8.12 (location: C:\Program1\Code\Unity\GraduationProject\GraduationProject\Library\PackageCache\com.unity.timeline@8cd8509afae5)
    com.unity.visualscripting@1.9.11 (location: C:\Program1\Code\Unity\GraduationProject\GraduationProject\Library\PackageCache\com.unity.visualscripting@8bed5ad90189)
    com.unity.ide.visualstudio@2.0.26 (location: C:\Program1\Code\Unity\GraduationProject\GraduationProject\Library\PackageCache\com.unity.ide.visualstudio@a99d56dec63f)
    com.unity.ide.rider@3.0.39 (location: C:\Program1\Code\Unity\GraduationProject\GraduationProject\Library\PackageCache\com.unity.ide.rider@4504839d03f7)
    com.unity.editorcoroutines@1.1.0 (location: C:\Program1\Code\Unity\GraduationProject\GraduationProject\Library\PackageCache\com.unity.editorcoroutines@87a15ed012c2)
    com.unity.performance.profile-analyzer@1.3.3 (location: C:\Program1\Code\Unity\GraduationProject\GraduationProject\Library\PackageCache\com.unity.performance.profile-analyzer@10347e9ce886)
    com.unity.testtools.codecoverage@1.3.0 (location: C:\Program1\Code\Unity\GraduationProject\GraduationProject\Library\PackageCache\com.unity.testtools.codecoverage@19a841221620)
    com.unity.burst@1.8.29 (location: C:\Program1\Code\Unity\GraduationProject\GraduationProject\Library\PackageCache\com.unity.burst@6bb9aca3ef38)
    com.unity.dt.app-ui@2.1.1 (location: C:\Program1\Code\Unity\GraduationProject\GraduationProject\Library\PackageCache\com.unity.dt.app-ui@8ac7e730dd5d)
    com.unity.collections@2.6.5 (location: C:\Program1\Code\Unity\GraduationProject\GraduationProject\Library\PackageCache\com.unity.collections@12999e356c23)
    com.unity.nuget.newtonsoft-json@3.2.2 (location: C:\Program1\Code\Unity\GraduationProject\GraduationProject\Library\PackageCache\com.unity.nuget.newtonsoft-json@4dfd81071c64)
    com.unity.mathematics@1.3.3 (location: C:\Program1\Code\Unity\GraduationProject\GraduationProject\Library\PackageCache\com.unity.mathematics@19a9377c4ffa)
    com.unity.cloud.gltfast@6.14.1 (location: C:\Program1\Code\Unity\GraduationProject\GraduationProject\Library\PackageCache\com.unity.cloud.gltfast@0847aee0f6da)
    com.unity.serialization@3.1.3 (location: C:\Program1\Code\Unity\GraduationProject\GraduationProject\Library\PackageCache\com.unity.serialization@7725fb70c685)
    com.unity.searcher@4.9.4 (location: C:\Program1\Code\Unity\GraduationProject\GraduationProject\Library\PackageCache\com.unity.searcher@d45a78918735)
    com.unity.settings-manager@2.1.1 (location: C:\Program1\Code\Unity\GraduationProject\GraduationProject\Library\PackageCache\com.unity.settings-manager@0b8638c5ce86)
    com.unity.nuget.mono-cecil@1.11.6 (location: C:\Program1\Code\Unity\GraduationProject\GraduationProject\Library\PackageCache\com.unity.nuget.mono-cecil@ecb9724e46ff)
    com.unity.test-framework.performance@3.4.0 (location: C:\Program1\Code\Unity\GraduationProject\GraduationProject\Library\PackageCache\com.unity.test-framework.performance@aa81a99c4a75)
  Built-in packages:
    com.unity.feature.development@1.0.2 (location: C:\Program1\Code\Unity\GraduationProject\GraduationProject\Library\PackageCache\com.unity.feature.development@767aadbc6eb7)
    com.unity.multiplayer.center@1.0.1 (location: C:\Program1\Code\Unity\GraduationProject\GraduationProject\Library\PackageCache\com.unity.multiplayer.center@f01f4ba8d00a)
    com.unity.render-pipelines.universal@17.3.0 (location: C:\Program1\Code\Unity\GraduationProject\GraduationProject\Library\PackageCache\com.unity.render-pipelines.universal@3b809f23691d)
    com.unity.ugui@2.0.0 (location: C:\Program1\Code\Unity\GraduationProject\GraduationProject\Library\PackageCache\com.unity.ugui@8ccc29d23a79)
    com.unity.modules.accessibility@1.0.0 (location: C:\Program1\Code\Unity\GraduationProject\GraduationProject\Library\PackageCache\com.unity.modules.accessibility)
    com.unity.modules.adaptiveperformance@1.0.0 (location: C:\Program1\Code\Unity\GraduationProject\GraduationProject\Library\PackageCache\com.unity.modules.adaptiveperformance)
    com.unity.modules.ai@1.0.0 (location: C:\Program1\Code\Unity\GraduationProject\GraduationProject\Library\PackageCache\com.unity.modules.ai)
    com.unity.modules.androidjni@1.0.0 (location: C:\Program1\Code\Unity\GraduationProject\GraduationProject\Library\PackageCache\com.unity.modules.androidjni)
    com.unity.modules.animation@1.0.0 (location: C:\Program1\Code\Unity\GraduationProject\GraduationProject\Library\PackageCache\com.unity.modules.animation)
    com.unity.modules.assetbundle@1.0.0 (location: C:\Program1\Code\Unity\GraduationProject\GraduationProject\Library\PackageCache\com.unity.modules.assetbundle)
    com.unity.modules.audio@1.0.0 (location: C:\Program1\Code\Unity\GraduationProject\GraduationProject\Library\PackageCache\com.unity.modules.audio)
    com.unity.modules.cloth@1.0.0 (location: C:\Program1\Code\Unity\GraduationProject\GraduationProject\Library\PackageCache\com.unity.modules.cloth)
    com.unity.modules.director@1.0.0 (location: C:\Program1\Code\Unity\GraduationProject\GraduationProject\Library\PackageCache\com.unity.modules.director)
    com.unity.modules.imageconversion@1.0.0 (location: C:\Program1\Code\Unity\GraduationProject\GraduationProject\Library\PackageCache\com.unity.modules.imageconversion)
    com.unity.modules.imgui@1.0.0 (location: C:\Program1\Code\Unity\GraduationProject\GraduationProject\Library\PackageCache\com.unity.modules.imgui)
    com.unity.modules.jsonserialize@1.0.0 (location: C:\Program1\Code\Unity\GraduationProject\GraduationProject\Library\PackageCache\com.unity.modules.jsonserialize)
    com.unity.modules.particlesystem@1.0.0 (location: C:\Program1\Code\Unity\GraduationProject\GraduationProject\Library\PackageCache\com.unity.modules.particlesystem)
    com.unity.modules.physics@1.0.0 (location: C:\Program1\Code\Unity\GraduationProject\GraduationProject\Library\PackageCache\com.unity.modules.physics)
    com.unity.modules.physics2d@1.0.0 (location: C:\Program1\Code\Unity\GraduationProject\GraduationProject\Library\PackageCache\com.unity.modules.physics2d)
    com.unity.modules.screencapture@1.0.0 (location: C:\Program1\Code\Unity\GraduationProject\GraduationProject\Library\PackageCache\com.unity.modules.screencapture)
    com.unity.modules.terrain@1.0.0 (location: C:\Program1\Code\Unity\GraduationProject\GraduationProject\Library\PackageCache\com.unity.modules.terrain)
    com.unity.modules.terrainphysics@1.0.0 (location: C:\Program1\Code\Unity\GraduationProject\GraduationProject\Library\PackageCache\com.unity.modules.terrainphysics)
    com.unity.modules.tilemap@1.0.0 (location: C:\Program1\Code\Unity\GraduationProject\GraduationProject\Library\PackageCache\com.unity.modules.tilemap)
    com.unity.modules.ui@1.0.0 (location: C:\Program1\Code\Unity\GraduationProject\GraduationProject\Library\PackageCache\com.unity.modules.ui)
    com.unity.modules.uielements@1.0.0 (location: C:\Program1\Code\Unity\GraduationProject\GraduationProject\Library\PackageCache\com.unity.modules.uielements)
    com.unity.modules.umbra@1.0.0 (location: C:\Program1\Code\Unity\GraduationProject\GraduationProject\Library\PackageCache\com.unity.modules.umbra)
    com.unity.modules.unityanalytics@1.0.0 (location: C:\Program1\Code\Unity\GraduationProject\GraduationProject\Library\PackageCache\com.unity.modules.unityanalytics)
    com.unity.modules.unitywebrequest@1.0.0 (location: C:\Program1\Code\Unity\GraduationProject\GraduationProject\Library\PackageCache\com.unity.modules.unitywebrequest)
    com.unity.modules.unitywebrequestassetbundle@1.0.0 (location: C:\Program1\Code\Unity\GraduationProject\GraduationProject\Library\PackageCache\com.unity.modules.unitywebrequestassetbundle)
    com.unity.modules.unitywebrequestaudio@1.0.0 (location: C:\Program1\Code\Unity\GraduationProject\GraduationProject\Library\PackageCache\com.unity.modules.unitywebrequestaudio)
    com.unity.modules.unitywebrequesttexture@1.0.0 (location: C:\Program1\Code\Unity\GraduationProject\GraduationProject\Library\PackageCache\com.unity.modules.unitywebrequesttexture)
    com.unity.modules.unitywebrequestwww@1.0.0 (location: C:\Program1\Code\Unity\GraduationProject\GraduationProject\Library\PackageCache\com.unity.modules.unitywebrequestwww)
    com.unity.modules.vectorgraphics@1.0.0 (location: C:\Program1\Code\Unity\GraduationProject\GraduationProject\Library\PackageCache\com.unity.modules.vectorgraphics)
    com.unity.modules.vehicles@1.0.0 (location: C:\Program1\Code\Unity\GraduationProject\GraduationProject\Library\PackageCache\com.unity.modules.vehicles)
    com.unity.modules.video@1.0.0 (location: C:\Program1\Code\Unity\GraduationProject\GraduationProject\Library\PackageCache\com.unity.modules.video)
    com.unity.modules.vr@1.0.0 (location: C:\Program1\Code\Unity\GraduationProject\GraduationProject\Library\PackageCache\com.unity.modules.vr)
    com.unity.modules.wind@1.0.0 (location: C:\Program1\Code\Unity\GraduationProject\GraduationProject\Library\PackageCache\com.unity.modules.wind)
    com.unity.modules.xr@1.0.0 (location: C:\Program1\Code\Unity\GraduationProject\GraduationProject\Library\PackageCache\com.unity.modules.xr)
    com.unity.modules.subsystems@1.0.0 (location: C:\Program1\Code\Unity\GraduationProject\GraduationProject\Library\PackageCache\com.unity.modules.subsystems)
    com.unity.modules.hierarchycore@1.0.0 (location: C:\Program1\Code\Unity\GraduationProject\GraduationProject\Library\PackageCache\com.unity.modules.hierarchycore)
    com.unity.render-pipelines.core@17.3.0 (location: C:\Program1\Code\Unity\GraduationProject\GraduationProject\Library\PackageCache\com.unity.render-pipelines.core@02dfbe8e43de)
    com.unity.shadergraph@17.3.0 (location: C:\Program1\Code\Unity\GraduationProject\GraduationProject\Library\PackageCache\com.unity.shadergraph@28ee1cc75774)
    com.unity.render-pipelines.universal-config@17.0.3 (location: C:\Program1\Code\Unity\GraduationProject\GraduationProject\Library\PackageCache\com.unity.render-pipelines.universal-config@8dc1aab4af1d)
    com.unity.test-framework@1.6.0 (location: C:\Program1\Code\Unity\GraduationProject\GraduationProject\Library\PackageCache\com.unity.test-framework@aebcb98460c6)
    com.unity.2d.sprite@1.0.0 (location: C:\Program1\Code\Unity\GraduationProject\GraduationProject\Library\PackageCache\com.unity.2d.sprite@d14b9d497a24)
    com.unity.ext.nunit@2.0.5 (location: C:\Program1\Code\Unity\GraduationProject\GraduationProject\Library\PackageCache\com.unity.ext.nunit@d8c07649098d)
[Subsystems] No new subsystems found in resolved package list.
[Package Manager] Done registering packages in 0.02 seconds
Duplicate assembly 'System.Runtime.CompilerServices.Unsafe.dll' with different versions detected, using 'Packages/com.unity.ai.assistant/Plugins/Shared/System.Runtime.CompilerServices.Unsafe.dll, AssemblyName=System.Runtime.CompilerServices.Unsafe, Version=6.0.3.0, Culture=neutral, PublicKeyToken=b03f5f7f11d50a3a' and ignoring 'Packages/com.unity.collections/Unity.Collections.Tests/System.Runtime.CompilerServices.Unsafe/System.Runtime.CompilerServices.Unsafe.dll, AssemblyName=System.Runtime.CompilerServices.Unsafe, Version=6.0.0.0, Culture=neutral, PublicKeyToken=b03f5f7f11d50a3a'.Refreshing native plugins compatible for Editor in 3.44 ms, found 6 plugins.
Starting: C:\Program Files\Unity\Hub\Editor\6000.3.14f1\Editor\Data\Tools\BuildPipeline\bee_backend.exe --ipc --defer-dag-verification --dagfile="Library/Bee/1900b0aE.dag" --continue-on-failure --profile="Library/Bee/backend1.traceevents" ScriptAssemblies
WorkingDir: C:/Program1/Code/Unity/GraduationProject/GraduationProject
DisplayProgressbar: Compiling Scripts
ExitCode: 4 Duration: 1s566ms
Rebuilding DAG because FileSignature timestamp changed: Library/Bee/1900b0aE-inputdata.json
[1260/1660  1s] ILPP-Configuration Library/ilpp-configuration.nevergeneratedoutput
*** Tundra requires additional run (1.52 seconds), 1 items updated, 1259 evaluated
Starting: C:\Program Files\Unity\Hub\Editor\6000.3.14f1\Editor\Data\netcorerun\netcorerun.exe "C:\Program Files\Unity\Hub\Editor\6000.3.14f1\Editor\Data\Tools\BuildPipeline\ScriptCompilationBuildProgram.exe" "Library/Bee/1900b0aE.dag.json" "Library/Bee/1900b0aE-inputdata.json" "Library\Bee\buildprogram0.traceevents"
WorkingDir: C:/Program1/Code/Unity/GraduationProject/GraduationProject
ExitCode: 0 Duration: 1s234ms
Starting: C:\Program Files\Unity\Hub\Editor\6000.3.14f1\Editor\Data\Tools\BuildPipeline\bee_backend.exe --ipc --defer-dag-verification --dagfile="Library/Bee/1900b0aE.dag" --continue-on-failure --dagfilejson="Library\Bee\1900b0aE.dag.json" --profile="Library/Bee/backend2.traceevents" ScriptAssemblies
WorkingDir: C:/Program1/Code/Unity/GraduationProject/GraduationProject
ExitCode: 0 Duration: 0s629ms
Finished compiling graph: 1664 nodes, 35136 flattened edges (28474 ToBuild, 278 ToUse), maximum node priority 1896
[1174/1660  0s] ILPP-Configuration Library/ilpp-configuration.nevergeneratedoutput
*** Tundra build success (0.61 seconds), 1 items updated, 1660 evaluated
AssetDatabase: script compilation time: 4.663603s
Begin MonoManager ReloadAssembly
Duplicate assembly 'System.Runtime.CompilerServices.Unsafe.dll' with different versions detected, using 'Packages/com.unity.ai.assistant/Plugins/Shared/System.Runtime.CompilerServices.Unsafe.dll, AssemblyName=System.Runtime.CompilerServices.Unsafe, Version=6.0.3.0, Culture=neutral, PublicKeyToken=b03f5f7f11d50a3a' and ignoring 'Packages/com.unity.collections/Unity.Collections.Tests/System.Runtime.CompilerServices.Unsafe/System.Runtime.CompilerServices.Unsafe.dll, AssemblyName=System.Runtime.CompilerServices.Unsafe, Version=6.0.0.0, Culture=neutral, PublicKeyToken=b03f5f7f11d50a3a'.- Loaded All Assemblies, in  1.995 seconds
Refreshing native plugins compatible for Editor in 2.79 ms, found 6 plugins.
Native extension for iOS target not found
Native extension for Android target not found
Native extension for WindowsStandalone target not found
Refreshing native plugins compatible for Editor in 2.62 ms, found 6 plugins.
Duplicate assembly 'System.Runtime.CompilerServices.Unsafe.dll' with different versions detected, using 'Packages/com.unity.ai.assistant/Plugins/Shared/System.Runtime.CompilerServices.Unsafe.dll, AssemblyName=System.Runtime.CompilerServices.Unsafe, Version=6.0.3.0, Culture=neutral, PublicKeyToken=b03f5f7f11d50a3a' and ignoring 'Packages/com.unity.collections/Unity.Collections.Tests/System.Runtime.CompilerServices.Unsafe/System.Runtime.CompilerServices.Unsafe.dll, AssemblyName=System.Runtime.CompilerServices.Unsafe, Version=6.0.0.0, Culture=neutral, PublicKeyToken=b03f5f7f11d50a3a'.Refreshing native plugins compatible for Editor in 3.64 ms, found 6 plugins.
ScheduleIndexationOnStartup MainProcess:True IndexOnStartup:True
Mono: successfully reloaded assembly
- Finished resetting the current domain, in  4.823 seconds
Domain Reload Profiling: 6814ms
	BeginReloadAssembly (290ms)
		ExecutionOrderSort (0ms)
		DisableScriptedObjects (24ms)
		BackupInstance (0ms)
		ReleaseScriptingObjects (0ms)
		CreateAndSetChildDomain (151ms)
	RebuildCommonClasses (28ms)
	RebuildNativeTypeToScriptingClass (11ms)
	initialDomainReloadingComplete (45ms)
	LoadAllAssembliesAndSetupDomain (1617ms)
		LoadAssemblies (438ms)
		RebuildTransferFunctionScriptingTraits (0ms)
		AnalyzeDomain (1261ms)
			TypeCache.Refresh (1162ms)
				TypeCache.ScanAssembly (1138ms)
			BuildScriptInfoCaches (85ms)
			ResolveRequiredComponents (9ms)
	FinalizeReload (4823ms)
		ReleaseScriptCaches (0ms)
		RebuildScriptCaches (0ms)
		SetupLoadedEditorAssemblies (4637ms)
			LogAssemblyErrors (0ms)
			InitializePlatformSupportModulesInManaged (30ms)
			SetLoadedEditorAssemblies (9ms)
			BeforeProcessingInitializeOnLoad (185ms)
			ProcessInitializeOnLoadAttributes (4127ms)
			ProcessInitializeOnLoadMethodAttributes (282ms)
			AfterProcessingInitializeOnLoad (4ms)
			EditorAssembliesLoaded (0ms)
		ExecutionOrderSort2 (0ms)
		AwakeInstancesAfterBackupRestoration (17ms)
Start importing Packages/com.unity.render-pipelines.core/Tests/Editor/UnifiedRayTracing/TraceRays.urtshader using Guid(1142bbad8b9e8c44c83a9775ff120d37) (ScriptedImporter)Launched and connected shader compiler UnityShaderCompiler.exe after 0.10 seconds

Compiling Ray Tracing Shader "TraceRays.urtshader", keywords = <no keywords>
    finished in 0.48 seconds. Local cache hits 1, remote cache hits 0, compiled 0 platform variants
 -> (artifact id: 'a8ea6742f6b880d9739bf23df9eb18bb') in 0.7271776 seconds
Start importing Packages/com.unity.render-pipelines.universal/Runtime/RendererFeatures/SurfaceCacheGI/SurfaceCacheCore/RisEstimation.urtshader using Guid(713f6141bd66a134383b787f2eaa7c11) (ScriptedImporter)
Compiling Ray Tracing Shader "RisEstimation.urtshader", keywords = <no keywords>
    finished in 0.01 seconds. Local cache hits 1, remote cache hits 0, compiled 0 platform variants
 -> (artifact id: '85483653542df2a9584e21311af209c0') in 0.1772068 seconds
Start importing Packages/com.unity.render-pipelines.core/Editor/Lighting/ProbeVolume/RenderingLayerMask/TraceRenderingLayerMask.urtshader using Guid(94a070d33e408384bafc1dea4a565df9) (ScriptedImporter)
Compiling Ray Tracing Shader "TraceRenderingLayerMask.urtshader", keywords = <no keywords>
    finished in 0.01 seconds. Local cache hits 1, remote cache hits 0, compiled 0 platform variants
 -> (artifact id: 'f6bb3bec601b57d177013f54cb992ef1') in 0.1150709 seconds
Start importing Packages/com.unity.render-pipelines.universal/Runtime/RendererFeatures/SurfaceCacheGI/SurfaceCacheCore/UniformEstimation.urtshader using Guid(94a39d12848d8d64ca962a72b74e7c50) (ScriptedImporter)
Compiling Ray Tracing Shader "UniformEstimation.urtshader", keywords = <no keywords>
    finished in 0.01 seconds. Local cache hits 1, remote cache hits 0, compiled 0 platform variants
 -> (artifact id: '1f0c4babd42b95190a91ecdc2fab132e') in 0.0350517 seconds
Start importing Packages/com.unity.render-pipelines.core/Tests/Editor/UnifiedRayTracing/TraceTransparentRays.urtshader using Guid(6513c3b892e933c4f8d00c19d5c47532) (ScriptedImporter)
Compiling Ray Tracing Shader "TraceTransparentRays.urtshader", keywords = <no keywords>
    finished in 0.01 seconds. Local cache hits 1, remote cache hits 0, compiled 0 platform variants
 -> (artifact id: 'd432cdd77f7a99d2ab5546ea5c7fd3a4') in 0.0283038 seconds
Start importing Packages/com.unity.render-pipelines.core/Editor/Lighting/ProbeVolume/DynamicGI/DynamicGISkyOcclusion.urtshader using Guid(5a2a534753fbdb44e96c3c78b5a6999d) (ScriptedImporter)
Compiling Ray Tracing Shader "DynamicGISkyOcclusion.urtshader", keywords = <no keywords>
    finished in 0.01 seconds. Local cache hits 1, remote cache hits 0, compiled 0 platform variants
 -> (artifact id: '0e972ffc1eaacfd3d5ff1f02b75498da') in 0.0286996 seconds
Start importing Packages/com.unity.render-pipelines.core/Tests/Editor/UnifiedRayTracing/TraceRaysAndFetchAttributes.urtshader using Guid(fbc59f55df2416344b008dc23753cae2) (ScriptedImporter)
Compiling Ray Tracing Shader "TraceRaysAndFetchAttributes.urtshader", keywords = <no keywords>
    finished in 0.01 seconds. Local cache hits 1, remote cache hits 0, compiled 0 platform variants
 -> (artifact id: '5e518210d64afcf414624668b000722c') in 0.0276873 seconds
Start importing Packages/com.unity.render-pipelines.universal/Runtime/RendererFeatures/SurfaceCacheGI/SurfaceCacheCore/RestirCandidateTemporal.urtshader using Guid(ad3a9f9982f8c4f4a839a78955e78458) (ScriptedImporter)
Compiling Ray Tracing Shader "RestirCandidateTemporal.urtshader", keywords = <no keywords>
    finished in 0.01 seconds. Local cache hits 1, remote cache hits 0, compiled 0 platform variants
 -> (artifact id: 'bb4b7d12fb6ed0039744ade1ce8b423b') in 0.0477342 seconds
Start importing Packages/com.unity.render-pipelines.core/Editor/Lighting/ProbeVolume/VirtualOffset/TraceVirtualOffset.urtshader using Guid(ff2cbab5da58bf04d82c5f34037ed123) (ScriptedImporter)
Compiling Ray Tracing Shader "TraceVirtualOffset.urtshader", keywords = <no keywords>
    finished in 0.01 seconds. Local cache hits 1, remote cache hits 0, compiled 0 platform variants
 -> (artifact id: '6c6b9fa987ce9ca680d4a29ff6a084fa') in 0.0629454 seconds
Refreshing native plugins compatible for Editor in 4.21 ms, found 6 plugins.
Preloading 1 native plugins for Editor in 0.04 ms.
Asset Pipeline Refresh (id=b66b5f67da630a84785bc615e4051453): Total: 15.364 seconds - Initiated by InitialRefreshV2(ForceSynchronousImport)
	Summary:
		Imports: total=9 (actual=9, local cache=0, cache server=0)
		Asset DB Process Time: managed=2 ms, native=7210 ms
		Asset DB Callback time: managed=1302 ms, native=113 ms
		Scripting: domain reloads=1, domain reload time=1995 ms, compile time=4666 ms, other=72 ms
		Project Asset Count: scripts=2309, non-scripts=5686
		Asset File Changes: new=0, changed=0, moved=0, deleted=0
		Scan Filter Count: 0
	InvokeCustomDependenciesCallbacks: 0.002ms
	InvokePackagesCallback: 63.235ms
	ApplyChangesToAssetFolders: 1.103ms
	Scan: 374.072ms
	OnSourceAssetsModified: 0.004ms
	CategorizeAssetsWithTransientArtifact: 335.144ms
	ProcessAssetsWithTransientArtifactChanges: 96.053ms
	CategorizeAssets: 105.296ms
	ImportOutOfDateAssets: 6126.930ms (173.492ms without children)
		ImportManagerImport: 1284.867ms (22.096ms without children)
			ImportInProcess: 1262.264ms
			UpdateCategorizedAssets: 0.506ms
		CompileScripts: 4665.873ms
		ReloadNativeAssets: 0.007ms
		UnloadImportedAssets: 0.122ms
		ReloadImportedAssets: 0.001ms
		EnsureUptoDateAssetsAreRegisteredWithGuidPM: 1.094ms
		InitializingProgressBar: 0.008ms
		PostProcessAllAssetNotificationsAddChangedAssets: 0.001ms
		OnDemandSchedulerStart: 1.466ms
	PostProcessAllAssets: 1348.128ms
	Hotreload: 6.467ms
	GatherAllCurrentPrimaryArtifactRevisions: 0.003ms
	UnloadStreamsBegin: 3.589ms
	PersistCurrentRevisions: 0.431ms
	UnloadStreamsEnd: 0.002ms
	GenerateScriptTypeHashes: 11.110ms
	Untracked: 6903.433ms

Application.AssetDatabase Initial Refresh End
Scanning for USB devices : 1.191ms
Initializing Unity extensions:
[MODES] ModeService[none].Initialize
[MODES] ModeService[none].LoadModes
[MODES] Loading mode Default (0) for mode-current-id-GraduationProject
Unloading 172 Unused Serialized files (Serialized files now loaded: 0)
Unloading 10752 unused Assets / (5.1 MB). Loaded Objects now: 11632.
Memory consumption went from 278.5 MB to 273.4 MB.
Total: 25.148200 ms (FindLiveObjects: 0.813200 ms CreateObjectMapping: 0.820900 ms MarkObjects: 19.998300 ms  DeleteObjects: 3.514500 ms)

Curl error 35: Recv failure: Connection was reset
Opening scene 'Assets/CrossTheRoad/Scenes/CrossTheRoad.unity'
LightingSettings: switching bake backend from 2 to 1.
Unloading 1 Unused Serialized files (Serialized files now loaded: 0)
Loaded scene 'Assets/CrossTheRoad/Scenes/CrossTheRoad.unity'
	Deserialize:            7.932 ms
	Integration:            749.137 ms
	Integration of assets:  0.003 ms
	Thread Wait Time:       35.969 ms
	Total Operation Time:   793.040 ms
Unloading 5 unused Assets / (6.3 KB). Loaded Objects now: 16633.
Memory consumption went from 275.5 MB to 275.5 MB.
Total: 18.567100 ms (FindLiveObjects: 0.718400 ms CreateObjectMapping: 0.475100 ms MarkObjects: 17.290300 ms  DeleteObjects: 0.082400 ms)

[AreaMultiplier] CrossTheRoad: 8 area (gốc 'CrossTheRoadArea' + 7 bản sao), bước lưới 48.3 x 48.3.
UnityEngine.Debug:ExtractStackTraceNoAlloc (byte*,int,string)
UnityEngine.StackTraceUtility:ExtractStackTrace ()
UnityEngine.DebugLogHandler:Internal_Log (UnityEngine.LogType,UnityEngine.LogOption,string,UnityEngine.Object)
UnityEngine.DebugLogHandler:LogFormat (UnityEngine.LogType,UnityEngine.Object,string,object[])
UnityEngine.Logger:Log (UnityEngine.LogType,object)
UnityEngine.Debug:Log (object)
GraduationProject.EditorTools.TrainingAreaMultiplier:Multiply (UnityEngine.GameObject,int,int,single) (at Assets/Editor/TrainingAreaMultiplier.cs:155)
GraduationProject.EditorTools.TrainingAreaMultiplier:BuildAllFromCommandLine () (at Assets/Editor/TrainingAreaMultiplier.cs:221)

(Filename: Assets/Editor/TrainingAreaMultiplier.cs Line: 155)

Start importing ProjectSettings/EditorBuildSettings.asset using Guid(0000000000000000b000000000000000) (LibraryAssetImporter) -> (artifact id: 'bd5d07e567471ca4134d040652275190') in 0.0031611 seconds
Refreshing native plugins compatible for Editor in 3.23 ms, found 6 plugins.
Preloading 1 native plugins for Editor in 0.04 ms.
Asset Pipeline Refresh (id=bed5d09e83bde9f4eaf3d8c056bc020c): Total: 0.111 seconds - Initiated by StopAssetImportingV2(NoUpdateAssetOptions)
Start importing Assets/CrossTheRoad/Scenes/CrossTheRoad.unity using Guid(009e6d5029dd34db29ff5e206b9a2ab0) (DefaultImporter) -> (artifact id: 'f6caf2b2d157b02948e711438f435104') in 0.0127427 seconds
Refreshing native plugins compatible for Editor in 3.57 ms, found 6 plugins.
Preloading 1 native plugins for Editor in 0.04 ms.
Asset Pipeline Refresh (id=11a07ad2dbed2fc46b17b9923ebe22e9): Total: 0.092 seconds - Initiated by StopAssetImportingV2(NoUpdateAssetOptions)
[AreaMultiplier] Đã lưu Assets/CrossTheRoad/Scenes/CrossTheRoad.unity với 8 area.
UnityEngine.Debug:ExtractStackTraceNoAlloc (byte*,int,string)
UnityEngine.StackTraceUtility:ExtractStackTrace ()
UnityEngine.DebugLogHandler:Internal_Log (UnityEngine.LogType,UnityEngine.LogOption,string,UnityEngine.Object)
UnityEngine.DebugLogHandler:LogFormat (UnityEngine.LogType,UnityEngine.Object,string,object[])
UnityEngine.Logger:Log (UnityEngine.LogType,object)
UnityEngine.Debug:Log (object)
GraduationProject.EditorTools.TrainingAreaMultiplier:BuildAllFromCommandLine () (at Assets/Editor/TrainingAreaMultiplier.cs:224)

(Filename: Assets/Editor/TrainingAreaMultiplier.cs Line: 224)

Opening scene 'Assets/Collaboration/Scenes/CaptureTheFlag.unity'
Unloading 27 Unused Serialized files (Serialized files now loaded: 0)
Loaded scene 'Assets/Collaboration/Scenes/CaptureTheFlag.unity'
	Deserialize:            36.748 ms
	Integration:            287.092 ms
	Integration of assets:  0.566 ms
	Thread Wait Time:       0.096 ms
	Total Operation Time:   324.502 ms
Unloading 3133 unused Assets / (15.0 MB). Loaded Objects now: 11871.
Memory consumption went from 305.6 MB to 290.6 MB.
Total: 20.628900 ms (FindLiveObjects: 0.551400 ms CreateObjectMapping: 0.474600 ms MarkObjects: 18.309500 ms  DeleteObjects: 1.292400 ms)

[AreaMultiplier] CaptureTheFlag: 8 area (gốc 'TrainingArea' + 7 bản sao), bước lưới 57.5 x 115.3.
UnityEngine.Debug:ExtractStackTraceNoAlloc (byte*,int,string)
UnityEngine.StackTraceUtility:ExtractStackTrace ()
UnityEngine.DebugLogHandler:Internal_Log (UnityEngine.LogType,UnityEngine.LogOption,string,UnityEngine.Object)
UnityEngine.DebugLogHandler:LogFormat (UnityEngine.LogType,UnityEngine.Object,string,object[])
UnityEngine.Logger:Log (UnityEngine.LogType,object)
UnityEngine.Debug:Log (object)
GraduationProject.EditorTools.TrainingAreaMultiplier:Multiply (UnityEngine.GameObject,int,int,single) (at Assets/Editor/TrainingAreaMultiplier.cs:155)
GraduationProject.EditorTools.TrainingAreaMultiplier:BuildAllFromCommandLine () (at Assets/Editor/TrainingAreaMultiplier.cs:221)

(Filename: Assets/Editor/TrainingAreaMultiplier.cs Line: 155)

Start importing Assets/Collaboration/Scenes/CaptureTheFlag.unity using Guid(49af766148bb1abff8873cd0e0c3c399) (DefaultImporter) -> (artifact id: '761cbbcc031cd323db4516f4cf6a5b0d') in 0.0247246 seconds
Refreshing native plugins compatible for Editor in 3.12 ms, found 6 plugins.
Preloading 1 native plugins for Editor in 0.04 ms.
Asset Pipeline Refresh (id=a7ea7e869931d7d4cac5d3ce18a153fb): Total: 0.105 seconds - Initiated by StopAssetImportingV2(NoUpdateAssetOptions)
[AreaMultiplier] Đã lưu Assets/Collaboration/Scenes/CaptureTheFlag.unity với 8 area.
UnityEngine.Debug:ExtractStackTraceNoAlloc (byte*,int,string)
UnityEngine.StackTraceUtility:ExtractStackTrace ()
UnityEngine.DebugLogHandler:Internal_Log (UnityEngine.LogType,UnityEngine.LogOption,string,UnityEngine.Object)
UnityEngine.DebugLogHandler:LogFormat (UnityEngine.LogType,UnityEngine.Object,string,object[])
UnityEngine.Logger:Log (UnityEngine.LogType,object)
UnityEngine.Debug:Log (object)
GraduationProject.EditorTools.TrainingAreaMultiplier:BuildAllFromCommandLine () (at Assets/Editor/TrainingAreaMultiplier.cs:224)

(Filename: Assets/Editor/TrainingAreaMultiplier.cs Line: 224)

Opening scene 'Assets/Football/Football.unity'
LightingSettings: switching bake backend from 2 to 1.
Unloading 28 Unused Serialized files (Serialized files now loaded: 0)
Loaded scene 'Assets/Football/Football.unity'
	Deserialize:            179.889 ms
	Integration:            325.042 ms
	Integration of assets:  0.078 ms
	Thread Wait Time:       0.095 ms
	Total Operation Time:   505.104 ms
Unloading 201 unused Assets / (49.9 KB). Loaded Objects now: 13024.
Memory consumption went from 265.0 MB to 265.0 MB.
Total: 21.600900 ms (FindLiveObjects: 0.612300 ms CreateObjectMapping: 0.390300 ms MarkObjects: 20.342700 ms  DeleteObjects: 0.254100 ms)

[AreaMultiplier] Football: 8 area (gốc 'Trainer' + 7 bản sao), bước lưới 1.5 x 1.9.
UnityEngine.Debug:ExtractStackTraceNoAlloc (byte*,int,string)
UnityEngine.StackTraceUtility:ExtractStackTrace ()
UnityEngine.DebugLogHandler:Internal_Log (UnityEngine.LogType,UnityEngine.LogOption,string,UnityEngine.Object)
UnityEngine.DebugLogHandler:LogFormat (UnityEngine.LogType,UnityEngine.Object,string,object[])
UnityEngine.Logger:Log (UnityEngine.LogType,object)
UnityEngine.Debug:Log (object)
GraduationProject.EditorTools.TrainingAreaMultiplier:Multiply (UnityEngine.GameObject,int,int,single) (at Assets/Editor/TrainingAreaMultiplier.cs:155)
GraduationProject.EditorTools.TrainingAreaMultiplier:BuildAllFromCommandLine () (at Assets/Editor/TrainingAreaMultiplier.cs:221)

(Filename: Assets/Editor/TrainingAreaMultiplier.cs Line: 155)

Start importing Assets/Football/Football.unity using Guid(1016d6715fe70674f8610496e146dfc4) (DefaultImporter) -> (artifact id: 'b9a8201234028ac80b7b67aa1aa3cffa') in 0.0077625 seconds
Refreshing native plugins compatible for Editor in 2.89 ms, found 6 plugins.
Preloading 1 native plugins for Editor in 0.05 ms.
Asset Pipeline Refresh (id=adfbc2d83a54cf7479ee455a71f15b4d): Total: 0.080 seconds - Initiated by StopAssetImportingV2(NoUpdateAssetOptions)
[AreaMultiplier] Đã lưu Assets/Football/Football.unity với 8 area.
UnityEngine.Debug:ExtractStackTraceNoAlloc (byte*,int,string)
UnityEngine.StackTraceUtility:ExtractStackTrace ()
UnityEngine.DebugLogHandler:Internal_Log (UnityEngine.LogType,UnityEngine.LogOption,string,UnityEngine.Object)
UnityEngine.DebugLogHandler:LogFormat (UnityEngine.LogType,UnityEngine.Object,string,object[])
UnityEngine.Logger:Log (UnityEngine.LogType,object)
UnityEngine.Debug:Log (object)
GraduationProject.EditorTools.TrainingAreaMultiplier:BuildAllFromCommandLine () (at Assets/Editor/TrainingAreaMultiplier.cs:224)

(Filename: Assets/Editor/TrainingAreaMultiplier.cs Line: 224)

Killing ADB server in 2.0668143 seconds.
[Physics::Module] Cleanup current backend.
[Physics::Module] Id: 0xf2b8ea05
Input System module state changed to: ShutdownInProgress.
Input System polling thread exited.
Input System module state changed to: Shutdown.
[Licensing::IpcConnector] LicenseClient-vanhu-6000.3.14-notifications channel disconnected successfully.
[Licensing::IpcConnector] LicenseClient-vanhu-6000.3.14 channel disconnected successfully.
AcceleratorClientConnectionCallback - disconnected - :0
Cleanup mono
Checking for leaked weakptr:
  Found no leaked weakptrs.
[Package Manager] Server process was shutdown
##utp:{"type":"MemoryLeaks","version":2,"phase":"Immediate","time":1785171329829,"processId":147300,"allocatedMemory":19501487,"memoryLabels":[{"Default":29313},{"Permanent":15236},{"NewDelete":67571},{"Thread":4230344},{"Manager":38205},{"VertexData":8},{"Geometry":816},{"Texture":160},{"Shader":81429},{"Material":24},{"GfxDevice":55865},{"Animation":392},{"Audio":3040},{"FreeType":8},{"FontEngine":736},{"Physics":2090},{"Physics2D":16},{"Serialization":272},{"Input":14984},{"JobScheduler":33024},{"TextLib":216},{"Mono":32},{"MonoCode":320},{"ScriptingNativeRuntime":155060},{"BaseObject":1620336},{"Resource":1336},{"Renderer":3000},{"Transform":4685},{"File":21479},{"WebCam":616},{"Culling":32},{"Terrain":11394},{"Wind":24},{"STL":40},{"String":20589},{"DynamicArray":127383},{"HashMap":83163},{"Utility":2660822},{"Curl":2579},{"PoolAlloc":2872},{"AI":80},{"TypeTree":5341},{"ScriptManager":512},{"RuntimeInitializeOnLoadManager":64},{"SpriteAtlas":112},{"GI":7792},{"Director":8240},{"CloudService":9360},{"WebRequest":9694},{"VR":47994},{"SceneManager":504},{"Video":64},{"LazyScriptCache":32},{"Camera":17},{"Secure":2113},{"SerializationCache":1576},{"APIUpdating":10320},{"Subsystems":336},{"VirtualTexturing":57888},{"StaticSafetyDebugInfo":278528},{"Analytics":752},{"Hierarchy":608},{"CoreStats":13032},{"Identifiers":12960},{"Gui":96},{"EditorUtility":150797},{"VersionControl":4},{"Undo":947},{"AssetDatabase":9546385},{"EditorGi":328},{"UnityConnect":29208},{"Upm":1896},{"AssetCompliance":64},{"DrivenProperties":72},{"LocalIPC":221},{"ProfilerEditor":9746},{"CoreBusinessMetrics":2877},{"Licensing":1456},{"AssetReference":32},{"IPCStream":32}]}
