\BOOKMARK [1][-]{section*.1}{\376\377\000D\000A\000N\000H\000\040\000M\036\344\000C\000\040\000T\036\352\000\040\000V\000I\036\276\000T\000\040\000T\036\256\000T}{}% 1
\BOOKMARK [1][-]{section.1}{\376\377\000M\036\336\000\040\001\020\036\246\000U}{}% 2
\BOOKMARK [2][-]{subsection.1.1}{\376\377\000L\000\375\000\040\000d\000o\000\040\000c\000h\036\315\000n\000\040\001\021\036\301\000\040\000t\000\340\000i}{section.1}% 3
\BOOKMARK [2][-]{subsection.1.2}{\376\377\000M\036\345\000c\000\040\000t\000i\000\352\000u\000\040\000n\000g\000h\000i\000\352\000n\000\040\000c\036\351\000u}{section.1}% 4
\BOOKMARK [2][-]{subsection.1.3}{\376\377\001\020\036\321\000i\000\040\000t\001\260\036\343\000n\000g\000\040\000v\000\340\000\040\000p\000h\036\241\000m\000\040\000v\000i\000\040\000n\000g\000h\000i\000\352\000n\000\040\000c\036\351\000u}{section.1}% 5
\BOOKMARK [2][-]{subsection.1.4}{\376\377\000T\036\325\000n\000g\000\040\000q\000u\000a\000n\000\040\000t\000\340\000i\000\040\000l\000i\036\307\000u\000\040\000v\000\340\000\040\000k\000h\000o\036\243\000n\000g\000\040\000t\000r\036\321\000n\000g\000\040\000n\000g\000h\000i\000\352\000n\000\040\000c\036\351\000u}{section.1}% 6
\BOOKMARK [2][-]{subsection.1.5}{\376\377\000P\000h\001\260\001\241\000n\000g\000\040\000p\000h\000\341\000p\000\040\000n\000g\000h\000i\000\352\000n\000\040\000c\036\351\000u}{section.1}% 7
\BOOKMARK [2][-]{subsection.1.6}{\376\377\000\335\000\040\000n\000g\000h\001\051\000a\000\040\000k\000h\000o\000a\000\040\000h\036\315\000c\000\040\000v\000\340\000\040\000t\000h\036\361\000c\000\040\000t\000i\036\305\000n}{section.1}% 8
\BOOKMARK [2][-]{subsection.1.7}{\376\377\000B\036\321\000\040\000c\036\345\000c\000\040\001\021\036\323\000\040\000\341\000n}{section.1}% 9
\BOOKMARK [1][-]{section.2}{\376\377\000C\001\240\000\040\000S\036\336\000\040\000L\000\335\000\040\000T\000H\000U\000Y\036\276\000T}{}% 10
\BOOKMARK [2][-]{subsection.2.1}{\376\377\000T\000r\000\355\000\040\000t\000u\036\307\000\040\000n\000h\000\342\000n\000\040\000t\036\241\000o\000\040\000t\000r\000o\000n\000g\000\040\000g\000a\000m\000e}{section.2}% 11
\BOOKMARK [3][-]{subsubsection.2.1.1}{\376\377\000A\000I\000\040\000t\000r\000u\000y\036\301\000n\000\040\000t\000h\036\321\000n\000g}{subsection.2.1}% 12
\BOOKMARK [3][-]{subsubsection.2.1.2}{\376\377\000A\000I\000\040\000h\036\315\000c\000\040\000m\000\341\000y}{subsection.2.1}% 13
\BOOKMARK [2][-]{subsection.2.2}{\376\377\000N\036\301\000n\000\040\000t\036\243\000n\000g\000\040\000R\000e\000i\000n\000f\000o\000r\000c\000e\000m\000e\000n\000t\000\040\000L\000e\000a\000r\000n\000i\000n\000g}{section.2}% 14
\BOOKMARK [3][-]{subsubsection.2.2.1}{\376\377\000C\000\341\000c\000\040\000k\000h\000\341\000i\000\040\000n\000i\036\307\000m\000\040\000c\001\241\000\040\000b\036\243\000n}{subsection.2.2}% 15
\BOOKMARK [3][-]{subsubsection.2.2.2}{\376\377\000M\000a\000r\000k\000o\000v\000\040\000D\000e\000c\000i\000s\000i\000o\000n\000\040\000P\000r\000o\000c\000e\000s\000s}{subsection.2.2}% 16
\BOOKMARK [3][-]{subsubsection.2.2.3}{\376\377\000P\000o\000l\000i\000c\000y\000\040\000v\000\340\000\040\000V\000a\000l\000u\000e\000\040\000F\000u\000n\000c\000t\000i\000o\000n}{subsection.2.2}% 17
\BOOKMARK [2][-]{subsection.2.3}{\376\377\000H\036\315\000c\000\040\000t\001\003\000n\000g\000\040\000c\001\260\036\335\000n\000g\000\040\000s\000\342\000u}{section.2}% 18
\BOOKMARK [3][-]{subsubsection.2.3.1}{\376\377\000V\000a\000i\000\040\000t\000r\000\362\000\040\000c\036\347\000a\000\040\000m\036\241\000n\000g\000\040\000N\000e\000u\000r\000a\000l\000\040\000N\000e\000t\000w\000o\000r\000k\000\040\000t\000r\000o\000n\000g\000\040\000R\000L}{subsection.2.3}% 19
\BOOKMARK [3][-]{subsubsection.2.3.2}{\376\377\000P\000h\000\342\000n\000\040\000l\000o\036\241\000i\000:\000\040\000P\000o\000l\000i\000c\000y\000-\000B\000a\000s\000e\000d\000,\000\040\000V\000a\000l\000u\000e\000-\000B\000a\000s\000e\000d\000,\000\040\000A\000c\000t\000o\000r\000-\000C\000r\000i\000t\000i\000c}{subsection.2.3}% 20
\BOOKMARK [3][-]{subsubsection.2.3.3}{\376\377\000P\000h\036\247\000n\000\040\000t\000h\001\260\036\337\000n\000g\000\040\000t\000\362\000\040\000m\000\362\000\040\000n\036\331\000i\000\040\000t\036\241\000i}{subsection.2.3}% 21
\BOOKMARK [2][-]{subsection.2.4}{\376\377\000C\000\341\000c\000\040\000t\000h\000u\036\255\000t\000\040\000t\000o\000\341\000n\000\040\000s\036\355\000\040\000d\036\345\000n\000g\000\040\000t\000r\000o\000n\000g\000\040\001\021\036\301\000\040\000t\000\340\000i}{section.2}% 22
\BOOKMARK [3][-]{subsubsection.2.4.1}{\376\377\000P\000P\000O}{subsection.2.4}% 23
\BOOKMARK [3][-]{subsubsection.2.4.2}{\376\377\000S\000A\000C}{subsection.2.4}% 24
\BOOKMARK [3][-]{subsubsection.2.4.3}{\376\377\000M\000A\000-\000P\000O\000C\000A}{subsection.2.4}% 25
\BOOKMARK [3][-]{subsubsection.2.4.4}{\376\377\000M\000A\000P\000P\000O}{subsection.2.4}% 26
\BOOKMARK [3][-]{subsubsection.2.4.5}{\376\377\000D\000Q\000N}{subsection.2.4}% 27
\BOOKMARK [3][-]{subsubsection.2.4.6}{\376\377\000T\036\325\000n\000g\000\040\000k\036\277\000t\000\040\000v\000\340\000\040\000s\000o\000\040\000s\000\341\000n\000h\000\040\000n\001\003\000m\000\040\000t\000h\000u\036\255\000t\000\040\000t\000o\000\341\000n}{subsection.2.4}% 28
\BOOKMARK [2][-]{subsection.2.5}{\376\377\000U\000n\000i\000t\000y\000\040\000M\000L\000-\000A\000g\000e\000n\000t\000s\000\040\000T\000o\000o\000l\000k\000i\000t}{section.2}% 29
\BOOKMARK [3][-]{subsubsection.2.5.1}{\376\377\000K\000i\036\277\000n\000\040\000t\000r\000\372\000c\000\040\000t\036\325\000n\000g\000\040\000t\000h\036\303}{subsection.2.5}% 30
\BOOKMARK [3][-]{subsubsection.2.5.2}{\376\377\000C\001\241\000\040\000c\000h\036\277\000\040\000V\036\255\000t\000\040\000l\000\375\000\040\000v\000\340\000\040\000T\000\355\000n\000h\000\040\000x\000\341\000c\000\040\001\021\036\313\000n\000h\000\040\000t\000r\000o\000n\000g\000\040\000U\000n\000i\000t\000y}{subsection.2.5}% 31
\BOOKMARK [3][-]{subsubsection.2.5.3}{\376\377\000H\036\307\000\040\000t\000h\036\321\000n\000g\000\040\000C\036\243\000m\000\040\000b\000i\036\277\000n\000\040\000v\000\340\000\040\000T\000i\036\301\000n\000\040\000x\036\355\000\040\000l\000\375\000\040\000q\000u\000a\000n\000\040\000s\000\341\000t}{subsection.2.5}% 32
\BOOKMARK [3][-]{subsubsection.2.5.4}{\376\377\000C\001\241\000\040\000c\000h\036\277\000\040\000H\000\340\000n\000h\000\040\000v\000i\000\040\000v\000\340\000\040\000G\000o\000m\000\040\000n\000h\000\363\000m\000\040\000q\000u\000y\036\277\000t\000\040\001\021\036\313\000n\000h}{subsection.2.5}% 33
\BOOKMARK [3][-]{subsubsection.2.5.5}{\376\377\000Q\000u\000y\000\040\000t\000r\000\354\000n\000h\000\040\000h\000u\036\245\000n\000\040\000l\000u\000y\036\307\000n\000\040\000A\000g\000e\000n\000t}{subsection.2.5}% 34
\BOOKMARK [3][-]{subsubsection.2.5.6}{\376\377\000H\036\327\000\040\000t\000r\036\343\000\040\000t\000h\000u\036\255\000t\000\040\000t\000o\000\341\000n\000\040\000v\000\340\000\040\000g\000i\036\333\000i\000\040\000h\036\241\000n\000\040\000t\000\355\000c\000h\000\040\000h\036\343\000p\000\040\000s\036\265\000n}{subsection.2.5}% 35
\BOOKMARK [1][-]{section.3}{\376\377\000T\000H\000I\036\276\000T\000\040\000K\036\276\000\040\000M\000\324\000I\000\040\000T\000R\001\257\036\334\000N\000G\000\040\000V\000\300\000\040\000P\000H\001\257\001\240\000N\000G\000\040\000P\000H\000\301\000P\000\040\000T\000H\036\360\000C\000\040\000N\000G\000H\000I\036\306\000M}{}% 36
\BOOKMARK [2][-]{subsection.3.1}{\376\377\000T\036\325\000n\000g\000\040\000q\000u\000a\000n\000\040\000t\000h\000i\036\277\000t\000\040\000k\036\277\000\040\000h\036\307\000\040\000t\000h\036\321\000n\000g}{section.3}% 37
\BOOKMARK [3][-]{subsubsection.3.1.1}{\376\377\000K\000i\036\277\000n\000\040\000t\000r\000\372\000c\000\040\000h\000u\036\245\000n\000\040\000l\000u\000y\036\307\000n\000\040\000t\036\325\000n\000g\000\040\000t\000h\036\303}{subsection.3.1}% 38
\BOOKMARK [3][-]{subsubsection.3.1.2}{\376\377\000K\000h\000\364\000n\000g\000\040\000g\000i\000a\000n\000\040\000q\000u\000a\000n\000\040\000s\000\341\000t}{subsection.3.1}% 39
\BOOKMARK [3][-]{subsubsection.3.1.3}{\376\377\000K\000h\000\364\000n\000g\000\040\000g\000i\000a\000n\000\040\000h\000\340\000n\000h\000\040\001\021\036\331\000n\000g}{subsection.3.1}% 40
\BOOKMARK [3][-]{subsubsection.3.1.4}{\376\377\000N\000g\000u\000y\000\352\000n\000\040\000t\036\257\000c\000\040\000t\000h\000i\036\277\000t\000\040\000k\036\277\000\040\000h\000\340\000m\000\040\000p\000h\036\247\000n\000\040\000t\000h\001\260\036\337\000n\000g}{subsection.3.1}% 41
\BOOKMARK [2][-]{subsection.3.2}{\376\377\000B\036\331\000\040\000m\000\364\000i\000\040\000t\000r\001\260\036\335\000n\000g\000\040\000t\000h\036\361\000c\000\040\000n\000g\000h\000i\036\307\000m}{section.3}% 42
\BOOKMARK [3][-]{subsubsection.3.2.1}{\376\377\000T\000\355\000c\000h\000\040\000h\036\343\000p\000\040\000v\036\333\000i\000\040\000U\000n\000i\000t\000y\000\040\000M\000L\000-\000A\000g\000e\000n\000t\000s}{subsection.3.2}% 43
\BOOKMARK [2][-]{subsection.3.3}{\376\377\000M\000\364\000i\000\040\000t\000r\001\260\036\335\000n\000g\000\040\000F\000o\000o\000t\000b\000a\000l\000l\000\040\000T\000a\000b\000l\000e}{section.3}% 44
\BOOKMARK [3][-]{subsubsection.3.3.1}{\376\377\000M\000\364\000\040\000t\036\243\000\040\000b\000\340\000i\000\040\000t\000o\000\341\000n}{subsection.3.3}% 45
\BOOKMARK [3][-]{subsubsection.3.3.2}{\376\377\000K\000h\000\364\000n\000g\000\040\000g\000i\000a\000n\000\040\000q\000u\000a\000n\000\040\000s\000\341\000t}{subsection.3.3}% 46
\BOOKMARK [3][-]{subsubsection.3.3.3}{\376\377\000K\000h\000\364\000n\000g\000\040\000g\000i\000a\000n\000\040\000h\000\340\000n\000h\000\040\001\021\036\331\000n\000g\000\040\000v\000\340\000\040\000c\001\241\000\040\000c\000h\036\277\000\040\001\021\000i\036\301\000u\000\040\000k\000h\000i\036\303\000n}{subsection.3.3}% 47
\BOOKMARK [3][-]{subsubsection.3.3.4}{\376\377\000H\000\340\000m\000\040\000p\000h\036\247\000n\000\040\000t\000h\001\260\036\337\000n\000g}{subsection.3.3}% 48
\BOOKMARK [3][-]{subsubsection.3.3.5}{\376\377\001\020\000i\036\301\000u\000\040\000k\000i\036\307\000n\000\040\000k\036\277\000t\000\040\000t\000h\000\372\000c\000\040\000l\001\260\036\343\000t\000\040\000c\000h\001\241\000i}{subsection.3.3}% 49
\BOOKMARK [3][-]{subsubsection.3.3.6}{\376\377\000C\036\245\000u\000\040\000h\000\354\000n\000h\000\040\000h\000u\036\245\000n\000\040\000l\000u\000y\036\307\000n}{subsection.3.3}% 50
\BOOKMARK [2][-]{subsection.3.4}{\376\377\000M\000\364\000i\000\040\000t\000r\001\260\036\335\000n\000g\000\040\000C\000a\000p\000t\000u\000r\000e\000\040\000T\000h\000e\000\040\000F\000l\000a\000g}{section.3}% 51
\BOOKMARK [3][-]{subsubsection.3.4.1}{\376\377\000M\000\364\000\040\000t\036\243\000\040\000b\000\340\000i\000\040\000t\000o\000\341\000n}{subsection.3.4}% 52
\BOOKMARK [3][-]{subsubsection.3.4.2}{\376\377\000C\036\355\000a\000\040\036\243\000i\000\040\000k\000h\036\321\000i\000\040\000v\036\255\000t\000\040\000c\036\243\000n}{subsection.3.4}% 53
\BOOKMARK [3][-]{subsubsection.3.4.3}{\376\377\000K\000h\000\364\000n\000g\000\040\000g\000i\000a\000n\000\040\000q\000u\000a\000n\000\040\000s\000\341\000t}{subsection.3.4}% 54
\BOOKMARK [3][-]{subsubsection.3.4.4}{\376\377\000K\000h\000\364\000n\000g\000\040\000g\000i\000a\000n\000\040\000h\000\340\000n\000h\000\040\001\021\036\331\000n\000g\000\040\000v\000\340\000\040\000c\001\241\000\040\000c\000h\036\277\000\040\001\021\000i\036\301\000u\000\040\000k\000h\000i\036\303\000n}{subsection.3.4}% 55
\BOOKMARK [3][-]{subsubsection.3.4.5}{\376\377\000C\001\241\000\040\000c\000h\036\277\000\040\000c\036\355\000a\000\040\000v\000\340\000\040\000p\000h\000a\000\040\000b\000\340\000n\000\040\000g\000i\000a\000o}{subsection.3.4}% 56
\BOOKMARK [3][-]{subsubsection.3.4.6}{\376\377\000H\000\340\000m\000\040\000p\000h\036\247\000n\000\040\000t\000h\001\260\036\337\000n\000g}{subsection.3.4}% 57
\BOOKMARK [3][-]{subsubsection.3.4.7}{\376\377\000Q\000u\000\341\000\040\000t\000r\000\354\000n\000h\000\040\000h\000i\036\307\000u\000\040\000c\000h\036\311\000n\000h\000\040\000h\000\340\000m\000\040\000p\000h\036\247\000n\000\040\000t\000h\001\260\036\337\000n\000g}{subsection.3.4}% 58
\BOOKMARK [3][-]{subsubsection.3.4.8}{\376\377\001\020\000i\036\301\000u\000\040\000k\000i\036\307\000n\000\040\000k\036\277\000t\000\040\000t\000h\000\372\000c\000\040\000l\001\260\036\343\000t\000\040\000c\000h\001\241\000i}{subsection.3.4}% 59
\BOOKMARK [3][-]{subsubsection.3.4.9}{\376\377\000C\036\245\000u\000\040\000h\000\354\000n\000h\000\040\000h\000u\036\245\000n\000\040\000l\000u\000y\036\307\000n\000\040\000v\000\340\000\040\000h\036\315\000c\000\040\000t\000h\000e\000o\000\040\000c\000h\001\260\001\241\000n\000g\000\040\000t\000r\000\354\000n\000h}{subsection.3.4}% 60
\BOOKMARK [2][-]{subsection.3.5}{\376\377\000M\000\364\000i\000\040\000t\000r\001\260\036\335\000n\000g\000\040\000C\000r\000o\000s\000s\000\040\000T\000h\000e\000\040\000R\000o\000a\000d}{section.3}% 61
\BOOKMARK [3][-]{subsubsection.3.5.1}{\376\377\000M\000\364\000\040\000t\036\243\000\040\000b\000\340\000i\000\040\000t\000o\000\341\000n}{subsection.3.5}% 62
\BOOKMARK [3][-]{subsubsection.3.5.2}{\376\377\000K\000h\000\364\000n\000g\000\040\000g\000i\000a\000n\000\040\000q\000u\000a\000n\000\040\000s\000\341\000t}{subsection.3.5}% 63
\BOOKMARK [3][-]{subsubsection.3.5.3}{\376\377\000K\000h\000\364\000n\000g\000\040\000g\000i\000a\000n\000\040\000h\000\340\000n\000h\000\040\001\021\036\331\000n\000g\000\040\000v\000\340\000\040\000c\001\241\000\040\000c\000h\036\277\000\040\001\021\000i\036\301\000u\000\040\000k\000h\000i\036\303\000n}{subsection.3.5}% 64
\BOOKMARK [3][-]{subsubsection.3.5.4}{\376\377\000H\000\340\000m\000\040\000p\000h\036\247\000n\000\040\000t\000h\001\260\036\337\000n\000g}{subsection.3.5}% 65
\BOOKMARK [3][-]{subsubsection.3.5.5}{\376\377\001\020\000i\036\301\000u\000\040\000k\000i\036\307\000n\000\040\000k\036\277\000t\000\040\000t\000h\000\372\000c\000\040\000l\001\260\036\343\000t\000\040\000c\000h\001\241\000i}{subsection.3.5}% 66
\BOOKMARK [3][-]{subsubsection.3.5.6}{\376\377\000C\036\245\000u\000\040\000h\000\354\000n\000h\000\040\000h\000u\036\245\000n\000\040\000l\000u\000y\036\307\000n}{subsection.3.5}% 67
\BOOKMARK [2][-]{subsection.3.6}{\376\377\000B\036\243\000n\000g\000\040\000t\036\325\000n\000g\000\040\000h\036\343\000p\000\040\001\021\036\267\000c\000\040\000t\000r\001\260\000n\000g\000\040\000b\000a\000\040\000m\000\364\000i\000\040\000t\000r\001\260\036\335\000n\000g}{section.3}% 68
\BOOKMARK [2][-]{subsection.3.7}{\376\377\000T\000r\000i\036\303\000n\000\040\000k\000h\000a\000i\000\040\000t\000h\000u\036\255\000t\000\040\000t\000o\000\341\000n\000\040\000n\000g\000o\000\340\000i\000\040\000M\000L\000-\000A\000g\000e\000n\000t\000s}{section.3}% 69
\BOOKMARK [3][-]{subsubsection.3.7.1}{\376\377\000H\000a\000i\000\040\000t\000h\000u\036\255\000t\000\040\000t\000o\000\341\000n\000\040\000k\000h\000\364\000n\000g\000\040\000c\000\363\000\040\000s\036\265\000n\000\040\000t\000r\000o\000n\000g\000\040\000M\000L\000-\000A\000g\000e\000n\000t\000s}{subsection.3.7}% 70
\BOOKMARK [3][-]{subsubsection.3.7.2}{\376\377\000B\036\325\000\040\000s\000u\000n\000g\000\040\000t\000h\000u\036\255\000t\000\040\000t\000o\000\341\000n\000\040\000b\036\261\000n\000g\000\040\000c\001\241\000\040\000c\000h\036\277\000\040\000t\000r\000a\000i\000n\000e\000r\000\040\000m\036\337\000\040\000r\036\331\000n\000g}{subsection.3.7}% 71
\BOOKMARK [3][-]{subsubsection.3.7.3}{\376\377\000K\036\277\000t\000\040\000n\036\321\000i\000\040\000t\000h\001\260\000\040\000v\000i\036\307\000n\000\040\000n\000g\000o\000\340\000i\000\040\000q\000u\000a\000\040\000P\000y\000t\000h\000o\000n\000\040\000L\000o\000w\000-\000L\000e\000v\000e\000l\000\040\000A\000P\000I}{subsection.3.7}% 72
\BOOKMARK [3][-]{subsubsection.3.7.4}{\376\377\000C\036\245\000u\000\040\000t\000r\000\372\000c\000\040\000m\000\343\000\040\000n\000g\000u\036\323\000n\000\040\000b\036\325\000\040\000s\000u\000n\000g}{subsection.3.7}% 73
\BOOKMARK [2][-]{subsection.3.8}{\376\377\000T\000h\000i\036\277\000t\000\040\000l\036\255\000p\000\040\000t\000h\036\361\000c\000\040\000n\000g\000h\000i\036\307\000m}{section.3}% 74
\BOOKMARK [3][-]{subsubsection.3.8.1}{\376\377\000C\036\245\000u\000\040\000h\000\354\000n\000h\000\040\000p\000h\036\247\000n\000\040\000c\036\351\000n\000g\000\040\000v\000\340\000\040\000p\000h\036\247\000n\000\040\000m\036\301\000m}{subsection.3.8}% 75
\BOOKMARK [3][-]{subsubsection.3.8.2}{\376\377\000T\000h\000a\000m\000\040\000s\036\321\000\040\000h\000u\036\245\000n\000\040\000l\000u\000y\036\307\000n\000\040\000t\036\353\000n\000g\000\040\000t\000h\000u\036\255\000t\000\040\000t\000o\000\341\000n}{subsection.3.8}% 76
\BOOKMARK [3][-]{subsubsection.3.8.3}{\376\377\000T\000i\000\352\000u\000\040\000c\000h\000\355\000\040\001\021\000\341\000n\000h\000\040\000g\000i\000\341}{subsection.3.8}% 77
\BOOKMARK [1][-]{section.4}{\376\377\000K\000I\036\302\000M\000\040\000C\000H\036\350\000N\000G\000\040\000M\000\324\000I\000\040\000T\000R\001\257\036\334\000N\000G\000\040\000Q\000U\000A\000\040\000T\000H\036\360\000C\000\040\000N\000G\000H\000I\036\306\000M}{}% 78
\BOOKMARK [2][-]{subsection.4.1}{\376\377\000K\036\277\000t\000\040\000q\000u\036\243\000\040\000m\000\364\000i\000\040\000t\000r\001\260\036\335\000n\000g\000\040\000F\000o\000o\000t\000b\000a\000l\000l\000\040\000T\000a\000b\000l\000e}{section.4}% 79
\BOOKMARK [2][-]{subsection.4.2}{\376\377\000K\036\277\000t\000\040\000q\000u\036\243\000\040\000m\000\364\000i\000\040\000t\000r\001\260\036\335\000n\000g\000\040\000C\000r\000o\000s\000s\000\040\000T\000h\000e\000\040\000R\000o\000a\000d}{section.4}% 80
\BOOKMARK [2][-]{subsection.4.3}{\376\377\000K\036\277\000t\000\040\000q\000u\036\243\000\040\000m\000\364\000i\000\040\000t\000r\001\260\036\335\000n\000g\000\040\000C\000a\000p\000t\000u\000r\000e\000\040\000T\000h\000e\000\040\000F\000l\000a\000g}{section.4}% 81
\BOOKMARK [2][-]{subsection.4.4}{\376\377\001\020\000\341\000n\000h\000\040\000g\000i\000\341\000\040\000t\036\325\000n\000g\000\040\000h\036\343\000p}{section.4}% 82
\BOOKMARK [3][-]{subsubsection.4.4.1}{\376\377\000S\000o\000\040\000s\000\341\000n\000h\000\040\000t\036\321\000c\000\040\001\021\036\331\000\040\000h\036\331\000i\000\040\000t\036\345}{subsection.4.4}% 83
\BOOKMARK [3][-]{subsubsection.4.4.2}{\376\377\000S\000o\000\040\000s\000\341\000n\000h\000\040\000m\036\351\000c\000\040\000n\001\003\000n\000g\000\040\000l\036\361\000c\000\040\001\021\036\241\000t\000\040\001\021\001\260\036\343\000c}{subsection.4.4}% 84
\BOOKMARK [3][-]{subsubsection.4.4.3}{\376\377\000S\000o\000\040\000s\000\341\000n\000h\000\040\001\021\036\331\000\040\036\325\000n\000\040\001\021\036\313\000n\000h}{subsection.4.4}% 85
\BOOKMARK [3][-]{subsubsection.4.4.4}{\376\377\000B\036\261\000n\000g\000\040\000c\000h\036\351\000n\000g\000\040\000t\036\353\000\040\000c\000h\036\311\000\040\000s\036\321\000\040\000h\000u\036\245\000n\000\040\000l\000u\000y\036\307\000n\000\040\000n\036\331\000i\000\040\000t\036\241\000i}{subsection.4.4}% 86
\BOOKMARK [3][-]{subsubsection.4.4.5}{\376\377\000P\000h\000\342\000n\000\040\000t\000\355\000c\000h\000\040\001\260\000u\000\040\000n\000h\001\260\036\343\000c\000\040\001\021\000i\036\303\000m\000\040\000t\036\353\000n\000g\000\040\000t\000h\000u\036\255\000t\000\040\000t\000o\000\341\000n}{subsection.4.4}% 87
\BOOKMARK [2][-]{subsection.4.5}{\376\377\000T\000h\036\243\000o\000\040\000l\000u\036\255\000n}{section.4}% 88
\BOOKMARK [3][-]{subsubsection.4.5.1}{\376\377\000K\000h\036\243\000\040\000n\001\003\000n\000g\000\040\036\351\000n\000g\000\040\000d\036\345\000n\000g\000\040\000t\000r\000o\000n\000g\000\040\000p\000h\000\341\000t\000\040\000t\000r\000i\036\303\000n\000\040\000g\000a\000m\000e}{subsection.4.5}% 89
\BOOKMARK [1][-]{section.5}{\376\377\000X\000\302\000Y\000\040\000D\036\360\000N\000G\000\040\036\350\000N\000G\000\040\000D\036\344\000N\000G\000\040\000T\000R\000\314\000N\000H\000\040\000D\000I\036\304\000N\000\040\000T\001\257\001\240\000N\000G\000\040\000T\000\301\000C}{}% 90
\BOOKMARK [2][-]{subsection.5.1}{\376\377\000M\036\345\000c\000\040\000t\000i\000\352\000u\000\040\000v\000\340\000\040\000y\000\352\000u\000\040\000c\036\247\000u\000\040\000c\000h\036\351\000c\000\040\000n\001\003\000n\000g}{section.5}% 91
\BOOKMARK [2][-]{subsection.5.2}{\376\377\000K\000i\036\277\000n\000\040\000t\000r\000\372\000c\000\040\000h\036\307\000\040\000t\000h\036\321\000n\000g}{section.5}% 92
\BOOKMARK [2][-]{subsection.5.3}{\376\377\000G\000i\000a\000o\000\040\000d\000i\036\307\000n\000\040\000m\000e\000n\000u\000\040\000v\000\340\000\040\000l\000u\036\323\000n\000g\000\040\000s\036\355\000\040\000d\036\345\000n\000g}{section.5}% 93
\BOOKMARK [2][-]{subsection.5.4}{\376\377\000N\036\241\000p\000\040\000m\000\364\000\040\000h\000\354\000n\000h\000\040\000O\000N\000N\000X\000\040\000t\036\241\000i\000\040\000t\000h\036\335\000i\000\040\000g\000i\000a\000n\000\040\000c\000h\036\241\000y}{section.5}% 94
\BOOKMARK [2][-]{subsection.5.5}{\376\377\000T\000r\036\361\000c\000\040\000q\000u\000a\000n\000\040\000h\000\363\000a\000\040\000k\036\277\000t\000\040\000q\000u\036\243\000\040\000h\000u\036\245\000n\000\040\000l\000u\000y\036\307\000n\000\040\000t\000r\000o\000n\000g\000\040\036\351\000n\000g\000\040\000d\036\345\000n\000g}{section.5}% 95
\BOOKMARK [3][-]{subsubsection.5.5.1}{\376\377\001\020\001\260\036\335\000n\000g\000\040\036\321\000n\000g\000\040\000d\036\357\000\040\000l\000i\036\307\000u\000\040\000t\036\353\000\040\000T\000e\000n\000s\000o\000r\000B\000o\000a\000r\000d\000\040\000v\000\340\000o\000\040\000g\000a\000m\000e}{subsection.5.5}% 96
\BOOKMARK [3][-]{subsubsection.5.5.2}{\376\377\000T\000a\000b\000\040\000T\000H\000\324\000N\000G\000\040\000S\036\320}{subsection.5.5}% 97
\BOOKMARK [3][-]{subsubsection.5.5.3}{\376\377\000T\000a\000b\000\040\000S\000O\000\040\000S\000\301\000N\000H}{subsection.5.5}% 98
\BOOKMARK [2][-]{subsection.5.6}{\376\377\000B\000a\000\040\000c\000h\036\277\000\040\001\021\036\331\000\040\000c\000h\001\241\000i\000\040\000t\000r\000o\000n\000g\000\040\000t\036\353\000n\000g\000\040\000m\000\364\000i\000\040\000t\000r\001\260\036\335\000n\000g}{section.5}% 99
\BOOKMARK [3][-]{subsubsection.5.6.1}{\376\377\000C\000r\000o\000s\000s\000\040\000T\000h\000e\000\040\000R\000o\000a\000d\000:\000\040\000t\000r\036\243\000i\000\040\000n\000g\000h\000i\036\307\000m\000\040\000v\000\340\000\040\000q\000u\000a\000n\000\040\000s\000\341\000t\000\040\000c\000h\000\355\000n\000h\000\040\000s\000\341\000c\000h}{subsection.5.6}% 100
\BOOKMARK [3][-]{subsubsection.5.6.2}{\376\377\000C\000a\000p\000t\000u\000r\000e\000\040\000T\000h\000e\000\040\000F\000l\000a\000g\000:\000\040\000p\000h\036\321\000i\000\040\000h\036\343\000p\000\040\000n\000g\001\260\036\335\000i\000\040\000v\000\340\000\040\000m\000\341\000y}{subsection.5.6}% 101
\BOOKMARK [3][-]{subsubsection.5.6.3}{\376\377\000F\000o\000o\000t\000b\000a\000l\000l\000\040\000T\000a\000b\000l\000e\000:\000\040\001\021\036\321\000i\000\040\001\021\036\247\000u\000\040\000n\000g\001\260\036\335\000i\000\040\000v\036\333\000i\000\040\000m\000\341\000y\000\040\000v\000\340\000\040\000m\000\341\000y\000\040\000v\036\333\000i\000\040\000m\000\341\000y}{subsection.5.6}% 102
\BOOKMARK [2][-]{subsection.5.7}{\376\377\001\020\000\363\000n\000g\000\040\000g\000\363\000i\000\040\000b\000a\000\040\000m\000\364\000i\000\040\000t\000r\001\260\036\335\000n\000g\000\040\000t\000h\000\340\000n\000h\000\040\000g\000\363\000i\000\040\000d\000\371\000n\000g\000\040\000l\036\241\000i\000\040\001\021\001\260\036\343\000c}{section.5}% 103
\BOOKMARK [3][-]{subsubsection.5.7.1}{\376\377\000C\036\245\000u\000\040\000t\000r\000\372\000c\000\040\000g\000\363\000i}{subsection.5.7}% 104
\BOOKMARK [3][-]{subsubsection.5.7.2}{\376\377\000G\036\341\000\040\000p\000h\036\345\000\040\000t\000h\000u\036\331\000c\000\040\000n\000g\001\260\036\343\000c\000\040\000t\036\353\000\040\000m\000\364\000i\000\040\000t\000r\001\260\036\335\000n\000g\000\040\000v\000\340\000o\000\040\036\351\000n\000g\000\040\000d\036\345\000n\000g}{subsection.5.7}% 105
\BOOKMARK [3][-]{subsubsection.5.7.3}{\376\377\000T\000r\000\354\000n\000h\000\040\000h\001\260\036\333\000n\000g\000\040\000d\036\253\000n\000\040\000c\000\340\000i\000\040\001\021\036\267\000t}{subsection.5.7}% 106
\BOOKMARK [3][-]{subsubsection.5.7.4}{\376\377\000D\036\361\000\040\000\341\000n\000\040\000t\036\361\000\040\000d\000\371\000n\000g\000\040\000c\000h\000\355\000n\000h\000\040\000g\000\363\000i\000\040\000c\036\347\000a\000\040\000m\000\354\000n\000h}{subsection.5.7}% 107
\BOOKMARK [2][-]{subsection.5.8}{\376\377\000C\000\341\000c\000\040\000v\036\245\000n\000\040\001\021\036\301\000\040\000k\036\371\000\040\000t\000h\000u\036\255\000t\000\040\000v\000\340\000\040\000g\000i\036\243\000i\000\040\000p\000h\000\341\000p}{section.5}% 108
\BOOKMARK [2][-]{subsection.5.9}{\376\377\000K\000i\036\303\000m\000\040\000t\000h\036\355\000\040\036\351\000n\000g\000\040\000d\036\345\000n\000g\000\040\000v\000\340\000\040\000h\036\241\000n\000\040\000c\000h\036\277}{section.5}% 109
\BOOKMARK [1][-]{section.6}{\376\377\000K\036\276\000T\000\040\000L\000U\036\254\000N}{}% 110
\BOOKMARK [2][-]{subsection.6.1}{\376\377\000K\036\277\000t\000\040\000q\000u\036\243\000\040\001\021\036\241\000t\000\040\001\021\001\260\036\343\000c}{section.6}% 111
\BOOKMARK [2][-]{subsection.6.2}{\376\377\001\020\000\363\000n\000g\000\040\000g\000\363\000p\000\040\000c\036\347\000a\000\040\001\021\036\301\000\040\000t\000\340\000i}{section.6}% 112
\BOOKMARK [2][-]{subsection.6.3}{\376\377\000H\036\241\000n\000\040\000c\000h\036\277}{section.6}% 113
\BOOKMARK [2][-]{subsection.6.4}{\376\377\000H\001\260\036\333\000n\000g\000\040\000p\000h\000\341\000t\000\040\000t\000r\000i\036\303\000n}{section.6}% 114
\BOOKMARK [1][-]{section*.48}{\376\377\000P\000H\036\344\000\040\000L\036\344\000C}{}% 115
\BOOKMARK [2][-]{section*.49}{\376\377\000P\000h\036\345\000\040\000l\036\345\000c\000\040\000A\000.\000\040\000C\036\245\000u\000\040\000h\000\354\000n\000h\000\040\000h\000u\036\245\000n\000\040\000l\000u\000y\036\307\000n\000\040\000P\000P\000O}{section*.48}% 116
\BOOKMARK [2][-]{lstnumber.3.31}{\376\377\000P\000h\036\345\000\040\000l\036\345\000c\000\040\000B\000.\000\040\000C\036\245\000u\000\040\000h\000\354\000n\000h\000\040\000h\000u\036\245\000n\000\040\000l\000u\000y\036\307\000n\000\040\000S\000A\000C}{section*.48}% 117
\BOOKMARK [2][-]{lstnumber.5.24}{\376\377\000P\000h\036\345\000\040\000l\036\345\000c\000\040\000C\000.\000\040\000C\036\245\000u\000\040\000h\000\354\000n\000h\000\040\000h\000u\036\245\000n\000\040\000l\000u\000y\036\307\000n\000\040\000M\000A\000-\000P\000O\000C\000A}{section*.48}% 118
\BOOKMARK [2][-]{lstnumber.6.29}{\376\377\000P\000h\036\345\000\040\000l\036\345\000c\000\040\000D\000.\000\040\000C\036\245\000u\000\040\000h\000\354\000n\000h\000\040\000h\000u\036\245\000n\000\040\000l\000u\000y\036\307\000n\000\040\000D\000Q\000N}{section*.48}% 119
\BOOKMARK [2][-]{lstnumber.7.33}{\376\377\000P\000h\036\345\000\040\000l\036\345\000c\000\040\000E\000.\000\040\000M\000\343\000\040\000n\000g\000u\036\323\000n\000\040\000m\000i\000n\000h\000\040\000h\036\315\000a}{section*.48}% 120
\BOOKMARK [2][-]{lstnumber.11.10}{\376\377\000P\000h\036\345\000\040\000l\036\345\000c\000\040\000F\000.\000\040\000K\036\277\000t\000\040\000q\000u\036\243\000\040\000T\000e\000n\000s\000o\000r\000B\000o\000a\000r\000d}{section*.48}% 121
